Archive member included to satisfy reference by file (symbol)

/usr/lib/gcc/arm-none-eabi/10.3.1/thumb/v6-m/nofp/libgcc.a(_dvmd_tls.o)
                              CMakeFiles/heartrate.dir/home/tina25n/pico/pico-sdk/src/rp2_common/pico_divider/divider.S.obj (__aeabi_idiv0)
/usr/lib/gcc/arm-none-eabi/10.3.1/../../../arm-none-eabi/lib/thumb/v6-m/nofp/libg.a(lib_a-atexit.o)
                              /usr/lib/gcc/arm-none-eabi/10.3.1/../../../arm-none-eabi/lib/thumb/v6-m/nofp/crt0.o (atexit)
/usr/lib/gcc/arm-none-eabi/10.3.1/../../../arm-none-eabi/lib/thumb/v6-m/nofp/libg.a(lib_a-calloc.o)
                              CMakeFiles/heartrate.dir/home/tina25n/pico/pico-sdk/src/rp2_common/pico_malloc/pico_malloc.c.obj (calloc)
/usr/lib/gcc/arm-none-eabi/10.3.1/../../../arm-none-eabi/lib/thumb/v6-m/nofp/libg.a(lib_a-callocr.o)
                              /usr/lib/gcc/arm-none-eabi/10.3.1/../../../arm-none-eabi/lib/thumb/v6-m/nofp/libg.a(lib_a-calloc.o) (_calloc_r)
/usr/lib/gcc/arm-none-eabi/10.3.1/../../../arm-none-eabi/lib/thumb/v6-m/nofp/libg.a(lib_a-fini.o)
                              /usr/lib/gcc/arm-none-eabi/10.3.1/../../../arm-none-eabi/lib/thumb/v6-m/nofp/crt0.o (__libc_fini_array)
/usr/lib/gcc/arm-none-eabi/10.3.1/../../../arm-none-eabi/lib/thumb/v6-m/nofp/libg.a(lib_a-impure.o)
                              /usr/lib/gcc/arm-none-eabi/10.3.1/../../../arm-none-eabi/lib/thumb/v6-m/nofp/libg.a(lib_a-calloc.o) (_impure_ptr)
/usr/lib/gcc/arm-none-eabi/10.3.1/../../../arm-none-eabi/lib/thumb/v6-m/nofp/libg.a(lib_a-init.o)
                              /usr/lib/gcc/arm-none-eabi/10.3.1/../../../arm-none-eabi/lib/thumb/v6-m/nofp/crt0.o (__libc_init_array)
/usr/lib/gcc/arm-none-eabi/10.3.1/../../../arm-none-eabi/lib/thumb/v6-m/nofp/libg.a(lib_a-malloc.o)
                              CMakeFiles/heartrate.dir/home/tina25n/pico/pico-sdk/src/rp2_common/pico_malloc/pico_malloc.c.obj (malloc)
/usr/lib/gcc/arm-none-eabi/10.3.1/../../../arm-none-eabi/lib/thumb/v6-m/nofp/libg.a(lib_a-mallocr.o)
                              /usr/lib/gcc/arm-none-eabi/10.3.1/../../../arm-none-eabi/lib/thumb/v6-m/nofp/libg.a(lib_a-callocr.o) (_malloc_r)
/usr/lib/gcc/arm-none-eabi/10.3.1/../../../arm-none-eabi/lib/thumb/v6-m/nofp/libg.a(lib_a-mlock.o)
                              /usr/lib/gcc/arm-none-eabi/10.3.1/../../../arm-none-eabi/lib/thumb/v6-m/nofp/libg.a(lib_a-mallocr.o) (__malloc_lock)
/usr/lib/gcc/arm-none-eabi/10.3.1/../../../arm-none-eabi/lib/thumb/v6-m/nofp/libg.a(lib_a-realloc.o)
                              CMakeFiles/heartrate.dir/home/tina25n/pico/pico-sdk/src/rp2_common/pico_malloc/pico_malloc.c.obj (realloc)
/usr/lib/gcc/arm-none-eabi/10.3.1/../../../arm-none-eabi/lib/thumb/v6-m/nofp/libg.a(lib_a-reallocr.o)
                              /usr/lib/gcc/arm-none-eabi/10.3.1/../../../arm-none-eabi/lib/thumb/v6-m/nofp/libg.a(lib_a-realloc.o) (_realloc_r)
/usr/lib/gcc/arm-none-eabi/10.3.1/../../../arm-none-eabi/lib/thumb/v6-m/nofp/libg.a(lib_a-sbrkr.o)
                              /usr/lib/gcc/arm-none-eabi/10.3.1/../../../arm-none-eabi/lib/thumb/v6-m/nofp/libg.a(lib_a-mallocr.o) (_sbrk_r)
/usr/lib/gcc/arm-none-eabi/10.3.1/../../../arm-none-eabi/lib/thumb/v6-m/nofp/libg.a(lib_a-strlen-stub.o)
                              CMakeFiles/heartrate.dir/home/tina25n/pico/pico-sdk/src/rp2_common/pico_stdio/stdio.c.obj (strlen)
/usr/lib/gcc/arm-none-eabi/10.3.1/../../../arm-none-eabi/lib/thumb/v6-m/nofp/libg.a(lib_a-__atexit.o)
                              /usr/lib/gcc/arm-none-eabi/10.3.1/../../../arm-none-eabi/lib/thumb/v6-m/nofp/libg.a(lib_a-atexit.o) (__register_exitproc)
/usr/lib/gcc/arm-none-eabi/10.3.1/../../../arm-none-eabi/lib/thumb/v6-m/nofp/libg.a(lib_a-freer.o)
                              /usr/lib/gcc/arm-none-eabi/10.3.1/../../../arm-none-eabi/lib/thumb/v6-m/nofp/libg.a(lib_a-malloc.o) (_free_r)
/usr/lib/gcc/arm-none-eabi/10.3.1/../../../arm-none-eabi/lib/thumb/v6-m/nofp/libg.a(lib_a-memmove.o)
                              /usr/lib/gcc/arm-none-eabi/10.3.1/../../../arm-none-eabi/lib/thumb/v6-m/nofp/libg.a(lib_a-reallocr.o) (memmove)
/usr/lib/gcc/arm-none-eabi/10.3.1/../../../arm-none-eabi/lib/thumb/v6-m/nofp/libg.a(lib_a-reent.o)
                              /usr/lib/gcc/arm-none-eabi/10.3.1/../../../arm-none-eabi/lib/thumb/v6-m/nofp/libg.a(lib_a-sbrkr.o) (errno)

Discarded input sections

 .text          0x0000000000000000        0x0 /usr/lib/gcc/arm-none-eabi/10.3.1/thumb/v6-m/nofp/crti.o
 .data          0x0000000000000000        0x0 /usr/lib/gcc/arm-none-eabi/10.3.1/thumb/v6-m/nofp/crti.o
 .bss           0x0000000000000000        0x0 /usr/lib/gcc/arm-none-eabi/10.3.1/thumb/v6-m/nofp/crti.o
 .data          0x0000000000000000        0x4 /usr/lib/gcc/arm-none-eabi/10.3.1/thumb/v6-m/nofp/crtbegin.o
 .rodata        0x0000000000000000       0x24 /usr/lib/gcc/arm-none-eabi/10.3.1/thumb/v6-m/nofp/crtbegin.o
 .fini_array    0x0000000000000000        0x4 /usr/lib/gcc/arm-none-eabi/10.3.1/thumb/v6-m/nofp/crtbegin.o
[...]
Memory Configuration

Name             Origin             Length             Attributes
FLASH            0x0000000010000000 0x0000000000200000 xr
RAM              0x0000000020000000 0x0000000000040000 xrw
SCRATCH_X        0x0000000020040000 0x0000000000001000 xrw
SCRATCH_Y        0x0000000020041000 0x0000000000001000 xrw
*default*        0x0000000000000000 0xffffffffffffffff

Linker script and memory map

LOAD /usr/lib/gcc/arm-none-eabi/10.3.1/thumb/v6-m/nofp/crti.o
LOAD /usr/lib/gcc/arm-none-eabi/10.3.1/thumb/v6-m/nofp/crtbegin.o
LOAD /usr/lib/gcc/arm-none-eabi/10.3.1/../../../arm-none-eabi/lib/thumb/v6-m/nofp/crt0.o

.flash_begin    0x0000000010000000        0x0
                0x0000000010000000                __flash_binary_start = .

.boot2          0x0000000010000000      0x100
                0x0000000010000000                __boot2_start__ = .
 *(.boot2)
 .boot2         0x0000000010000000      0x100 /tmp/ccVOLa0Q.o
                0x0000000010000100                __boot2_end__ = .
                0x0000000000000001                ASSERT (((__boot2_end__ - __boot2_start__) == 0x100), ERROR: Pico second stage bootloader must be 256 bytes in size)

.text           0x0000000010000100     0x4208
                0x0000000010000100                __logical_binary_start = .
 *(.vectors)
 .vectors       0x0000000010000100       0xd4 CMakeFiles/heartrate.dir/home/tina25n/pico/pico-sdk/src/rp2_common/pico_standard_link/crt0.S.obj
                0x0000000010000100                __vectors
                0x0000000010000100                __VECTOR_TABLE
                0x00000000100001c0                isr_invalid
                0x00000000100001c0                __default_isrs_start
                0x00000000100001c2                isr_nmi
                0x00000000100001c4                isr_hardfault
                0x00000000100001c6                isr_svcall
                0x00000000100001c8                isr_pendsv
                0x00000000100001ca                isr_systick
                0x00000000100001cc                isr_irq30
                0x00000000100001cc                __unhandled_user_irq
                0x00000000100001cc                isr_irq13
                0x00000000100001cc                isr_irq27
                0x00000000100001cc                isr_irq31
                0x00000000100001cc                isr_irq5
                0x00000000100001cc                isr_irq11
                0x00000000100001cc                isr_irq23
                0x00000000100001cc                isr_irq18
                0x00000000100001cc                isr_irq28
                0x00000000100001cc                isr_irq19
                0x00000000100001cc                isr_irq0
                0x00000000100001cc                isr_irq6
                0x00000000100001cc                isr_irq22
                0x00000000100001cc                isr_irq17
                0x00000000100001cc                isr_irq14
                0x00000000100001cc                isr_irq2
                0x00000000100001cc                isr_irq10
                0x00000000100001cc                isr_irq8
                0x00000000100001cc                isr_irq24
                0x00000000100001cc                isr_irq1
                0x00000000100001cc                isr_irq7
                0x00000000100001cc                isr_irq21
                0x00000000100001cc                isr_irq20
                0x00000000100001cc                isr_irq15
                0x00000000100001cc                isr_irq25
                0x00000000100001cc                isr_irq4
                0x00000000100001cc                isr_irq16
                0x00000000100001cc                isr_irq29
                0x00000000100001cc                isr_irq26
                0x00000000100001cc                __default_isrs_end
                0x00000000100001cc                isr_irq3
                0x00000000100001cc                isr_irq12
                0x00000000100001cc                isr_irq9
                0x00000000100001d2                unhandled_user_irq_num_in_r0
 *(.binary_info_header)
 .binary_info_header
                0x00000000100001d4       0x14 CMakeFiles/heartrate.dir/home/tina25n/pico/pico-sdk/src/rp2_common/pico_standard_link/crt0.S.obj
                0x00000000100001e8                __binary_info_header_end = .
 *(.reset)
 .reset         0x00000000100001e8       0xa0 CMakeFiles/heartrate.dir/home/tina25n/pico/pico-sdk/src/rp2_common/pico_standard_link/crt0.S.obj
                0x00000000100001e8                _entry_point
 .reset         0x0000000010000288       0x30 CMakeFiles/heartrate.dir/home/tina25n/pico/pico-sdk/src/rp2_common/pico_standard_link/binary_info.c.obj
 *(.init)
 .init          0x00000000100002b8        0x4 /usr/lib/gcc/arm-none-eabi/10.3.1/thumb/v6-m/nofp/crti.o
                0x00000000100002b8                _init
 *(EXCLUDE_FILE(*libm.a: *libc.a:*lib_a-mem*.o *libgcc.a:) .text*)
 .text          0x00000000100002bc       0x98 /usr/lib/gcc/arm-none-eabi/10.3.1/thumb/v6-m/nofp/crtbegin.o
 .text.main     0x0000000010000354       0x2c CMakeFiles/heartrate.dir/heartrate.c.obj
                0x0000000010000354                main
 .text.gpio_set_function
                0x0000000010000380       0x30 CMakeFiles/heartrate.dir/home/tina25n/pico/pico-sdk/src/rp2_common/hardware_gpio/gpio.c.obj
                0x0000000010000380                gpio_set_function
 .text.gpio_init
                0x00000000100003b0       0x16 CMakeFiles/heartrate.dir/home/tina25n/pico/pico-sdk/src/rp2_common/hardware_gpio/gpio.c.obj
                0x00000000100003b0                gpio_init
 *fill*         0x00000000100003c6        0x2 
 .text.running_on_fpga
                0x00000000100003c8       0x14 CMakeFiles/heartrate.dir/home/tina25n/pico/pico-sdk/src/rp2_common/pico_platform/platform.c.obj
                0x00000000100003c8                running_on_fpga
 .text.hw_claim_lock
                0x00000000100003dc       0x18 CMakeFiles/heartrate.dir/home/tina25n/pico/pico-sdk/src/rp2_common/hardware_claim/claim.c.obj
                0x00000000100003dc                hw_claim_lock
 .text.hw_claim_unlock
                0x00000000100003f4       0x14 CMakeFiles/heartrate.dir/home/tina25n/pico/pico-sdk/src/rp2_common/hardware_claim/claim.c.obj
                0x00000000100003f4                hw_claim_unlock
 .text.hw_claim_or_assert
                0x0000000010000408       0x32 CMakeFiles/heartrate.dir/home/tina25n/pico/pico-sdk/src/rp2_common/hardware_claim/claim.c.obj
                0x0000000010000408                hw_claim_or_assert
 *fill*         0x000000001000043a        0x2 
 .text.spin_locks_reset
                0x000000001000043c       0x20 CMakeFiles/heartrate.dir/home/tina25n/pico/pico-sdk/src/rp2_common/hardware_sync/sync.c.obj
                0x000000001000043c                spin_locks_reset
 .text.next_striped_spin_lock_num
                0x000000001000045c       0x1c CMakeFiles/heartrate.dir/home/tina25n/pico/pico-sdk/src/rp2_common/hardware_sync/sync.c.obj
                0x000000001000045c                next_striped_spin_lock_num
 .text.set_raw_irq_handler_and_unlock
                0x0000000010000478       0x28 CMakeFiles/heartrate.dir/home/tina25n/pico/pico-sdk/src/rp2_common/hardware_irq/irq.c.obj
 .text.make_branch
                0x00000000100004a0       0x48 CMakeFiles/heartrate.dir/home/tina25n/pico/pico-sdk/src/rp2_common/hardware_irq/irq.c.obj
 .text.insert_branch_and_link
                0x00000000100004e8       0x40 CMakeFiles/heartrate.dir/home/tina25n/pico/pico-sdk/src/rp2_common/hardware_irq/irq.c.obj
 .text.irq_is_enabled
                0x0000000010000528       0x18 CMakeFiles/heartrate.dir/home/tina25n/pico/pico-sdk/src/rp2_common/hardware_irq/irq.c.obj
                0x0000000010000528                irq_is_enabled
 .text.irq_set_mask_enabled
                0x0000000010000540       0x20 CMakeFiles/heartrate.dir/home/tina25n/pico/pico-sdk/src/rp2_common/hardware_irq/irq.c.obj
                0x0000000010000540                irq_set_mask_enabled
 .text.irq_set_enabled
                0x0000000010000560        0xe CMakeFiles/heartrate.dir/home/tina25n/pico/pico-sdk/src/rp2_common/hardware_irq/irq.c.obj
                0x0000000010000560                irq_set_enabled
 *fill*         0x000000001000056e        0x2 
 .text.irq_get_vtable_handler
                0x0000000010000570       0x10 CMakeFiles/heartrate.dir/home/tina25n/pico/pico-sdk/src/rp2_common/hardware_irq/irq.c.obj
                0x0000000010000570                irq_get_vtable_handler
 .text.irq_set_exclusive_handler
                0x0000000010000580       0x54 CMakeFiles/heartrate.dir/home/tina25n/pico/pico-sdk/src/rp2_common/hardware_irq/irq.c.obj
                0x0000000010000580                irq_set_exclusive_handler
 .text.irq_remove_handler
                0x00000000100005d4      0x1ac CMakeFiles/heartrate.dir/home/tina25n/pico/pico-sdk/src/rp2_common/hardware_irq/irq.c.obj
                0x00000000100005d4                irq_remove_handler
 .text.irq_add_tail_to_free_list
                0x0000000010000780       0xf0 CMakeFiles/heartrate.dir/home/tina25n/pico/pico-sdk/src/rp2_common/hardware_irq/irq.c.obj
                0x0000000010000780                irq_add_tail_to_free_list
 .text.irq_init_priorities
                0x0000000010000870       0x1c CMakeFiles/heartrate.dir/home/tina25n/pico/pico-sdk/src/rp2_common/hardware_irq/irq.c.obj
                0x0000000010000870                irq_init_priorities
 .text.lock_init
                0x000000001000088c       0x10 CMakeFiles/heartrate.dir/home/tina25n/pico/pico-sdk/src/common/pico_sync/lock_core.c.obj
                0x000000001000088c                lock_init
 .text.mutex_init
                0x000000001000089c       0x1a CMakeFiles/heartrate.dir/home/tina25n/pico/pico-sdk/src/common/pico_sync/mutex.c.obj
                0x000000001000089c                mutex_init
 .text.recursive_mutex_init
                0x00000000100008b6       0x1e CMakeFiles/heartrate.dir/home/tina25n/pico/pico-sdk/src/common/pico_sync/mutex.c.obj
                0x00000000100008b6                recursive_mutex_init
 .text.alarm_pool_post_alloc_init
                0x00000000100008d4       0x40 CMakeFiles/heartrate.dir/home/tina25n/pico/pico-sdk/src/common/pico_time/time.c.obj
 .text.sleep_until_callback
                0x0000000010000914       0x30 CMakeFiles/heartrate.dir/home/tina25n/pico/pico-sdk/src/common/pico_time/time.c.obj
 .text.timer_pool_entry_comparator
                0x0000000010000944       0x7c CMakeFiles/heartrate.dir/home/tina25n/pico/pico-sdk/src/common/pico_time/time.c.obj
                0x0000000010000944                timer_pool_entry_comparator
 .text.ph_add_child_node
                0x00000000100009c0       0xa4 CMakeFiles/heartrate.dir/home/tina25n/pico/pico-sdk/src/common/pico_time/time.c.obj
 .text.ph_merge_nodes
                0x0000000010000a64       0x3e CMakeFiles/heartrate.dir/home/tina25n/pico/pico-sdk/src/common/pico_time/time.c.obj
 *fill*         0x0000000010000aa2        0x2 
 .text.add_alarm_under_lock
                0x0000000010000aa4      0x174 CMakeFiles/heartrate.dir/home/tina25n/pico/pico-sdk/src/common/pico_time/time.c.obj
 .text.alarm_pool_alarm_callback
                0x0000000010000c18      0x33c CMakeFiles/heartrate.dir/home/tina25n/pico/pico-sdk/src/common/pico_time/time.c.obj
 .text.alarm_pool_init_default
                0x0000000010000f54       0x40 CMakeFiles/heartrate.dir/home/tina25n/pico/pico-sdk/src/common/pico_time/time.c.obj
                0x0000000010000f54                alarm_pool_init_default
 .text.alarm_pool_get_default
                0x0000000010000f94       0x2c CMakeFiles/heartrate.dir/home/tina25n/pico/pico-sdk/src/common/pico_time/time.c.obj
                0x0000000010000f94                alarm_pool_get_default
 .text.alarm_pool_add_alarm_at
                0x0000000010000fc0      0x168 CMakeFiles/heartrate.dir/home/tina25n/pico/pico-sdk/src/common/pico_time/time.c.obj
                0x0000000010000fc0                alarm_pool_add_alarm_at
 .text.alarm_pool_cancel_alarm
                0x0000000010001128       0xf8 CMakeFiles/heartrate.dir/home/tina25n/pico/pico-sdk/src/common/pico_time/time.c.obj
                0x0000000010001128                alarm_pool_cancel_alarm
 .text.sleep_until
                0x0000000010001220       0xfc CMakeFiles/heartrate.dir/home/tina25n/pico/pico-sdk/src/common/pico_time/time.c.obj
                0x0000000010001220                sleep_until
 .text.sleep_us
                0x000000001000131c       0x58 CMakeFiles/heartrate.dir/home/tina25n/pico/pico-sdk/src/common/pico_time/time.c.obj
                0x000000001000131c                sleep_us
 .text.sleep_ms
                0x0000000010001374       0x14 CMakeFiles/heartrate.dir/home/tina25n/pico/pico-sdk/src/common/pico_time/time.c.obj
                0x0000000010001374                sleep_ms
 .text.best_effort_wfe_or_timeout
                0x0000000010001388       0xac CMakeFiles/heartrate.dir/home/tina25n/pico/pico-sdk/src/common/pico_time/time.c.obj
                0x0000000010001388                best_effort_wfe_or_timeout
 .text.hardware_alarm_irq_handler
                0x0000000010001434       0x90 CMakeFiles/heartrate.dir/home/tina25n/pico/pico-sdk/src/rp2_common/hardware_timer/timer.c.obj
 .text.hardware_alarm_claim
                0x00000000100014c4       0x18 CMakeFiles/heartrate.dir/home/tina25n/pico/pico-sdk/src/rp2_common/hardware_timer/timer.c.obj
                0x00000000100014c4                hardware_alarm_claim
 .text.time_us_64
                0x00000000100014dc       0x18 CMakeFiles/heartrate.dir/home/tina25n/pico/pico-sdk/src/rp2_common/hardware_timer/timer.c.obj
                0x00000000100014dc                time_us_64
 .text.busy_wait_until
                0x00000000100014f4       0x28 CMakeFiles/heartrate.dir/home/tina25n/pico/pico-sdk/src/rp2_common/hardware_timer/timer.c.obj
                0x00000000100014f4                busy_wait_until
 .text.hardware_alarm_set_callback
                0x000000001000151c       0x90 CMakeFiles/heartrate.dir/home/tina25n/pico/pico-sdk/src/rp2_common/hardware_timer/timer.c.obj
                0x000000001000151c                hardware_alarm_set_callback
 .text.hardware_alarm_set_target
                0x00000000100015ac       0xe8 CMakeFiles/heartrate.dir/home/tina25n/pico/pico-sdk/src/rp2_common/hardware_timer/timer.c.obj
                0x00000000100015ac                hardware_alarm_set_target
 .text.hardware_alarm_cancel
                0x0000000010001694       0x40 CMakeFiles/heartrate.dir/home/tina25n/pico/pico-sdk/src/rp2_common/hardware_timer/timer.c.obj
                0x0000000010001694                hardware_alarm_cancel
 .text.ph_add_child_node
                0x00000000100016d4       0xa4 CMakeFiles/heartrate.dir/home/tina25n/pico/pico-sdk/src/common/pico_util/pheap.c.obj
 .text.ph_merge_nodes
                0x0000000010001778       0x3e CMakeFiles/heartrate.dir/home/tina25n/pico/pico-sdk/src/common/pico_util/pheap.c.obj
 *fill*         0x00000000100017b6        0x2 
 .text.ph_clear
                0x00000000100017b8       0x70 CMakeFiles/heartrate.dir/home/tina25n/pico/pico-sdk/src/common/pico_util/pheap.c.obj
                0x00000000100017b8                ph_clear
 .text.ph_post_alloc_init
                0x0000000010001828        0xe CMakeFiles/heartrate.dir/home/tina25n/pico/pico-sdk/src/common/pico_util/pheap.c.obj
                0x0000000010001828                ph_post_alloc_init
 *fill*         0x0000000010001836        0x2 
 .text.ph_merge_two_pass
                0x0000000010001838       0xa8 CMakeFiles/heartrate.dir/home/tina25n/pico/pico-sdk/src/common/pico_util/pheap.c.obj
                0x0000000010001838                ph_merge_two_pass
 .text.ph_remove_any_head
                0x00000000100018e0      0x128 CMakeFiles/heartrate.dir/home/tina25n/pico/pico-sdk/src/common/pico_util/pheap.c.obj
 .text.ph_remove_head
                0x0000000010001a08       0x14 CMakeFiles/heartrate.dir/home/tina25n/pico/pico-sdk/src/common/pico_util/pheap.c.obj
                0x0000000010001a08                ph_remove_head
 .text.ph_remove_and_free_node
                0x0000000010001a1c       0xf8 CMakeFiles/heartrate.dir/home/tina25n/pico/pico-sdk/src/common/pico_util/pheap.c.obj
                0x0000000010001a1c                ph_remove_and_free_node
 .text.clock_configure
                0x0000000010001b14      0x108 CMakeFiles/heartrate.dir/home/tina25n/pico/pico-sdk/src/rp2_common/hardware_clocks/clocks.c.obj
                0x0000000010001b14                clock_configure
 .text.clocks_init
                0x0000000010001c1c      0x100 CMakeFiles/heartrate.dir/home/tina25n/pico/pico-sdk/src/rp2_common/hardware_clocks/clocks.c.obj
                0x0000000010001c1c                clocks_init
 .text.pll_init
                0x0000000010001d1c      0x120 CMakeFiles/heartrate.dir/home/tina25n/pico/pico-sdk/src/rp2_common/hardware_pll/pll.c.obj
                0x0000000010001d1c                pll_init
 .text.watchdog_start_tick
                0x0000000010001e3c       0x10 CMakeFiles/heartrate.dir/home/tina25n/pico/pico-sdk/src/rp2_common/hardware_watchdog/watchdog.c.obj
                0x0000000010001e3c                watchdog_start_tick
 .text.xosc_init
                0x0000000010001e4c       0x28 CMakeFiles/heartrate.dir/home/tina25n/pico/pico-sdk/src/rp2_common/hardware_xosc/xosc.c.obj
                0x0000000010001e4c                xosc_init
 .text._exit    0x0000000010001e74        0x4 CMakeFiles/heartrate.dir/home/tina25n/pico/pico-sdk/src/rp2_common/pico_runtime/runtime.c.obj
                0x0000000010001e74                _exit
 .text.exit     0x0000000010001e78        0x6 CMakeFiles/heartrate.dir/home/tina25n/pico/pico-sdk/src/rp2_common/pico_runtime/runtime.c.obj
                0x0000000010001e78                exit
 *fill*         0x0000000010001e7e        0x2 
 .text.__assert_func
                0x0000000010001e80       0x3c CMakeFiles/heartrate.dir/home/tina25n/pico/pico-sdk/src/rp2_common/pico_runtime/runtime.c.obj
                0x0000000010001e80                __assert_func
 .text.runtime_init
                0x0000000010001ebc       0xf8 CMakeFiles/heartrate.dir/home/tina25n/pico/pico-sdk/src/rp2_common/pico_runtime/runtime.c.obj
                0x0000000010001ebc                runtime_init
 .text.panic    0x0000000010001fb4       0x30 CMakeFiles/heartrate.dir/home/tina25n/pico/pico-sdk/src/rp2_common/pico_runtime/runtime.c.obj
                0x0000000010001fb4                panic
 .text._out_null
                0x0000000010001fe4        0x2 CMakeFiles/heartrate.dir/home/tina25n/pico/pico-sdk/src/rp2_common/pico_printf/printf.c.obj
 .text._out_fct
                0x0000000010001fe6        0xe CMakeFiles/heartrate.dir/home/tina25n/pico/pico-sdk/src/rp2_common/pico_printf/printf.c.obj
 .text._atoi    0x0000000010001ff4       0x24 CMakeFiles/heartrate.dir/home/tina25n/pico/pico-sdk/src/rp2_common/pico_printf/printf.c.obj
 .text._out_rev
                0x0000000010002018       0xae CMakeFiles/heartrate.dir/home/tina25n/pico/pico-sdk/src/rp2_common/pico_printf/printf.c.obj
 .text._ntoa_format
                0x00000000100020c6      0x112 CMakeFiles/heartrate.dir/home/tina25n/pico/pico-sdk/src/rp2_common/pico_printf/printf.c.obj
 .text._ntoa_long
                0x00000000100021d8       0xbc CMakeFiles/heartrate.dir/home/tina25n/pico/pico-sdk/src/rp2_common/pico_printf/printf.c.obj
 .text._ntoa_long_long
                0x0000000010002294       0xe2 CMakeFiles/heartrate.dir/home/tina25n/pico/pico-sdk/src/rp2_common/pico_printf/printf.c.obj
 *fill*         0x0000000010002376        0x2 
 .text._etoa    0x0000000010002378      0x414 CMakeFiles/heartrate.dir/home/tina25n/pico/pico-sdk/src/rp2_common/pico_printf/printf.c.obj
 .text._ftoa    0x000000001000278c      0x354 CMakeFiles/heartrate.dir/home/tina25n/pico/pico-sdk/src/rp2_common/pico_printf/printf.c.obj
 .text._vsnprintf
                0x0000000010002ae0      0x624 CMakeFiles/heartrate.dir/home/tina25n/pico/pico-sdk/src/rp2_common/pico_printf/printf.c.obj
 .text.vfctprintf
                0x0000000010003104       0x20 CMakeFiles/heartrate.dir/home/tina25n/pico/pico-sdk/src/rp2_common/pico_printf/printf.c.obj
                0x0000000010003104                vfctprintf
 .text          0x0000000010003124       0x10 CMakeFiles/heartrate.dir/home/tina25n/pico/pico-sdk/src/rp2_common/pico_bit_ops/bit_ops_aeabi.S.obj
 .text.rom_func_lookup
                0x0000000010003134       0x10 CMakeFiles/heartrate.dir/home/tina25n/pico/pico-sdk/src/rp2_common/pico_bootrom/bootrom.c.obj
                0x0000000010003134                rom_func_lookup
 .text.rom_data_lookup
                0x0000000010003144       0x10 CMakeFiles/heartrate.dir/home/tina25n/pico/pico-sdk/src/rp2_common/pico_bootrom/bootrom.c.obj
                0x0000000010003144                rom_data_lookup
 .text.rom_funcs_lookup
                0x0000000010003154       0x36 CMakeFiles/heartrate.dir/home/tina25n/pico/pico-sdk/src/rp2_common/pico_bootrom/bootrom.c.obj
                0x0000000010003154                rom_funcs_lookup
 *fill*         0x000000001000318a        0x2 
 .text.__wrap___aeabi_idiv
                0x000000001000318c       0x50 CMakeFiles/heartrate.dir/home/tina25n/pico/pico-sdk/src/rp2_common/pico_divider/divider.S.obj
                0x000000001000318c                __wrap___aeabi_idivmod
                0x000000001000318c                divmod_s32s32
                0x000000001000318c                div_s32s32
                0x000000001000318c                __wrap___aeabi_idiv
                0x0000000010003194                divmod_s32s32_unsafe
                0x00000000100031c0                divmod_s32s32_savestate
 .text.__wrap___aeabi_uidiv
                0x00000000100031dc       0x4c CMakeFiles/heartrate.dir/home/tina25n/pico/pico-sdk/src/rp2_common/pico_divider/divider.S.obj
                0x00000000100031dc                __wrap___aeabi_uidiv
                0x00000000100031dc                __wrap___aeabi_uidivmod
                0x00000000100031dc                div_u32u32
                0x00000000100031dc                divmod_u32u32
                0x00000000100031e4                divmod_u32u32_unsafe
                0x000000001000320c                divmod_u32u32_savestate
 .text.__wrap___aeabi_ldiv
                0x0000000010003228      0x424 CMakeFiles/heartrate.dir/home/tina25n/pico/pico-sdk/src/rp2_common/pico_divider/divider.S.obj
                0x0000000010003228                div_s64s64
                0x0000000010003228                divmod_s64s64
                0x0000000010003228                __wrap___aeabi_ldivmod
                0x0000000010003258                div_u64u64
                0x0000000010003258                divmod_u64u64
                0x0000000010003258                __wrap___aeabi_uldivmod
                0x0000000010003268                divmod_u64u64_savestate
                0x0000000010003288                divmod_s64s64_unsafe
                0x0000000010003310                divmod_u64u64_unsafe
 .text.__wrap___aeabi_darithmetic
                0x000000001000364c       0x80 CMakeFiles/heartrate.dir/home/tina25n/pico/pico-sdk/src/rp2_common/pico_double/double_aeabi.S.obj
                0x000000001000364c                __wrap___aeabi_drsub
                0x0000000010003652                __wrap___aeabi_dsub
                0x0000000010003664                __wrap___aeabi_dadd
                0x0000000010003676                __wrap___aeabi_ddiv
                0x00000000100036b2                __wrap___aeabi_dmul
 .text.__wrap___aeabi_cdcmple
                0x00000000100036cc       0x6c CMakeFiles/heartrate.dir/home/tina25n/pico/pico-sdk/src/rp2_common/pico_double/double_aeabi.S.obj
                0x00000000100036cc                __wrap___aeabi_cdrcmple
                0x00000000100036dc                __wrap___aeabi_cdcmple
                0x00000000100036dc                __wrap___aeabi_cdcmpeq
 .text.__wrap___aeabi_dcmplt
                0x0000000010003738        0xc CMakeFiles/heartrate.dir/home/tina25n/pico/pico-sdk/src/rp2_common/pico_double/double_aeabi.S.obj
                0x0000000010003738                __wrap___aeabi_dcmplt
 .text.__wrap___aeabi_dcmple
                0x0000000010003744       0x10 CMakeFiles/heartrate.dir/home/tina25n/pico/pico-sdk/src/rp2_common/pico_double/double_aeabi.S.obj
                0x0000000010003744                __wrap___aeabi_dcmple
 .text.__wrap___aeabi_dcmpge
                0x0000000010003754       0x10 CMakeFiles/heartrate.dir/home/tina25n/pico/pico-sdk/src/rp2_common/pico_double/double_aeabi.S.obj
                0x0000000010003754                __wrap___aeabi_dcmpge
 .text.__wrap___aeabi_dcmpgt
                0x0000000010003764        0xa CMakeFiles/heartrate.dir/home/tina25n/pico/pico-sdk/src/rp2_common/pico_double/double_aeabi.S.obj
                0x0000000010003764                __wrap___aeabi_dcmpgt
 .text.__wrap___aeabi_dcmpun
                0x000000001000376e       0x1c CMakeFiles/heartrate.dir/home/tina25n/pico/pico-sdk/src/rp2_common/pico_double/double_aeabi.S.obj
                0x000000001000376e                __wrap___aeabi_dcmpun
 *fill*         0x000000001000378a        0x2 
 .text.__wrap___aeabi_i2d
                0x000000001000378c       0x38 CMakeFiles/heartrate.dir/home/tina25n/pico/pico-sdk/src/rp2_common/pico_double/double_aeabi.S.obj
                0x000000001000378c                __wrap___aeabi_ui2d
                0x0000000010003794                __wrap___aeabi_i2d
 .text.__wrap___aeabi_d2iz
                0x00000000100037c4       0x48 CMakeFiles/heartrate.dir/home/tina25n/pico/pico-sdk/src/rp2_common/pico_double/double_aeabi.S.obj
                0x00000000100037c4                __wrap___aeabi_d2iz
                0x00000000100037c4                double2int_z
 .text.__wrap___aeabi_d2uiz
                0x000000001000380c       0x18 CMakeFiles/heartrate.dir/home/tina25n/pico/pico-sdk/src/rp2_common/pico_double/double_aeabi.S.obj
                0x000000001000380c                double2uint
                0x000000001000380c                __wrap___aeabi_d2uiz
 .text.__aeabi_double_init
                0x0000000010003824       0xc8 CMakeFiles/heartrate.dir/home/tina25n/pico/pico-sdk/src/rp2_common/pico_double/double_init_rom.c.obj
                0x0000000010003824                __aeabi_double_init
 .text.double_table_shim_on_use_helper
                0x00000000100038ec       0x34 CMakeFiles/heartrate.dir/home/tina25n/pico/pico-sdk/src/rp2_common/pico_double/double_v1_rom_shim.S.obj
                0x00000000100038ec                double_table_shim_on_use_helper
 .text.__wrap___aeabi_dsub
                0x0000000010003920       0x10 CMakeFiles/heartrate.dir/home/tina25n/pico/pico-sdk/src/rp2_common/pico_double/double_v1_rom_shim.S.obj
                0x0000000010003920                drsub_shim
                0x0000000010003926                dsub_shim
 .text.dadd_shim
                0x0000000010003930      0x15c CMakeFiles/heartrate.dir/home/tina25n/pico/pico-sdk/src/rp2_common/pico_double/double_v1_rom_shim.S.obj
                0x0000000010003930                dadd_shim
 .text.dmul_shim
                0x0000000010003a8c      0x15c CMakeFiles/heartrate.dir/home/tina25n/pico/pico-sdk/src/rp2_common/pico_double/double_v1_rom_shim.S.obj
                0x0000000010003a8c                dmul_shim
 .text.ddiv_shim
                0x0000000010003be8      0x1b0 CMakeFiles/heartrate.dir/home/tina25n/pico/pico-sdk/src/rp2_common/pico_double/double_v1_rom_shim.S.obj
                0x0000000010003be8                ddiv_shim
 .text.double2uint_shim
                0x0000000010003d98        0xe CMakeFiles/heartrate.dir/home/tina25n/pico/pico-sdk/src/rp2_common/pico_double/double_v1_rom_shim.S.obj
                0x0000000010003d98                double2uint_shim
                0x0000000010003d9a                double2ufix_shim
 *fill*         0x0000000010003da6        0x2 
 .text.double2uint64_shim
                0x0000000010003da8       0x70 CMakeFiles/heartrate.dir/home/tina25n/pico/pico-sdk/src/rp2_common/pico_double/double_v1_rom_shim.S.obj
                0x0000000010003da8                double2uint64_shim
                0x0000000010003daa                double2ufix64_shim
                0x0000000010003dca                d2fix_a
 .text.dunpacks
                0x0000000010003e18       0x3c CMakeFiles/heartrate.dir/home/tina25n/pico/pico-sdk/src/rp2_common/pico_double/double_v1_rom_shim.S.obj
                0x0000000010003e18                dunpacks
 .text.__aeabi_lmul
                0x0000000010003e54       0x32 CMakeFiles/heartrate.dir/home/tina25n/pico/pico-sdk/src/rp2_common/pico_int64_ops/pico_int64_ops_aeabi.S.obj
                0x0000000010003e54                __wrap___aeabi_lmul
 *fill*         0x0000000010003e86        0x2 
 .text.__aeabi_float_init
                0x0000000010003e88       0xfc CMakeFiles/heartrate.dir/home/tina25n/pico/pico-sdk/src/rp2_common/pico_float/float_init_rom.c.obj
                0x0000000010003e88                __aeabi_float_init
 .text.float_table_shim_on_use_helper
                0x0000000010003f84       0x34 CMakeFiles/heartrate.dir/home/tina25n/pico/pico-sdk/src/rp2_common/pico_float/float_v1_rom_shim.S.obj
                0x0000000010003f84                float_table_shim_on_use_helper
 .text          0x0000000010003fb8       0x10 CMakeFiles/heartrate.dir/home/tina25n/pico/pico-sdk/src/rp2_common/pico_mem_ops/mem_ops_aeabi.S.obj
                0x0000000010003fb8                __aeabi_mem_init
 .text.memcpy   0x0000000010003fc8        0xc CMakeFiles/heartrate.dir/home/tina25n/pico/pico-sdk/src/rp2_common/pico_mem_ops/mem_ops_aeabi.S.obj
                0x0000000010003fc8                __wrap___aeabi_memcpy
                0x0000000010003fc8                __wrap_memcpy
 .text.stdio_out_chars_no_crlf
                0x0000000010003fd4        0xe CMakeFiles/heartrate.dir/home/tina25n/pico/pico-sdk/src/rp2_common/pico_stdio/stdio.c.obj
 *fill*         0x0000000010003fe2        0x2 
 .text.stdio_out_chars_crlf
                0x0000000010003fe4       0x80 CMakeFiles/heartrate.dir/home/tina25n/pico/pico-sdk/src/rp2_common/pico_stdio/stdio.c.obj
 .text.stdio_stack_buffer_flush
                0x0000000010004064       0x44 CMakeFiles/heartrate.dir/home/tina25n/pico/pico-sdk/src/rp2_common/pico_stdio/stdio.c.obj
 .text.stdio_buffered_printer
                0x00000000100040a8       0x20 CMakeFiles/heartrate.dir/home/tina25n/pico/pico-sdk/src/rp2_common/pico_stdio/stdio.c.obj
 .text.stdout_serialize_begin
                0x00000000100040c8       0x5c CMakeFiles/heartrate.dir/home/tina25n/pico/pico-sdk/src/rp2_common/pico_stdio/stdio.c.obj
                0x00000000100040c8                stdout_serialize_begin
 .text.stdout_serialize_end
                0x0000000010004124       0x10 CMakeFiles/heartrate.dir/home/tina25n/pico/pico-sdk/src/rp2_common/pico_stdio/stdio.c.obj
                0x0000000010004124                stdout_serialize_end
 .text.stdio_put_string
                0x0000000010004134       0x98 CMakeFiles/heartrate.dir/home/tina25n/pico/pico-sdk/src/rp2_common/pico_stdio/stdio.c.obj
 .text.stdio_flush
                0x00000000100041cc       0x20 CMakeFiles/heartrate.dir/home/tina25n/pico/pico-sdk/src/rp2_common/pico_stdio/stdio.c.obj
                0x00000000100041cc                stdio_flush
 .text.__wrap_puts
                0x00000000100041ec       0x1e CMakeFiles/heartrate.dir/home/tina25n/pico/pico-sdk/src/rp2_common/pico_stdio/stdio.c.obj
                0x00000000100041ec                __wrap_puts
 *fill*         0x000000001000420a        0x2 
 .text.__wrap_vprintf
                0x000000001000420c       0x40 CMakeFiles/heartrate.dir/home/tina25n/pico/pico-sdk/src/rp2_common/pico_stdio/stdio.c.obj
                0x000000001000420c                __wrap_vprintf
 .text.__wrap_printf
                0x000000001000424c       0x18 CMakeFiles/heartrate.dir/home/tina25n/pico/pico-sdk/src/rp2_common/pico_stdio/stdio.c.obj
                0x000000001000424c                __wrap_printf
 .text          0x0000000010004264       0x5c /usr/lib/gcc/arm-none-eabi/10.3.1/../../../arm-none-eabi/lib/thumb/v6-m/nofp/libg.a(lib_a-strlen-stub.o)
                0x0000000010004264                strlen
 *(.fini)
 .fini          0x00000000100042c0        0x4 /usr/lib/gcc/arm-none-eabi/10.3.1/thumb/v6-m/nofp/crti.o
                0x00000000100042c0                _fini
 *fill*         0x00000000100042c4        0x4 
 .fini.__stub   0x00000000100042c8       0x40 linker stubs
 *crtbegin.o(.ctors)
 *crtbegin?.o(.ctors)
 *(EXCLUDE_FILE(*crtend.o *crtend?.o) .ctors)
 *(SORT_BY_NAME(.ctors.*))
 *(.ctors)
 *crtbegin.o(.dtors)
 *crtbegin?.o(.dtors)
 *(EXCLUDE_FILE(*crtend.o *crtend?.o) .dtors)
 *(SORT_BY_NAME(.dtors.*))
 *(.dtors)
 *(.eh_frame*)
 .eh_frame      0x0000000010004308        0x0 /usr/lib/gcc/arm-none-eabi/10.3.1/thumb/v6-m/nofp/crtbegin.o
                0x0000000010004308                . = ALIGN (0x4)

.glue_7         0x0000000010004308        0x0
 .glue_7        0x0000000010004308        0x0 linker stubs

.glue_7t        0x0000000010004308        0x0
 .glue_7t       0x0000000010004308        0x0 linker stubs

.vfp11_veneer   0x0000000010004308        0x0
 .vfp11_veneer  0x0000000010004308        0x0 linker stubs

.v4_bx          0x0000000010004308        0x0
 .v4_bx         0x0000000010004308        0x0 linker stubs

.iplt           0x0000000010004308        0x0
 .iplt          0x0000000010004308        0x0 /usr/lib/gcc/arm-none-eabi/10.3.1/thumb/v6-m/nofp/crtbegin.o

.rodata         0x0000000010004308      0xf44
 *(EXCLUDE_FILE(*libm.a: *libc.a:*lib_a-mem*.o *libgcc.a:) .rodata*)
 .rodata.make_branch.str1.4
                0x0000000010004308       0x6e CMakeFiles/heartrate.dir/home/tina25n/pico/pico-sdk/src/rp2_common/hardware_irq/irq.c.obj
 *fill*         0x0000000010004376        0x2 
 .rodata.insert_branch_and_link.str1.4
                0x0000000010004378       0x10 CMakeFiles/heartrate.dir/home/tina25n/pico/pico-sdk/src/rp2_common/hardware_irq/irq.c.obj
 .rodata.irq_set_exclusive_handler.str1.4
                0x0000000010004388       0x36 CMakeFiles/heartrate.dir/home/tina25n/pico/pico-sdk/src/rp2_common/hardware_irq/irq.c.obj
 *fill*         0x00000000100043be        0x2 
 .rodata.irq_add_shared_handler.str1.4
                0x00000000100043c0       0xd9 CMakeFiles/heartrate.dir/home/tina25n/pico/pico-sdk/src/rp2_common/hardware_irq/irq.c.obj
 *fill*         0x0000000010004499        0x3 
 .rodata.irq_remove_handler.str1.4
                0x000000001000449c       0x3a CMakeFiles/heartrate.dir/home/tina25n/pico/pico-sdk/src/rp2_common/hardware_irq/irq.c.obj
 *fill*         0x00000000100044d6        0x2 
 .rodata.irq_add_tail_to_free_list.str1.4
                0x00000000100044d8       0x3a CMakeFiles/heartrate.dir/home/tina25n/pico/pico-sdk/src/rp2_common/hardware_irq/irq.c.obj
 *fill*         0x0000000010004512        0x2 
 .rodata.__func__.0
                0x0000000010004514       0x1a CMakeFiles/heartrate.dir/home/tina25n/pico/pico-sdk/src/rp2_common/hardware_irq/irq.c.obj
 *fill*         0x000000001000452e        0x2 
 .rodata.__func__.1
                0x0000000010004530       0x17 CMakeFiles/heartrate.dir/home/tina25n/pico/pico-sdk/src/rp2_common/hardware_irq/irq.c.obj
 *fill*         0x0000000010004547        0x1 
 .rodata.__func__.2
                0x0000000010004548       0x13 CMakeFiles/heartrate.dir/home/tina25n/pico/pico-sdk/src/rp2_common/hardware_irq/irq.c.obj
 *fill*         0x000000001000455b        0x1 
 .rodata.__func__.3
                0x000000001000455c        0xc CMakeFiles/heartrate.dir/home/tina25n/pico/pico-sdk/src/rp2_common/hardware_irq/irq.c.obj
 .rodata.__func__.4
                0x0000000010004568        0xf CMakeFiles/heartrate.dir/home/tina25n/pico/pico-sdk/src/rp2_common/hardware_irq/irq.c.obj
 *fill*         0x0000000010004577        0x1 
 .rodata.__func__.6
                0x0000000010004578       0x1a CMakeFiles/heartrate.dir/home/tina25n/pico/pico-sdk/src/rp2_common/hardware_irq/irq.c.obj
 *fill*         0x0000000010004592        0x2 
 .rodata.str1.4
                0x0000000010004594       0xf1 CMakeFiles/heartrate.dir/home/tina25n/pico/pico-sdk/src/common/pico_sync/mutex.c.obj
 *fill*         0x0000000010004685        0x3 
 .rodata.__func__.1
                0x0000000010004688        0xb CMakeFiles/heartrate.dir/home/tina25n/pico/pico-sdk/src/common/pico_sync/mutex.c.obj
 *fill*         0x0000000010004693        0x1 
 .rodata.__func__.3
                0x0000000010004694       0x18 CMakeFiles/heartrate.dir/home/tina25n/pico/pico-sdk/src/common/pico_sync/mutex.c.obj
 .rodata.repeating_timer_callback.str1.4
                0x00000000100046ac       0x4c CMakeFiles/heartrate.dir/home/tina25n/pico/pico-sdk/src/common/pico_time/time.c.obj
 .rodata.timer_pool_entry_comparator.str1.4
                0x00000000100046f8       0x22 CMakeFiles/heartrate.dir/home/tina25n/pico/pico-sdk/src/common/pico_time/time.c.obj
 *fill*         0x000000001000471a        0x2 
 .rodata.ph_add_child_node.str1.4
                0x000000001000471c       0x96 CMakeFiles/heartrate.dir/home/tina25n/pico/pico-sdk/src/common/pico_time/time.c.obj
 *fill*         0x00000000100047b2        0x2 
 .rodata.add_alarm_under_lock.str1.4
                0x00000000100047b4       0x28 CMakeFiles/heartrate.dir/home/tina25n/pico/pico-sdk/src/common/pico_time/time.c.obj
                                         0x2b (size before relaxing)
 .rodata.alarm_pool_alarm_callback.str1.4
                0x00000000100047dc       0x98 CMakeFiles/heartrate.dir/home/tina25n/pico/pico-sdk/src/common/pico_time/time.c.obj
                                         0xfc (size before relaxing)
 .rodata.alarm_pool_get_default.str1.4
                0x0000000010004874       0x21 CMakeFiles/heartrate.dir/home/tina25n/pico/pico-sdk/src/common/pico_time/time.c.obj
 *fill*         0x0000000010004895        0x3 
 .rodata.alarm_pool_cancel_alarm.str1.4
                0x0000000010004898       0x27 CMakeFiles/heartrate.dir/home/tina25n/pico/pico-sdk/src/common/pico_time/time.c.obj
 *fill*         0x00000000100048bf        0x1 
 .rodata.sleep_until.str1.4
                0x00000000100048c0       0x4d CMakeFiles/heartrate.dir/home/tina25n/pico/pico-sdk/src/common/pico_time/time.c.obj
 *fill*         0x000000001000490d        0x3 
 .rodata.__func__.1
                0x0000000010004910       0x18 CMakeFiles/heartrate.dir/home/tina25n/pico/pico-sdk/src/common/pico_time/time.c.obj
 .rodata.__func__.10
                0x0000000010004928       0x15 CMakeFiles/heartrate.dir/home/tina25n/pico/pico-sdk/src/common/pico_time/time.c.obj
 *fill*         0x000000001000493d        0x3 
 .rodata.__func__.11
                0x0000000010004940       0x1a CMakeFiles/heartrate.dir/home/tina25n/pico/pico-sdk/src/common/pico_time/time.c.obj
 *fill*         0x000000001000495a        0x2 
 .rodata.__func__.12
                0x000000001000495c        0xa CMakeFiles/heartrate.dir/home/tina25n/pico/pico-sdk/src/common/pico_time/time.c.obj
 *fill*         0x0000000010004966        0x2 
 .rodata.__func__.3
                0x0000000010004968       0x17 CMakeFiles/heartrate.dir/home/tina25n/pico/pico-sdk/src/common/pico_time/time.c.obj
 *fill*         0x000000001000497f        0x1 
 .rodata.__func__.4
                0x0000000010004980       0x12 CMakeFiles/heartrate.dir/home/tina25n/pico/pico-sdk/src/common/pico_time/time.c.obj
 *fill*         0x0000000010004992        0x2 
 .rodata.__func__.5
                0x0000000010004994        0xd CMakeFiles/heartrate.dir/home/tina25n/pico/pico-sdk/src/common/pico_time/time.c.obj
 *fill*         0x00000000100049a1        0x3 
 .rodata.__func__.6
                0x00000000100049a4       0x12 CMakeFiles/heartrate.dir/home/tina25n/pico/pico-sdk/src/common/pico_time/time.c.obj
 *fill*         0x00000000100049b6        0x2 
 .rodata.__func__.7
                0x00000000100049b8        0xf CMakeFiles/heartrate.dir/home/tina25n/pico/pico-sdk/src/common/pico_time/time.c.obj
 *fill*         0x00000000100049c7        0x1 
 .rodata.__func__.8
                0x00000000100049c8        0xc CMakeFiles/heartrate.dir/home/tina25n/pico/pico-sdk/src/common/pico_time/time.c.obj
 .rodata.__func__.9
                0x00000000100049d4       0x15 CMakeFiles/heartrate.dir/home/tina25n/pico/pico-sdk/src/common/pico_time/time.c.obj
 *fill*         0x00000000100049e9        0x3 
 .rodata.hardware_alarm_claim.str1.4
                0x00000000100049ec       0x22 CMakeFiles/heartrate.dir/home/tina25n/pico/pico-sdk/src/rp2_common/hardware_timer/timer.c.obj
 *fill*         0x0000000010004a0e        0x2 
 .rodata.hardware_alarm_set_target.str1.4
                0x0000000010004a10       0x66 CMakeFiles/heartrate.dir/home/tina25n/pico/pico-sdk/src/rp2_common/hardware_timer/timer.c.obj
 *fill*         0x0000000010004a76        0x2 
 .rodata.__func__.0
                0x0000000010004a78       0x1a CMakeFiles/heartrate.dir/home/tina25n/pico/pico-sdk/src/rp2_common/hardware_timer/timer.c.obj
 .rodata.ph_add_child_node.str1.4
                0x0000000010004a92       0x96 CMakeFiles/heartrate.dir/home/tina25n/pico/pico-sdk/src/common/pico_util/pheap.c.obj
 *fill*         0x0000000010004a92        0x2 
 .rodata.ph_remove_any_head.str1.4
                0x0000000010004a94       0x90 CMakeFiles/heartrate.dir/home/tina25n/pico/pico-sdk/src/common/pico_util/pheap.c.obj
                                         0xa4 (size before relaxing)
 .rodata.ph_remove_and_free_node.str1.4
                0x0000000010004b24       0x1e CMakeFiles/heartrate.dir/home/tina25n/pico/pico-sdk/src/common/pico_util/pheap.c.obj
                                         0x26 (size before relaxing)
 *fill*         0x0000000010004b42        0x2 
 .rodata.__func__.0
                0x0000000010004b44       0x18 CMakeFiles/heartrate.dir/home/tina25n/pico/pico-sdk/src/common/pico_util/pheap.c.obj
 .rodata.__func__.1
                0x0000000010004b5c       0x13 CMakeFiles/heartrate.dir/home/tina25n/pico/pico-sdk/src/common/pico_util/pheap.c.obj
 *fill*         0x0000000010004b6f        0x1 
 .rodata.__func__.2
                0x0000000010004b70       0x12 CMakeFiles/heartrate.dir/home/tina25n/pico/pico-sdk/src/common/pico_util/pheap.c.obj
 *fill*         0x0000000010004b82        0x2 
 .rodata.__func__.3
                0x0000000010004b84        0xc CMakeFiles/heartrate.dir/home/tina25n/pico/pico-sdk/src/common/pico_util/pheap.c.obj
 .rodata.clock_configure.str1.4
                0x0000000010004b90       0x58 CMakeFiles/heartrate.dir/home/tina25n/pico/pico-sdk/src/rp2_common/hardware_clocks/clocks.c.obj
 .rodata.__func__.1
                0x0000000010004be8       0x10 CMakeFiles/heartrate.dir/home/tina25n/pico/pico-sdk/src/rp2_common/hardware_clocks/clocks.c.obj
 .rodata.pll_init.str1.4
                0x0000000010004bf8      0x124 CMakeFiles/heartrate.dir/home/tina25n/pico/pico-sdk/src/rp2_common/hardware_pll/pll.c.obj
 .rodata.__func__.0
                0x0000000010004d1c        0x9 CMakeFiles/heartrate.dir/home/tina25n/pico/pico-sdk/src/rp2_common/hardware_pll/pll.c.obj
 *fill*         0x0000000010004d25        0x3 
 .rodata.__assert_func.str1.4
                0x0000000010004d28       0x3f CMakeFiles/heartrate.dir/home/tina25n/pico/pico-sdk/src/rp2_common/pico_runtime/runtime.c.obj
                                         0x43 (size before relaxing)
 *fill*         0x0000000010004d67        0x1 
 .rodata.runtime_init.str1.4
                0x0000000010004d68       0x62 CMakeFiles/heartrate.dir/home/tina25n/pico/pico-sdk/src/rp2_common/pico_runtime/runtime.c.obj
 *fill*         0x0000000010004dca        0x2 
 .rodata.panic.str1.4
                0x0000000010004dcc       0x12 CMakeFiles/heartrate.dir/home/tina25n/pico/pico-sdk/src/rp2_common/pico_runtime/runtime.c.obj
 *fill*         0x0000000010004dde        0x2 
 .rodata.__func__.2
                0x0000000010004de0        0xd CMakeFiles/heartrate.dir/home/tina25n/pico/pico-sdk/src/rp2_common/pico_runtime/runtime.c.obj
 *fill*         0x0000000010004ded        0x3 
 .rodata._ftoa.str1.4
                0x0000000010004df0       0x15 CMakeFiles/heartrate.dir/home/tina25n/pico/pico-sdk/src/rp2_common/pico_printf/printf.c.obj
 *fill*         0x0000000010004e05        0x3 
 .rodata._vsnprintf
                0x0000000010004e08      0x1e0 CMakeFiles/heartrate.dir/home/tina25n/pico/pico-sdk/src/rp2_common/pico_printf/printf.c.obj
 .rodata.pow10.0
                0x0000000010004fe8       0x50 CMakeFiles/heartrate.dir/home/tina25n/pico/pico-sdk/src/rp2_common/pico_printf/printf.c.obj
 .rodata.__aeabi_double_init.str1.4
                0x0000000010005038       0x9d CMakeFiles/heartrate.dir/home/tina25n/pico/pico-sdk/src/rp2_common/pico_double/double_init_rom.c.obj
 *fill*         0x00000000100050d5        0x3 
 .rodata.__func__.0
                0x00000000100050d8       0x14 CMakeFiles/heartrate.dir/home/tina25n/pico/pico-sdk/src/rp2_common/pico_double/double_init_rom.c.obj
 .rodata.__aeabi_float_init.str1.4
                0x00000000100050ec       0x7b CMakeFiles/heartrate.dir/home/tina25n/pico/pico-sdk/src/rp2_common/pico_float/float_init_rom.c.obj
                                         0x7f (size before relaxing)
 *fill*         0x0000000010005167        0x1 
 .rodata.__func__.0
                0x0000000010005168       0x13 CMakeFiles/heartrate.dir/home/tina25n/pico/pico-sdk/src/rp2_common/pico_float/float_init_rom.c.obj
 *fill*         0x000000001000517b        0x1 
 .rodata.str1.4
                0x000000001000517c       0x84 CMakeFiles/heartrate.dir/home/tina25n/pico/pico-sdk/src/rp2_common/pico_standard_link/binary_info.c.obj
 .rodata.__bi_44
                0x0000000010005200        0xc CMakeFiles/heartrate.dir/home/tina25n/pico/pico-sdk/src/rp2_common/pico_standard_link/binary_info.c.obj
 .rodata.__bi_69
                0x000000001000520c        0xc CMakeFiles/heartrate.dir/home/tina25n/pico/pico-sdk/src/rp2_common/pico_standard_link/binary_info.c.obj
 .rodata.__bi_75
                0x0000000010005218        0xc CMakeFiles/heartrate.dir/home/tina25n/pico/pico-sdk/src/rp2_common/pico_standard_link/binary_info.c.obj
 .rodata.__bi_81
                0x0000000010005224        0xc CMakeFiles/heartrate.dir/home/tina25n/pico/pico-sdk/src/rp2_common/pico_standard_link/binary_info.c.obj
 .rodata.stdout_serialize_begin.str1.4
                0x0000000010005230       0x62 CMakeFiles/heartrate.dir/home/tina25n/pico/pico-sdk/src/rp2_common/pico_stdio/stdio.c.obj
 .rodata.__func__.3
                0x0000000010005230       0x15 CMakeFiles/heartrate.dir/home/tina25n/pico/pico-sdk/src/rp2_common/pico_stdio/stdio.c.obj
 *fill*         0x0000000010005245        0x3 
 .rodata.crlf_str.2
                0x0000000010005248        0x2 CMakeFiles/heartrate.dir/home/tina25n/pico/pico-sdk/src/rp2_common/pico_stdio/stdio.c.obj
                0x000000001000524c                . = ALIGN (0x4)
 *fill*         0x000000001000524a        0x2 
 *(SORT_BY_ALIGNMENT(SORT_BY_NAME(.flashdata*)))
                0x000000001000524c                . = ALIGN (0x4)

.ARM.extab
 *(.ARM.extab* .gnu.linkonce.armextab.*)
                0x000000001000524c                __exidx_start = .

.ARM.exidx
 *(.ARM.exidx* .gnu.linkonce.armexidx.*)
                0x000000001000524c                __exidx_end = .
                0x000000001000524c                . = ALIGN (0x4)
                0x000000001000524c                __binary_info_start = .

.binary_info    0x000000001000524c       0x20
 *(.binary_info.keep.*)
 .binary_info.keep.__bi_ptr22
                0x000000001000524c        0x4 CMakeFiles/heartrate.dir/home/tina25n/pico/pico-sdk/src/rp2_common/pico_standard_link/binary_info.c.obj
 .binary_info.keep.__bi_ptr30
                0x0000000010005250        0x4 CMakeFiles/heartrate.dir/home/tina25n/pico/pico-sdk/src/rp2_common/pico_standard_link/binary_info.c.obj
 .binary_info.keep.__bi_ptr38
                0x0000000010005254        0x4 CMakeFiles/heartrate.dir/home/tina25n/pico/pico-sdk/src/rp2_common/pico_standard_link/binary_info.c.obj
 .binary_info.keep.__bi_ptr44
                0x0000000010005258        0x4 CMakeFiles/heartrate.dir/home/tina25n/pico/pico-sdk/src/rp2_common/pico_standard_link/binary_info.c.obj
 .binary_info.keep.__bi_ptr50
                0x000000001000525c        0x4 CMakeFiles/heartrate.dir/home/tina25n/pico/pico-sdk/src/rp2_common/pico_standard_link/binary_info.c.obj
 .binary_info.keep.__bi_ptr69
                0x0000000010005260        0x4 CMakeFiles/heartrate.dir/home/tina25n/pico/pico-sdk/src/rp2_common/pico_standard_link/binary_info.c.obj
 .binary_info.keep.__bi_ptr75
                0x0000000010005264        0x4 CMakeFiles/heartrate.dir/home/tina25n/pico/pico-sdk/src/rp2_common/pico_standard_link/binary_info.c.obj
 .binary_info.keep.__bi_ptr81
                0x0000000010005268        0x4 CMakeFiles/heartrate.dir/home/tina25n/pico/pico-sdk/src/rp2_common/pico_standard_link/binary_info.c.obj
 *(.binary_info.*)
                0x000000001000526c                __binary_info_end = .

.rel.dyn        0x000000001000526c        0x0
 .rel.iplt      0x000000001000526c        0x0 /usr/lib/gcc/arm-none-eabi/10.3.1/thumb/v6-m/nofp/crtbegin.o
                0x000000001000526c                . = ALIGN (0x4)

.ram_vector_table
                0x0000000020000000       0xc0
 *(.ram_vector_table)
 .ram_vector_table
                0x0000000020000000       0xc0 CMakeFiles/heartrate.dir/home/tina25n/pico/pico-sdk/src/rp2_common/pico_runtime/runtime.c.obj
                0x0000000020000000                ram_vector_table

.data           0x00000000200000c0      0x22c load address 0x000000001000526c
                0x00000000200000c0                __data_start__ = .
 *(vtable)
 *(.time_critical*)
 .time_critical.mutex_try_enter
                0x00000000200000c0       0x46 CMakeFiles/heartrate.dir/home/tina25n/pico/pico-sdk/src/common/pico_sync/mutex.c.obj
                0x00000000200000c0                mutex_try_enter
 *fill*         0x0000000020000106        0x2 
 .time_critical.mutex_enter_block_until
                0x0000000020000108       0x8c CMakeFiles/heartrate.dir/home/tina25n/pico/pico-sdk/src/common/pico_sync/mutex.c.obj
                0x0000000020000108                mutex_enter_block_until
 .time_critical.mutex_try_enter_block_until
                0x0000000020000194       0x34 CMakeFiles/heartrate.dir/home/tina25n/pico/pico-sdk/src/common/pico_sync/mutex.c.obj
                0x0000000020000194                mutex_try_enter_block_until
 .time_critical.mutex_exit
                0x00000000200001c8       0x4c CMakeFiles/heartrate.dir/home/tina25n/pico/pico-sdk/src/common/pico_sync/mutex.c.obj
                0x00000000200001c8                mutex_exit
 *(.text*)
 .text          0x0000000020000214        0x4 /usr/lib/gcc/arm-none-eabi/10.3.1/thumb/v6-m/nofp/libgcc.a(_dvmd_tls.o)
                0x0000000020000214                __aeabi_ldiv0
                0x0000000020000214                __aeabi_idiv0
 .text.__stub   0x0000000020000218       0x20 linker stubs
                0x0000000020000238                . = ALIGN (0x4)
 *(.rodata*)
                0x0000000020000238                . = ALIGN (0x4)
 *(.data*)
 .data.striped_spin_lock_num
                0x0000000020000238        0x1 CMakeFiles/heartrate.dir/home/tina25n/pico/pico-sdk/src/rp2_common/hardware_sync/sync.c.obj
 *fill*         0x0000000020000239        0x3 
 .data          0x000000002000023c       0x48 CMakeFiles/heartrate.dir/home/tina25n/pico/pico-sdk/src/rp2_common/hardware_irq/irq_handler_chain.S.obj
                0x000000002000023c                irq_handler_chain_slots
                0x000000002000026c                irq_handler_chain_first_slot
                0x0000000020000276                irq_handler_chain_remove_tail
 .data.default_alarm_pool
                0x0000000020000284       0x18 CMakeFiles/heartrate.dir/home/tina25n/pico/pico-sdk/src/common/pico_time/time.c.obj
 .data.default_alarm_pool_heap
                0x000000002000029c       0x10 CMakeFiles/heartrate.dir/home/tina25n/pico/pico-sdk/src/common/pico_time/time.c.obj
 *fill*         0x00000000200002ac        0x4 
 .data.aeabi_bits_funcs
                0x00000000200002b0       0x10 CMakeFiles/heartrate.dir/home/tina25n/pico/pico-sdk/src/rp2_common/pico_bit_ops/bit_ops_aeabi.S.obj
                0x00000000200002b0                aeabi_bits_funcs
                0x00000000200002c0                aeabi_bits_funcs_end
 .data.aeabi_mem_funcs
                0x00000000200002c0       0x10 CMakeFiles/heartrate.dir/home/tina25n/pico/pico-sdk/src/rp2_common/pico_mem_ops/mem_ops_aeabi.S.obj
                0x00000000200002c0                aeabi_mem_funcs
                0x00000000200002d0                aeabi_mem_funcs_end
                0x00000000200002d0                . = ALIGN (0x4)
 *(.after_data.*)
                0x00000000200002d0                . = ALIGN (0x4)
                0x00000000200002d0                PROVIDE (__mutex_array_start = .)
 *(SORT_BY_NAME(.mutex_array.*))
 *(.mutex_array)
 .mutex_array   0x00000000200002d0        0x8 CMakeFiles/heartrate.dir/home/tina25n/pico/pico-sdk/src/rp2_common/pico_stdio/stdio.c.obj
                0x00000000200002d8                PROVIDE (__mutex_array_end = .)
                0x00000000200002d8                . = ALIGN (0x4)
                0x00000000200002d8                PROVIDE (__preinit_array_start = .)
 *(SORT_BY_NAME(.preinit_array.*))
 .preinit_array.00001
                0x00000000200002d8        0x4 CMakeFiles/heartrate.dir/home/tina25n/pico/pico-sdk/src/rp2_common/pico_mem_ops/mem_ops_aeabi.S.obj
 .preinit_array.00010
                0x00000000200002dc        0x4 CMakeFiles/heartrate.dir/home/tina25n/pico/pico-sdk/src/rp2_common/pico_bit_ops/bit_ops_aeabi.S.obj
 .preinit_array.00020
                0x00000000200002e0        0x4 CMakeFiles/heartrate.dir/home/tina25n/pico/pico-sdk/src/rp2_common/pico_double/double_aeabi.S.obj
 .preinit_array.00020
                0x00000000200002e4        0x4 CMakeFiles/heartrate.dir/home/tina25n/pico/pico-sdk/src/rp2_common/pico_float/float_aeabi.S.obj
 *(.preinit_array)
                0x00000000200002e8                PROVIDE (__preinit_array_end = .)
                0x00000000200002e8                . = ALIGN (0x4)
                0x00000000200002e8                PROVIDE (__init_array_start = .)
 *(SORT_BY_NAME(.init_array.*))
 *(.init_array)
 .init_array    0x00000000200002e8        0x4 /usr/lib/gcc/arm-none-eabi/10.3.1/thumb/v6-m/nofp/crtbegin.o
                0x00000000200002ec                PROVIDE (__init_array_end = .)
                0x00000000200002ec                . = ALIGN (0x4)
                0x00000000200002ec                PROVIDE (__fini_array_start = .)
 *(SORT_BY_NAME(.fini_array.*))
 *(.fini_array)
                0x00000000200002ec                PROVIDE (__fini_array_end = .)
 *(.jcr)
                0x00000000200002ec                . = ALIGN (0x4)
                0x00000000200002ec                __data_end__ = .
                0x000000001000526c                __etext = LOADADDR (.data)

.tm_clone_table
                0x00000000200002ec        0x0 load address 0x0000000010005498
 .tm_clone_table
                0x00000000200002ec        0x0 /usr/lib/gcc/arm-none-eabi/10.3.1/thumb/v6-m/nofp/crtbegin.o
 .tm_clone_table
                0x00000000200002ec        0x0 /usr/lib/gcc/arm-none-eabi/10.3.1/thumb/v6-m/nofp/crtend.o

.igot.plt       0x00000000200002ec        0x0 load address 0x0000000010005498
 .igot.plt      0x00000000200002ec        0x0 /usr/lib/gcc/arm-none-eabi/10.3.1/thumb/v6-m/nofp/crtbegin.o

.uninitialized_data
                0x00000000200002ec        0x0 load address 0x0000000010005498
                0x00000000200002ec                . = ALIGN (0x4)
 *(.uninitialized_data*)

.scratch_x      0x0000000020040000        0x0 load address 0x0000000010005498
                0x0000000020040000                __scratch_x_start__ = .
 *(.scratch_x.*)
                0x0000000020040000                . = ALIGN (0x4)
                0x0000000020040000                __scratch_x_end__ = .
                0x0000000010005498                __scratch_x_source__ = LOADADDR (.scratch_x)

.scratch_y      0x0000000020041000        0x0 load address 0x0000000010005498
                0x0000000020041000                __scratch_y_start__ = .
 *(.scratch_y.*)
                0x0000000020041000                . = ALIGN (0x4)
                0x0000000020041000                __scratch_y_end__ = .
                0x0000000010005498                __scratch_y_source__ = LOADADDR (.scratch_y)

.bss            0x00000000200002f0      0x3c8
                0x00000000200002f0                . = ALIGN (0x4)
                0x00000000200002f0                __bss_start__ = .
 *(SORT_BY_ALIGNMENT(SORT_BY_NAME(.bss*)))
 .bss.default_alarm_pool_entries
                0x00000000200002f0      0x100 CMakeFiles/heartrate.dir/home/tina25n/pico/pico-sdk/src/common/pico_time/time.c.obj
 .bss           0x00000000200003f0       0x1c /usr/lib/gcc/arm-none-eabi/10.3.1/thumb/v6-m/nofp/crtbegin.o
 .bss.alarm_callbacks
                0x000000002000040c       0x10 CMakeFiles/heartrate.dir/home/tina25n/pico/pico-sdk/src/rp2_common/hardware_timer/timer.c.obj
 .bss.configured_freq
                0x000000002000041c       0x28 CMakeFiles/heartrate.dir/home/tina25n/pico/pico-sdk/src/rp2_common/hardware_clocks/clocks.c.obj
 .bss.default_alarm_pool_entry_ids_high
                0x0000000020000444       0x10 CMakeFiles/heartrate.dir/home/tina25n/pico/pico-sdk/src/common/pico_time/time.c.obj
 .bss.default_alarm_pool_heap_nodes
                0x0000000020000454       0x30 CMakeFiles/heartrate.dir/home/tina25n/pico/pico-sdk/src/common/pico_time/time.c.obj
 .bss.drivers   0x0000000020000484        0x4 CMakeFiles/heartrate.dir/home/tina25n/pico/pico-sdk/src/rp2_common/pico_stdio/stdio.c.obj
 .bss.filter    0x0000000020000488        0x4 CMakeFiles/heartrate.dir/home/tina25n/pico/pico-sdk/src/rp2_common/pico_stdio/stdio.c.obj
 .bss.pools     0x000000002000048c       0x10 CMakeFiles/heartrate.dir/home/tina25n/pico/pico-sdk/src/common/pico_time/time.c.obj
 .bss.sd_table  0x000000002000049c      0x100 CMakeFiles/heartrate.dir/home/tina25n/pico/pico-sdk/src/rp2_common/pico_double/double_init_rom.c.obj
                0x000000002000049c                sd_table
 .bss.sf_clz_func
                0x000000002000059c        0x4 CMakeFiles/heartrate.dir/home/tina25n/pico/pico-sdk/src/rp2_common/pico_double/double_init_rom.c.obj
                0x000000002000059c                sf_clz_func
 .bss.sf_table  0x00000000200005a0      0x100 CMakeFiles/heartrate.dir/home/tina25n/pico/pico-sdk/src/rp2_common/pico_float/float_init_rom.c.obj
                0x00000000200005a0                sf_table
 .bss.sleep_notifier
                0x00000000200006a0        0x4 CMakeFiles/heartrate.dir/home/tina25n/pico/pico-sdk/src/common/pico_time/time.c.obj
 .bss.target_hi
                0x00000000200006a4       0x10 CMakeFiles/heartrate.dir/home/tina25n/pico/pico-sdk/src/rp2_common/hardware_timer/timer.c.obj
 .bss.claimed   0x00000000200006b4        0x1 CMakeFiles/heartrate.dir/home/tina25n/pico/pico-sdk/src/rp2_common/hardware_timer/timer.c.obj
 .bss.irq_hander_chain_free_slot_head
                0x00000000200006b5        0x1 CMakeFiles/heartrate.dir/home/tina25n/pico/pico-sdk/src/rp2_common/hardware_irq/irq.c.obj
 .bss.timer_callbacks_pending
                0x00000000200006b6        0x1 CMakeFiles/heartrate.dir/home/tina25n/pico/pico-sdk/src/rp2_common/hardware_timer/timer.c.obj
 *(COMMON)
                0x00000000200006b8                . = ALIGN (0x4)
 *fill*         0x00000000200006b7        0x1 
                0x00000000200006b8                __bss_end__ = .

.heap           0x00000000200006b8      0x800
                0x00000000200006b8                __end__ = .
                0x00000000200006b8                end = __end__
 *(.heap*)
 .heap          0x00000000200006b8      0x800 CMakeFiles/heartrate.dir/home/tina25n/pico/pico-sdk/src/rp2_common/pico_standard_link/crt0.S.obj
                0x0000000020000eb8                __HeapLimit = .

.stack1_dummy   0x0000000020040000        0x0
 *(.stack1*)

.stack_dummy    0x0000000020041000      0x800
 *(.stack*)
 .stack         0x0000000020041000      0x800 CMakeFiles/heartrate.dir/home/tina25n/pico/pico-sdk/src/rp2_common/pico_standard_link/crt0.S.obj

.flash_end      0x0000000010005498        0x0
                0x0000000010005498                PROVIDE (__flash_binary_end = .)
                0x0000000020040000                __StackLimit = (ORIGIN (RAM) + LENGTH (RAM))
                0x0000000020041000                __StackOneTop = (ORIGIN (SCRATCH_X) + LENGTH (SCRATCH_X))
                0x0000000020042000                __StackTop = (ORIGIN (SCRATCH_Y) + LENGTH (SCRATCH_Y))
                0x0000000020041000                __StackOneBottom = (__StackOneTop - SIZEOF (.stack1_dummy))
                0x0000000020041800                __StackBottom = (__StackTop - SIZEOF (.stack_dummy))
                0x0000000020042000                PROVIDE (__stack = __StackTop)
                0x0000000000000001                ASSERT ((__StackLimit >= __HeapLimit), region RAM overflowed)
                0x0000000000000001                ASSERT (((__binary_info_header_end - __logical_binary_start) <= 0x100), Binary info must be in first 256 bytes of the binary)
LOAD CMakeFiles/heartrate.dir/heartrate.c.obj
LOAD CMakeFiles/heartrate.dir/home/tina25n/pico/pico-sdk/src/rp2_common/pico_stdlib/stdlib.c.obj
LOAD CMakeFiles/heartrate.dir/home/tina25n/pico/pico-sdk/src/rp2_common/hardware_gpio/gpio.c.obj
LOAD CMakeFiles/heartrate.dir/home/tina25n/pico/pico-sdk/src/rp2_common/pico_platform/platform.c.obj
LOAD CMakeFiles/heartrate.dir/home/tina25n/pico/pico-sdk/src/rp2_common/hardware_claim/claim.c.obj
LOAD CMakeFiles/heartrate.dir/home/tina25n/pico/pico-sdk/src/rp2_common/hardware_sync/sync.c.obj
LOAD CMakeFiles/heartrate.dir/home/tina25n/pico/pico-sdk/src/rp2_common/hardware_irq/irq.c.obj
LOAD CMakeFiles/heartrate.dir/home/tina25n/pico/pico-sdk/src/rp2_common/hardware_irq/irq_handler_chain.S.obj
LOAD CMakeFiles/heartrate.dir/home/tina25n/pico/pico-sdk/src/common/pico_sync/sem.c.obj
LOAD CMakeFiles/heartrate.dir/home/tina25n/pico/pico-sdk/src/common/pico_sync/lock_core.c.obj
LOAD CMakeFiles/heartrate.dir/home/tina25n/pico/pico-sdk/src/common/pico_sync/mutex.c.obj
LOAD CMakeFiles/heartrate.dir/home/tina25n/pico/pico-sdk/src/common/pico_sync/critical_section.c.obj
LOAD CMakeFiles/heartrate.dir/home/tina25n/pico/pico-sdk/src/common/pico_time/time.c.obj
LOAD CMakeFiles/heartrate.dir/home/tina25n/pico/pico-sdk/src/common/pico_time/timeout_helper.c.obj
LOAD CMakeFiles/heartrate.dir/home/tina25n/pico/pico-sdk/src/rp2_common/hardware_timer/timer.c.obj
LOAD CMakeFiles/heartrate.dir/home/tina25n/pico/pico-sdk/src/common/pico_util/datetime.c.obj
LOAD CMakeFiles/heartrate.dir/home/tina25n/pico/pico-sdk/src/common/pico_util/pheap.c.obj
LOAD CMakeFiles/heartrate.dir/home/tina25n/pico/pico-sdk/src/common/pico_util/queue.c.obj
LOAD CMakeFiles/heartrate.dir/home/tina25n/pico/pico-sdk/src/rp2_common/hardware_uart/uart.c.obj
LOAD CMakeFiles/heartrate.dir/home/tina25n/pico/pico-sdk/src/rp2_common/hardware_clocks/clocks.c.obj
LOAD CMakeFiles/heartrate.dir/home/tina25n/pico/pico-sdk/src/rp2_common/hardware_pll/pll.c.obj
LOAD CMakeFiles/heartrate.dir/home/tina25n/pico/pico-sdk/src/rp2_common/hardware_vreg/vreg.c.obj
LOAD CMakeFiles/heartrate.dir/home/tina25n/pico/pico-sdk/src/rp2_common/hardware_watchdog/watchdog.c.obj
LOAD CMakeFiles/heartrate.dir/home/tina25n/pico/pico-sdk/src/rp2_common/hardware_xosc/xosc.c.obj
LOAD CMakeFiles/heartrate.dir/home/tina25n/pico/pico-sdk/src/rp2_common/hardware_divider/divider.S.obj
LOAD CMakeFiles/heartrate.dir/home/tina25n/pico/pico-sdk/src/rp2_common/pico_runtime/runtime.c.obj
LOAD CMakeFiles/heartrate.dir/home/tina25n/pico/pico-sdk/src/rp2_common/pico_printf/printf.c.obj
LOAD CMakeFiles/heartrate.dir/home/tina25n/pico/pico-sdk/src/rp2_common/pico_bit_ops/bit_ops_aeabi.S.obj
LOAD CMakeFiles/heartrate.dir/home/tina25n/pico/pico-sdk/src/rp2_common/pico_bootrom/bootrom.c.obj
LOAD CMakeFiles/heartrate.dir/home/tina25n/pico/pico-sdk/src/rp2_common/pico_divider/divider.S.obj
LOAD CMakeFiles/heartrate.dir/home/tina25n/pico/pico-sdk/src/rp2_common/pico_double/double_aeabi.S.obj
LOAD CMakeFiles/heartrate.dir/home/tina25n/pico/pico-sdk/src/rp2_common/pico_double/double_init_rom.c.obj
LOAD CMakeFiles/heartrate.dir/home/tina25n/pico/pico-sdk/src/rp2_common/pico_double/double_math.c.obj
LOAD CMakeFiles/heartrate.dir/home/tina25n/pico/pico-sdk/src/rp2_common/pico_double/double_v1_rom_shim.S.obj
LOAD CMakeFiles/heartrate.dir/home/tina25n/pico/pico-sdk/src/rp2_common/pico_int64_ops/pico_int64_ops_aeabi.S.obj
LOAD CMakeFiles/heartrate.dir/home/tina25n/pico/pico-sdk/src/rp2_common/pico_float/float_aeabi.S.obj
LOAD CMakeFiles/heartrate.dir/home/tina25n/pico/pico-sdk/src/rp2_common/pico_float/float_init_rom.c.obj
LOAD CMakeFiles/heartrate.dir/home/tina25n/pico/pico-sdk/src/rp2_common/pico_float/float_math.c.obj
LOAD CMakeFiles/heartrate.dir/home/tina25n/pico/pico-sdk/src/rp2_common/pico_float/float_v1_rom_shim.S.obj
LOAD CMakeFiles/heartrate.dir/home/tina25n/pico/pico-sdk/src/rp2_common/pico_malloc/pico_malloc.c.obj
LOAD CMakeFiles/heartrate.dir/home/tina25n/pico/pico-sdk/src/rp2_common/pico_mem_ops/mem_ops_aeabi.S.obj
LOAD CMakeFiles/heartrate.dir/home/tina25n/pico/pico-sdk/src/rp2_common/pico_standard_link/crt0.S.obj
LOAD CMakeFiles/heartrate.dir/home/tina25n/pico/pico-sdk/src/rp2_common/pico_standard_link/new_delete.cpp.obj
LOAD CMakeFiles/heartrate.dir/home/tina25n/pico/pico-sdk/src/rp2_common/pico_standard_link/binary_info.c.obj
LOAD CMakeFiles/heartrate.dir/home/tina25n/pico/pico-sdk/src/rp2_common/pico_stdio/stdio.c.obj
LOAD CMakeFiles/heartrate.dir/home/tina25n/pico/pico-sdk/src/rp2_common/pico_stdio_uart/stdio_uart.c.obj
LOAD /tmp/ccVOLa0Q.o
LOAD /usr/lib/gcc/arm-none-eabi/10.3.1/../../../arm-none-eabi/lib/thumb/v6-m/nofp/libstdc++.a
LOAD /usr/lib/gcc/arm-none-eabi/10.3.1/../../../arm-none-eabi/lib/thumb/v6-m/nofp/libm.a
START GROUP
LOAD /usr/lib/gcc/arm-none-eabi/10.3.1/thumb/v6-m/nofp/libgcc.a
LOAD /usr/lib/gcc/arm-none-eabi/10.3.1/../../../arm-none-eabi/lib/thumb/v6-m/nofp/libg.a
LOAD /usr/lib/gcc/arm-none-eabi/10.3.1/../../../arm-none-eabi/lib/thumb/v6-m/nofp/libc.a
END GROUP
START GROUP
LOAD /usr/lib/gcc/arm-none-eabi/10.3.1/thumb/v6-m/nofp/libgcc.a
LOAD /usr/lib/gcc/arm-none-eabi/10.3.1/../../../arm-none-eabi/lib/thumb/v6-m/nofp/libc.a
LOAD /usr/lib/gcc/arm-none-eabi/10.3.1/../../../arm-none-eabi/lib/thumb/v6-m/nofp/libnosys.a
END GROUP
LOAD /usr/lib/gcc/arm-none-eabi/10.3.1/thumb/v6-m/nofp/crtend.o
LOAD /usr/lib/gcc/arm-none-eabi/10.3.1/thumb/v6-m/nofp/crtn.o
OUTPUT(heartrate.elf elf32-littlearm)
LOAD linker stubs

.ARM.attributes
                0x0000000000000000       0x28
 .ARM.attributes
                0x0000000000000000       0x1e /usr/lib/gcc/arm-none-eabi/10.3.1/thumb/v6-m/nofp/crti.o
 .ARM.attributes
                0x000000000000001e       0x2c /usr/lib/gcc/arm-none-eabi/10.3.1/thumb/v6-m/nofp/crtbegin.o
 .ARM.attributes
                0x000000000000004a       0x2c CMakeFiles/heartrate.dir/heartrate.c.obj
 .ARM.attributes
                0x0000000000000076       0x2c CMakeFiles/heartrate.dir/home/tina25n/pico/pico-sdk/src/rp2_common/hardware_gpio/gpio.c.obj
 .ARM.attributes
                0x00000000000000a2       0x2c CMakeFiles/heartrate.dir/home/tina25n/pico/pico-sdk/src/rp2_common/pico_platform/platform.c.obj
 .ARM.attributes
                0x00000000000000ce       0x2c CMakeFiles/heartrate.dir/home/tina25n/pico/pico-sdk/src/rp2_common/hardware_claim/claim.c.obj
 .ARM.attributes
                0x00000000000000fa       0x2c CMakeFiles/heartrate.dir/home/tina25n/pico/pico-sdk/src/rp2_common/hardware_sync/sync.c.obj
 .ARM.attributes
                0x0000000000000126       0x2c CMakeFiles/heartrate.dir/home/tina25n/pico/pico-sdk/src/rp2_common/hardware_irq/irq.c.obj
 .ARM.attributes
                0x0000000000000152       0x22 CMakeFiles/heartrate.dir/home/tina25n/pico/pico-sdk/src/rp2_common/hardware_irq/irq_handler_chain.S.obj
 .ARM.attributes
                0x0000000000000174       0x2c CMakeFiles/heartrate.dir/home/tina25n/pico/pico-sdk/src/common/pico_sync/lock_core.c.obj
 .ARM.attributes
                0x00000000000001a0       0x2c CMakeFiles/heartrate.dir/home/tina25n/pico/pico-sdk/src/common/pico_sync/mutex.c.obj
 .ARM.attributes
                0x00000000000001cc       0x2c CMakeFiles/heartrate.dir/home/tina25n/pico/pico-sdk/src/common/pico_time/time.c.obj
 .ARM.attributes
                0x00000000000001f8       0x2c CMakeFiles/heartrate.dir/home/tina25n/pico/pico-sdk/src/rp2_common/hardware_timer/timer.c.obj
 .ARM.attributes
                0x0000000000000224       0x2c CMakeFiles/heartrate.dir/home/tina25n/pico/pico-sdk/src/common/pico_util/pheap.c.obj
 .ARM.attributes
                0x0000000000000250       0x2c CMakeFiles/heartrate.dir/home/tina25n/pico/pico-sdk/src/rp2_common/hardware_clocks/clocks.c.obj
 .ARM.attributes
                0x000000000000027c       0x2c CMakeFiles/heartrate.dir/home/tina25n/pico/pico-sdk/src/rp2_common/hardware_pll/pll.c.obj
 .ARM.attributes
                0x00000000000002a8       0x2c CMakeFiles/heartrate.dir/home/tina25n/pico/pico-sdk/src/rp2_common/hardware_watchdog/watchdog.c.obj
 .ARM.attributes
                0x00000000000002d4       0x2c CMakeFiles/heartrate.dir/home/tina25n/pico/pico-sdk/src/rp2_common/hardware_xosc/xosc.c.obj
 .ARM.attributes
                0x0000000000000300       0x2c CMakeFiles/heartrate.dir/home/tina25n/pico/pico-sdk/src/rp2_common/pico_runtime/runtime.c.obj
 .ARM.attributes
                0x000000000000032c       0x2c CMakeFiles/heartrate.dir/home/tina25n/pico/pico-sdk/src/rp2_common/pico_printf/printf.c.obj
 .ARM.attributes
                0x0000000000000358       0x22 CMakeFiles/heartrate.dir/home/tina25n/pico/pico-sdk/src/rp2_common/pico_bit_ops/bit_ops_aeabi.S.obj
 .ARM.attributes
                0x000000000000037a       0x2c CMakeFiles/heartrate.dir/home/tina25n/pico/pico-sdk/src/rp2_common/pico_bootrom/bootrom.c.obj
 .ARM.attributes
                0x00000000000003a6       0x22 CMakeFiles/heartrate.dir/home/tina25n/pico/pico-sdk/src/rp2_common/pico_divider/divider.S.obj
 .ARM.attributes
                0x00000000000003c8       0x22 CMakeFiles/heartrate.dir/home/tina25n/pico/pico-sdk/src/rp2_common/pico_double/double_aeabi.S.obj
 .ARM.attributes
                0x00000000000003ea       0x2c CMakeFiles/heartrate.dir/home/tina25n/pico/pico-sdk/src/rp2_common/pico_double/double_init_rom.c.obj
 .ARM.attributes
                0x0000000000000416       0x22 CMakeFiles/heartrate.dir/home/tina25n/pico/pico-sdk/src/rp2_common/pico_double/double_v1_rom_shim.S.obj
 .ARM.attributes
                0x0000000000000438       0x22 CMakeFiles/heartrate.dir/home/tina25n/pico/pico-sdk/src/rp2_common/pico_int64_ops/pico_int64_ops_aeabi.S.obj
 .ARM.attributes
                0x000000000000045a       0x22 CMakeFiles/heartrate.dir/home/tina25n/pico/pico-sdk/src/rp2_common/pico_float/float_aeabi.S.obj
 .ARM.attributes
                0x000000000000047c       0x2c CMakeFiles/heartrate.dir/home/tina25n/pico/pico-sdk/src/rp2_common/pico_float/float_init_rom.c.obj
 .ARM.attributes
                0x00000000000004a8       0x22 CMakeFiles/heartrate.dir/home/tina25n/pico/pico-sdk/src/rp2_common/pico_float/float_v1_rom_shim.S.obj
 .ARM.attributes
                0x00000000000004ca       0x22 CMakeFiles/heartrate.dir/home/tina25n/pico/pico-sdk/src/rp2_common/pico_mem_ops/mem_ops_aeabi.S.obj
 .ARM.attributes
                0x00000000000004ec       0x22 CMakeFiles/heartrate.dir/home/tina25n/pico/pico-sdk/src/rp2_common/pico_standard_link/crt0.S.obj
 .ARM.attributes
                0x000000000000050e       0x32 CMakeFiles/heartrate.dir/home/tina25n/pico/pico-sdk/src/rp2_common/pico_standard_link/binary_info.c.obj
 .ARM.attributes
                0x0000000000000540       0x2c CMakeFiles/heartrate.dir/home/tina25n/pico/pico-sdk/src/rp2_common/pico_stdio/stdio.c.obj
 .ARM.attributes
                0x000000000000056c       0x22 /tmp/ccVOLa0Q.o
 .ARM.attributes
                0x000000000000058e       0x1e /usr/lib/gcc/arm-none-eabi/10.3.1/thumb/v6-m/nofp/libgcc.a(_dvmd_tls.o)
 .ARM.attributes
                0x00000000000005ac       0x2c /usr/lib/gcc/arm-none-eabi/10.3.1/../../../arm-none-eabi/lib/thumb/v6-m/nofp/libg.a(lib_a-strlen-stub.o)
 .ARM.attributes
                0x00000000000005d8       0x2c /usr/lib/gcc/arm-none-eabi/10.3.1/thumb/v6-m/nofp/crtend.o

.comment        0x0000000000000000       0x33
 .comment       0x0000000000000000       0x33 /usr/lib/gcc/arm-none-eabi/10.3.1/thumb/v6-m/nofp/crtbegin.o
                                         0x34 (size before relaxing)
 .comment       0x0000000000000033       0x34 CMakeFiles/heartrate.dir/heartrate.c.obj
 .comment       0x0000000000000033       0x34 CMakeFiles/heartrate.dir/home/tina25n/pico/pico-sdk/src/rp2_common/hardware_gpio/gpio.c.obj
 .comment       0x0000000000000033       0x34 CMakeFiles/heartrate.dir/home/tina25n/pico/pico-sdk/src/rp2_common/pico_platform/platform.c.obj
 .comment       0x0000000000000033       0x34 CMakeFiles/heartrate.dir/home/tina25n/pico/pico-sdk/src/rp2_common/hardware_claim/claim.c.obj
 .comment       0x0000000000000033       0x34 CMakeFiles/heartrate.dir/home/tina25n/pico/pico-sdk/src/rp2_common/hardware_sync/sync.c.obj
 .comment       0x0000000000000033       0x34 CMakeFiles/heartrate.dir/home/tina25n/pico/pico-sdk/src/rp2_common/hardware_irq/irq.c.obj
 .comment       0x0000000000000033       0x34 CMakeFiles/heartrate.dir/home/tina25n/pico/pico-sdk/src/common/pico_sync/lock_core.c.obj
 .comment       0x0000000000000033       0x34 CMakeFiles/heartrate.dir/home/tina25n/pico/pico-sdk/src/common/pico_sync/mutex.c.obj
 .comment       0x0000000000000033       0x34 CMakeFiles/heartrate.dir/home/tina25n/pico/pico-sdk/src/common/pico_time/time.c.obj
 .comment       0x0000000000000033       0x34 CMakeFiles/heartrate.dir/home/tina25n/pico/pico-sdk/src/rp2_common/hardware_timer/timer.c.obj
 .comment       0x0000000000000033       0x34 CMakeFiles/heartrate.dir/home/tina25n/pico/pico-sdk/src/common/pico_util/pheap.c.obj
 .comment       0x0000000000000033       0x34 CMakeFiles/heartrate.dir/home/tina25n/pico/pico-sdk/src/rp2_common/hardware_clocks/clocks.c.obj
 .comment       0x0000000000000033       0x34 CMakeFiles/heartrate.dir/home/tina25n/pico/pico-sdk/src/rp2_common/hardware_pll/pll.c.obj
 .comment       0x0000000000000033       0x34 CMakeFiles/heartrate.dir/home/tina25n/pico/pico-sdk/src/rp2_common/hardware_watchdog/watchdog.c.obj
 .comment       0x0000000000000033       0x34 CMakeFiles/heartrate.dir/home/tina25n/pico/pico-sdk/src/rp2_common/hardware_xosc/xosc.c.obj
 .comment       0x0000000000000033       0x34 CMakeFiles/heartrate.dir/home/tina25n/pico/pico-sdk/src/rp2_common/pico_runtime/runtime.c.obj
 .comment       0x0000000000000033       0x34 CMakeFiles/heartrate.dir/home/tina25n/pico/pico-sdk/src/rp2_common/pico_printf/printf.c.obj
 .comment       0x0000000000000033       0x34 CMakeFiles/heartrate.dir/home/tina25n/pico/pico-sdk/src/rp2_common/pico_bootrom/bootrom.c.obj
 .comment       0x0000000000000033       0x34 CMakeFiles/heartrate.dir/home/tina25n/pico/pico-sdk/src/rp2_common/pico_double/double_init_rom.c.obj
 .comment       0x0000000000000033       0x34 CMakeFiles/heartrate.dir/home/tina25n/pico/pico-sdk/src/rp2_common/pico_float/float_init_rom.c.obj
 .comment       0x0000000000000033       0x34 CMakeFiles/heartrate.dir/home/tina25n/pico/pico-sdk/src/rp2_common/pico_standard_link/binary_info.c.obj
 .comment       0x0000000000000033       0x34 CMakeFiles/heartrate.dir/home/tina25n/pico/pico-sdk/src/rp2_common/pico_stdio/stdio.c.obj
 .comment       0x0000000000000033       0x34 /usr/lib/gcc/arm-none-eabi/10.3.1/../../../arm-none-eabi/lib/thumb/v6-m/nofp/libg.a(lib_a-strlen-stub.o)
 .comment       0x0000000000000033       0x34 /usr/lib/gcc/arm-none-eabi/10.3.1/thumb/v6-m/nofp/crtend.o

.debug_info     0x0000000000000000    0x13bc4
 .debug_info    0x0000000000000000      0x5d6 CMakeFiles/heartrate.dir/heartrate.c.obj
 .debug_info    0x00000000000005d6     0x185a CMakeFiles/heartrate.dir/home/tina25n/pico/pico-sdk/src/rp2_common/hardware_gpio/gpio.c.obj
 .debug_info    0x0000000000001e30      0x1cb CMakeFiles/heartrate.dir/home/tina25n/pico/pico-sdk/src/rp2_common/pico_platform/platform.c.obj
 .debug_info    0x0000000000001ffb      0x6a6 CMakeFiles/heartrate.dir/home/tina25n/pico/pico-sdk/src/rp2_common/hardware_claim/claim.c.obj
 .debug_info    0x00000000000026a1      0x576 CMakeFiles/heartrate.dir/home/tina25n/pico/pico-sdk/src/rp2_common/hardware_sync/sync.c.obj
 .debug_info    0x0000000000002c17     0x1c56 CMakeFiles/heartrate.dir/home/tina25n/pico/pico-sdk/src/rp2_common/hardware_irq/irq.c.obj
 .debug_info    0x000000000000486d      0x198 CMakeFiles/heartrate.dir/home/tina25n/pico/pico-sdk/src/common/pico_sync/lock_core.c.obj
 .debug_info    0x0000000000004a05     0x2099 CMakeFiles/heartrate.dir/home/tina25n/pico/pico-sdk/src/common/pico_sync/mutex.c.obj
 .debug_info    0x0000000000006a9e     0x402c CMakeFiles/heartrate.dir/home/tina25n/pico/pico-sdk/src/common/pico_time/time.c.obj
 .debug_info    0x000000000000aaca     0x13b4 CMakeFiles/heartrate.dir/home/tina25n/pico/pico-sdk/src/rp2_common/hardware_timer/timer.c.obj
 .debug_info    0x000000000000be7e     0x123b CMakeFiles/heartrate.dir/home/tina25n/pico/pico-sdk/src/common/pico_util/pheap.c.obj
 .debug_info    0x000000000000d0b9      0xf9f CMakeFiles/heartrate.dir/home/tina25n/pico/pico-sdk/src/rp2_common/hardware_clocks/clocks.c.obj
 .debug_info    0x000000000000e058      0x503 CMakeFiles/heartrate.dir/home/tina25n/pico/pico-sdk/src/rp2_common/hardware_pll/pll.c.obj
 .debug_info    0x000000000000e55b      0x4ee CMakeFiles/heartrate.dir/home/tina25n/pico/pico-sdk/src/rp2_common/hardware_watchdog/watchdog.c.obj
 .debug_info    0x000000000000ea49      0x1c0 CMakeFiles/heartrate.dir/home/tina25n/pico/pico-sdk/src/rp2_common/hardware_xosc/xosc.c.obj
 .debug_info    0x000000000000ec09     0x1053 CMakeFiles/heartrate.dir/home/tina25n/pico/pico-sdk/src/rp2_common/pico_runtime/runtime.c.obj
 .debug_info    0x000000000000fc5c     0x1a47 CMakeFiles/heartrate.dir/home/tina25n/pico/pico-sdk/src/rp2_common/pico_printf/printf.c.obj
 .debug_info    0x00000000000116a3       0x22 CMakeFiles/heartrate.dir/home/tina25n/pico/pico-sdk/src/rp2_common/pico_bit_ops/bit_ops_aeabi.S.obj
 .debug_info    0x00000000000116c5      0x258 CMakeFiles/heartrate.dir/home/tina25n/pico/pico-sdk/src/rp2_common/pico_bootrom/bootrom.c.obj
 .debug_info    0x000000000001191d       0x22 CMakeFiles/heartrate.dir/home/tina25n/pico/pico-sdk/src/rp2_common/pico_divider/divider.S.obj
 .debug_info    0x000000000001193f       0x22 CMakeFiles/heartrate.dir/home/tina25n/pico/pico-sdk/src/rp2_common/pico_double/double_aeabi.S.obj
 .debug_info    0x0000000000011961      0x2a1 CMakeFiles/heartrate.dir/home/tina25n/pico/pico-sdk/src/rp2_common/pico_double/double_init_rom.c.obj
 .debug_info    0x0000000000011c02       0x22 CMakeFiles/heartrate.dir/home/tina25n/pico/pico-sdk/src/rp2_common/pico_double/double_v1_rom_shim.S.obj
 .debug_info    0x0000000000011c24       0x26 CMakeFiles/heartrate.dir/home/tina25n/pico/pico-sdk/src/rp2_common/pico_int64_ops/pico_int64_ops_aeabi.S.obj
 .debug_info    0x0000000000011c4a       0x22 CMakeFiles/heartrate.dir/home/tina25n/pico/pico-sdk/src/rp2_common/pico_float/float_aeabi.S.obj
 .debug_info    0x0000000000011c6c      0x2bb CMakeFiles/heartrate.dir/home/tina25n/pico/pico-sdk/src/rp2_common/pico_float/float_init_rom.c.obj
 .debug_info    0x0000000000011f27       0x22 CMakeFiles/heartrate.dir/home/tina25n/pico/pico-sdk/src/rp2_common/pico_float/float_v1_rom_shim.S.obj
 .debug_info    0x0000000000011f49       0x22 CMakeFiles/heartrate.dir/home/tina25n/pico/pico-sdk/src/rp2_common/pico_mem_ops/mem_ops_aeabi.S.obj
 .debug_info    0x0000000000011f6b       0x22 CMakeFiles/heartrate.dir/home/tina25n/pico/pico-sdk/src/rp2_common/pico_standard_link/crt0.S.obj
 .debug_info    0x0000000000011f8d      0x2fc CMakeFiles/heartrate.dir/home/tina25n/pico/pico-sdk/src/rp2_common/pico_standard_link/binary_info.c.obj
 .debug_info    0x0000000000012289     0x1827 CMakeFiles/heartrate.dir/home/tina25n/pico/pico-sdk/src/rp2_common/pico_stdio/stdio.c.obj
 .debug_info    0x0000000000013ab0       0x26 /usr/lib/gcc/arm-none-eabi/10.3.1/thumb/v6-m/nofp/libgcc.a(_dvmd_tls.o)
 .debug_info    0x0000000000013ad6       0xee /usr/lib/gcc/arm-none-eabi/10.3.1/../../../arm-none-eabi/lib/thumb/v6-m/nofp/libg.a(lib_a-strlen-stub.o)

.debug_abbrev   0x0000000000000000     0x3bdc
 .debug_abbrev  0x0000000000000000      0x196 CMakeFiles/heartrate.dir/heartrate.c.obj
 .debug_abbrev  0x0000000000000196      0x379 CMakeFiles/heartrate.dir/home/tina25n/pico/pico-sdk/src/rp2_common/hardware_gpio/gpio.c.obj
 .debug_abbrev  0x000000000000050f       0xeb CMakeFiles/heartrate.dir/home/tina25n/pico/pico-sdk/src/rp2_common/pico_platform/platform.c.obj
 .debug_abbrev  0x00000000000005fa      0x2e9 CMakeFiles/heartrate.dir/home/tina25n/pico/pico-sdk/src/rp2_common/hardware_claim/claim.c.obj
 .debug_abbrev  0x00000000000008e3      0x21b CMakeFiles/heartrate.dir/home/tina25n/pico/pico-sdk/src/rp2_common/hardware_sync/sync.c.obj
 .debug_abbrev  0x0000000000000afe      0x4e7 CMakeFiles/heartrate.dir/home/tina25n/pico/pico-sdk/src/rp2_common/hardware_irq/irq.c.obj
 .debug_abbrev  0x0000000000000fe5      0x116 CMakeFiles/heartrate.dir/home/tina25n/pico/pico-sdk/src/common/pico_sync/lock_core.c.obj
 .debug_abbrev  0x00000000000010fb      0x397 CMakeFiles/heartrate.dir/home/tina25n/pico/pico-sdk/src/common/pico_sync/mutex.c.obj
 .debug_abbrev  0x0000000000001492      0x571 CMakeFiles/heartrate.dir/home/tina25n/pico/pico-sdk/src/common/pico_time/time.c.obj
 .debug_abbrev  0x0000000000001a03      0x3b8 CMakeFiles/heartrate.dir/home/tina25n/pico/pico-sdk/src/rp2_common/hardware_timer/timer.c.obj
 .debug_abbrev  0x0000000000001dbb      0x297 CMakeFiles/heartrate.dir/home/tina25n/pico/pico-sdk/src/common/pico_util/pheap.c.obj
 .debug_abbrev  0x0000000000002052      0x3c7 CMakeFiles/heartrate.dir/home/tina25n/pico/pico-sdk/src/rp2_common/hardware_clocks/clocks.c.obj
 .debug_abbrev  0x0000000000002419      0x1ea CMakeFiles/heartrate.dir/home/tina25n/pico/pico-sdk/src/rp2_common/hardware_pll/pll.c.obj
 .debug_abbrev  0x0000000000002603      0x1a8 CMakeFiles/heartrate.dir/home/tina25n/pico/pico-sdk/src/rp2_common/hardware_watchdog/watchdog.c.obj
 .debug_abbrev  0x00000000000027ab      0x109 CMakeFiles/heartrate.dir/home/tina25n/pico/pico-sdk/src/rp2_common/hardware_xosc/xosc.c.obj
 .debug_abbrev  0x00000000000028b4      0x4cb CMakeFiles/heartrate.dir/home/tina25n/pico/pico-sdk/src/rp2_common/pico_runtime/runtime.c.obj
 .debug_abbrev  0x0000000000002d7f      0x384 CMakeFiles/heartrate.dir/home/tina25n/pico/pico-sdk/src/rp2_common/pico_printf/printf.c.obj
 .debug_abbrev  0x0000000000003103       0x12 CMakeFiles/heartrate.dir/home/tina25n/pico/pico-sdk/src/rp2_common/pico_bit_ops/bit_ops_aeabi.S.obj
 .debug_abbrev  0x0000000000003115      0x13b CMakeFiles/heartrate.dir/home/tina25n/pico/pico-sdk/src/rp2_common/pico_bootrom/bootrom.c.obj
 .debug_abbrev  0x0000000000003250       0x12 CMakeFiles/heartrate.dir/home/tina25n/pico/pico-sdk/src/rp2_common/pico_divider/divider.S.obj
 .debug_abbrev  0x0000000000003262       0x12 CMakeFiles/heartrate.dir/home/tina25n/pico/pico-sdk/src/rp2_common/pico_double/double_aeabi.S.obj
 .debug_abbrev  0x0000000000003274      0x179 CMakeFiles/heartrate.dir/home/tina25n/pico/pico-sdk/src/rp2_common/pico_double/double_init_rom.c.obj
 .debug_abbrev  0x00000000000033ed       0x12 CMakeFiles/heartrate.dir/home/tina25n/pico/pico-sdk/src/rp2_common/pico_double/double_v1_rom_shim.S.obj
 .debug_abbrev  0x00000000000033ff       0x14 CMakeFiles/heartrate.dir/home/tina25n/pico/pico-sdk/src/rp2_common/pico_int64_ops/pico_int64_ops_aeabi.S.obj
 .debug_abbrev  0x0000000000003413       0x12 CMakeFiles/heartrate.dir/home/tina25n/pico/pico-sdk/src/rp2_common/pico_float/float_aeabi.S.obj
 .debug_abbrev  0x0000000000003425      0x18c CMakeFiles/heartrate.dir/home/tina25n/pico/pico-sdk/src/rp2_common/pico_float/float_init_rom.c.obj
 .debug_abbrev  0x00000000000035b1       0x12 CMakeFiles/heartrate.dir/home/tina25n/pico/pico-sdk/src/rp2_common/pico_float/float_v1_rom_shim.S.obj
 .debug_abbrev  0x00000000000035c3       0x12 CMakeFiles/heartrate.dir/home/tina25n/pico/pico-sdk/src/rp2_common/pico_mem_ops/mem_ops_aeabi.S.obj
 .debug_abbrev  0x00000000000035d5       0x12 CMakeFiles/heartrate.dir/home/tina25n/pico/pico-sdk/src/rp2_common/pico_standard_link/crt0.S.obj
 .debug_abbrev  0x00000000000035e7       0xad CMakeFiles/heartrate.dir/home/tina25n/pico/pico-sdk/src/rp2_common/pico_standard_link/binary_info.c.obj
 .debug_abbrev  0x0000000000003694      0x4a5 CMakeFiles/heartrate.dir/home/tina25n/pico/pico-sdk/src/rp2_common/pico_stdio/stdio.c.obj
 .debug_abbrev  0x0000000000003b39       0x14 /usr/lib/gcc/arm-none-eabi/10.3.1/thumb/v6-m/nofp/libgcc.a(_dvmd_tls.o)
 .debug_abbrev  0x0000000000003b4d       0x8f /usr/lib/gcc/arm-none-eabi/10.3.1/../../../arm-none-eabi/lib/thumb/v6-m/nofp/libg.a(lib_a-strlen-stub.o)

.debug_loc      0x0000000000000000     0xdbf8
 .debug_loc     0x0000000000000000      0x114 CMakeFiles/heartrate.dir/heartrate.c.obj
 .debug_loc     0x0000000000000114     0x1237 CMakeFiles/heartrate.dir/home/tina25n/pico/pico-sdk/src/rp2_common/hardware_gpio/gpio.c.obj
 .debug_loc     0x000000000000134b       0xe9 CMakeFiles/heartrate.dir/home/tina25n/pico/pico-sdk/src/rp2_common/pico_platform/platform.c.obj
 .debug_loc     0x0000000000001434      0x45f CMakeFiles/heartrate.dir/home/tina25n/pico/pico-sdk/src/rp2_common/hardware_claim/claim.c.obj
 .debug_loc     0x0000000000001893      0x233 CMakeFiles/heartrate.dir/home/tina25n/pico/pico-sdk/src/rp2_common/hardware_sync/sync.c.obj
 .debug_loc     0x0000000000001ac6     0x13f5 CMakeFiles/heartrate.dir/home/tina25n/pico/pico-sdk/src/rp2_common/hardware_irq/irq.c.obj
 .debug_loc     0x0000000000002ebb       0x60 CMakeFiles/heartrate.dir/home/tina25n/pico/pico-sdk/src/common/pico_sync/lock_core.c.obj
 .debug_loc     0x0000000000002f1b     0x152e CMakeFiles/heartrate.dir/home/tina25n/pico/pico-sdk/src/common/pico_sync/mutex.c.obj
 .debug_loc     0x0000000000004449     0x31e5 CMakeFiles/heartrate.dir/home/tina25n/pico/pico-sdk/src/common/pico_time/time.c.obj
 .debug_loc     0x000000000000762e      0xacb CMakeFiles/heartrate.dir/home/tina25n/pico/pico-sdk/src/rp2_common/hardware_timer/timer.c.obj
 .debug_loc     0x00000000000080f9     0x1446 CMakeFiles/heartrate.dir/home/tina25n/pico/pico-sdk/src/common/pico_util/pheap.c.obj
 .debug_loc     0x000000000000953f      0x832 CMakeFiles/heartrate.dir/home/tina25n/pico/pico-sdk/src/rp2_common/hardware_clocks/clocks.c.obj
 .debug_loc     0x0000000000009d71      0x310 CMakeFiles/heartrate.dir/home/tina25n/pico/pico-sdk/src/rp2_common/hardware_pll/pll.c.obj
 .debug_loc     0x000000000000a081      0x2ec CMakeFiles/heartrate.dir/home/tina25n/pico/pico-sdk/src/rp2_common/hardware_watchdog/watchdog.c.obj
 .debug_loc     0x000000000000a36d       0x71 CMakeFiles/heartrate.dir/home/tina25n/pico/pico-sdk/src/rp2_common/hardware_xosc/xosc.c.obj
 .debug_loc     0x000000000000a3de      0x665 CMakeFiles/heartrate.dir/home/tina25n/pico/pico-sdk/src/rp2_common/pico_runtime/runtime.c.obj
 .debug_loc     0x000000000000aa43     0x2095 CMakeFiles/heartrate.dir/home/tina25n/pico/pico-sdk/src/rp2_common/pico_printf/printf.c.obj
 .debug_loc     0x000000000000cad8      0x1a1 CMakeFiles/heartrate.dir/home/tina25n/pico/pico-sdk/src/rp2_common/pico_bootrom/bootrom.c.obj
 .debug_loc     0x000000000000cc79       0x59 CMakeFiles/heartrate.dir/home/tina25n/pico/pico-sdk/src/rp2_common/pico_double/double_init_rom.c.obj
 .debug_loc     0x000000000000ccd2       0x73 CMakeFiles/heartrate.dir/home/tina25n/pico/pico-sdk/src/rp2_common/pico_float/float_init_rom.c.obj
 .debug_loc     0x000000000000cd45      0xe23 CMakeFiles/heartrate.dir/home/tina25n/pico/pico-sdk/src/rp2_common/pico_stdio/stdio.c.obj
 .debug_loc     0x000000000000db68       0x90 /usr/lib/gcc/arm-none-eabi/10.3.1/../../../arm-none-eabi/lib/thumb/v6-m/nofp/libg.a(lib_a-strlen-stub.o)

.debug_aranges  0x0000000000000000      0xdf8
 .debug_aranges
                0x0000000000000000       0x20 CMakeFiles/heartrate.dir/heartrate.c.obj
 .debug_aranges
                0x0000000000000020      0x100 CMakeFiles/heartrate.dir/home/tina25n/pico/pico-sdk/src/rp2_common/hardware_gpio/gpio.c.obj
 .debug_aranges
                0x0000000000000120       0x28 CMakeFiles/heartrate.dir/home/tina25n/pico/pico-sdk/src/rp2_common/pico_platform/platform.c.obj
 .debug_aranges
                0x0000000000000148       0x48 CMakeFiles/heartrate.dir/home/tina25n/pico/pico-sdk/src/rp2_common/hardware_claim/claim.c.obj
 .debug_aranges
                0x0000000000000190       0x58 CMakeFiles/heartrate.dir/home/tina25n/pico/pico-sdk/src/rp2_common/hardware_sync/sync.c.obj
 .debug_aranges
                0x00000000000001e8       0xc8 CMakeFiles/heartrate.dir/home/tina25n/pico/pico-sdk/src/rp2_common/hardware_irq/irq.c.obj
 .debug_aranges
                0x00000000000002b0       0x20 CMakeFiles/heartrate.dir/home/tina25n/pico/pico-sdk/src/common/pico_sync/lock_core.c.obj
 .debug_aranges
                0x00000000000002d0       0x90 CMakeFiles/heartrate.dir/home/tina25n/pico/pico-sdk/src/common/pico_sync/mutex.c.obj
 .debug_aranges
                0x0000000000000360       0xe8 CMakeFiles/heartrate.dir/home/tina25n/pico/pico-sdk/src/common/pico_time/time.c.obj
 .debug_aranges
                0x0000000000000448       0x88 CMakeFiles/heartrate.dir/home/tina25n/pico/pico-sdk/src/rp2_common/hardware_timer/timer.c.obj
 .debug_aranges
                0x00000000000004d0       0x78 CMakeFiles/heartrate.dir/home/tina25n/pico/pico-sdk/src/common/pico_util/pheap.c.obj
 .debug_aranges
                0x0000000000000548       0x70 CMakeFiles/heartrate.dir/home/tina25n/pico/pico-sdk/src/rp2_common/hardware_clocks/clocks.c.obj
 .debug_aranges
                0x00000000000005b8       0x28 CMakeFiles/heartrate.dir/home/tina25n/pico/pico-sdk/src/rp2_common/hardware_pll/pll.c.obj
 .debug_aranges
                0x00000000000005e0       0x58 CMakeFiles/heartrate.dir/home/tina25n/pico/pico-sdk/src/rp2_common/hardware_watchdog/watchdog.c.obj
 .debug_aranges
                0x0000000000000638       0x30 CMakeFiles/heartrate.dir/home/tina25n/pico/pico-sdk/src/rp2_common/hardware_xosc/xosc.c.obj
 .debug_aranges
                0x0000000000000668       0x88 CMakeFiles/heartrate.dir/home/tina25n/pico/pico-sdk/src/rp2_common/pico_runtime/runtime.c.obj
 .debug_aranges
                0x00000000000006f0       0x90 CMakeFiles/heartrate.dir/home/tina25n/pico/pico-sdk/src/rp2_common/pico_printf/printf.c.obj
 .debug_aranges
                0x0000000000000780       0x68 CMakeFiles/heartrate.dir/home/tina25n/pico/pico-sdk/src/rp2_common/pico_bit_ops/bit_ops_aeabi.S.obj
 .debug_aranges
                0x00000000000007e8       0x30 CMakeFiles/heartrate.dir/home/tina25n/pico/pico-sdk/src/rp2_common/pico_bootrom/bootrom.c.obj
 .debug_aranges
                0x0000000000000818       0x40 CMakeFiles/heartrate.dir/home/tina25n/pico/pico-sdk/src/rp2_common/pico_divider/divider.S.obj
 .debug_aranges
                0x0000000000000858      0x140 CMakeFiles/heartrate.dir/home/tina25n/pico/pico-sdk/src/rp2_common/pico_double/double_aeabi.S.obj
 .debug_aranges
                0x0000000000000998       0x20 CMakeFiles/heartrate.dir/home/tina25n/pico/pico-sdk/src/rp2_common/pico_double/double_init_rom.c.obj
 .debug_aranges
                0x00000000000009b8       0xc8 CMakeFiles/heartrate.dir/home/tina25n/pico/pico-sdk/src/rp2_common/pico_double/double_v1_rom_shim.S.obj
 .debug_aranges
                0x0000000000000a80       0x20 CMakeFiles/heartrate.dir/home/tina25n/pico/pico-sdk/src/rp2_common/pico_int64_ops/pico_int64_ops_aeabi.S.obj
 .debug_aranges
                0x0000000000000aa0      0x130 CMakeFiles/heartrate.dir/home/tina25n/pico/pico-sdk/src/rp2_common/pico_float/float_aeabi.S.obj
 .debug_aranges
                0x0000000000000bd0       0x20 CMakeFiles/heartrate.dir/home/tina25n/pico/pico-sdk/src/rp2_common/pico_float/float_init_rom.c.obj
 .debug_aranges
                0x0000000000000bf0       0x50 CMakeFiles/heartrate.dir/home/tina25n/pico/pico-sdk/src/rp2_common/pico_float/float_v1_rom_shim.S.obj
 .debug_aranges
                0x0000000000000c40       0x38 CMakeFiles/heartrate.dir/home/tina25n/pico/pico-sdk/src/rp2_common/pico_mem_ops/mem_ops_aeabi.S.obj
 .debug_aranges
                0x0000000000000c78       0x28 CMakeFiles/heartrate.dir/home/tina25n/pico/pico-sdk/src/rp2_common/pico_standard_link/crt0.S.obj
 .debug_aranges
                0x0000000000000ca0       0x18 CMakeFiles/heartrate.dir/home/tina25n/pico/pico-sdk/src/rp2_common/pico_standard_link/binary_info.c.obj
 .debug_aranges
                0x0000000000000cb8      0x100 CMakeFiles/heartrate.dir/home/tina25n/pico/pico-sdk/src/rp2_common/pico_stdio/stdio.c.obj
 .debug_aranges
                0x0000000000000db8       0x20 /usr/lib/gcc/arm-none-eabi/10.3.1/thumb/v6-m/nofp/libgcc.a(_dvmd_tls.o)
 .debug_aranges
                0x0000000000000dd8       0x20 /usr/lib/gcc/arm-none-eabi/10.3.1/../../../arm-none-eabi/lib/thumb/v6-m/nofp/libg.a(lib_a-strlen-stub.o)

.debug_ranges   0x0000000000000000     0x2f80
 .debug_ranges  0x0000000000000000       0x10 CMakeFiles/heartrate.dir/heartrate.c.obj
 .debug_ranges  0x0000000000000010      0x150 CMakeFiles/heartrate.dir/home/tina25n/pico/pico-sdk/src/rp2_common/hardware_gpio/gpio.c.obj
 .debug_ranges  0x0000000000000160       0x18 CMakeFiles/heartrate.dir/home/tina25n/pico/pico-sdk/src/rp2_common/pico_platform/platform.c.obj
 .debug_ranges  0x0000000000000178       0xd8 CMakeFiles/heartrate.dir/home/tina25n/pico/pico-sdk/src/rp2_common/hardware_claim/claim.c.obj
 .debug_ranges  0x0000000000000250       0xf0 CMakeFiles/heartrate.dir/home/tina25n/pico/pico-sdk/src/rp2_common/hardware_sync/sync.c.obj