Archive member included to satisfy reference by file (symbol)

/usr/lib/gcc/arm-none-eabi/10.3.1/thumb/v6-m/nofp/libgcc.a(_dvmd_tls.o)
                              CMakeFiles/heartrate.dir/home/tina25n/pico/pico-sdk/src/rp2_common/pico_divider/divider.S.obj (__aeabi_idiv0)
/usr/lib/gcc/arm-none-eabi/10.3.1/../../../arm-none-eabi/lib/thumb/v6-m/nofp/libg.a(lib_a-atexit.o)
                              /usr/lib/gcc/arm-none-eabi/10.3.1/../../../arm-none-eabi/lib/thumb/v6-m/nofp/crt0.o (atexit)
/usr/lib/gcc/arm-none-eabi/10.3.1/../../../arm-none-eabi/lib/thumb/v6-m/nofp/libg.a(lib_a-calloc.o)
                              CMakeFiles/heartrate.dir/home/tina25n/pico/pico-sdk/src/rp2_common/pico_malloc/pico_malloc.c.obj (calloc)
/usr/lib/gcc/arm-none-eabi/10.3.1/../../../arm-none-eabi/lib/thumb/v6-m/nofp/libg.a(lib_a-callocr.o)
                              /usr/lib/gcc/arm-none-eabi/10.3.1/../../../arm-none-eabi/lib/thumb/v6-m/nofp/libg.a(lib_a-calloc.o) (_calloc_r)
/usr/lib/gcc/arm-none-eabi/10.3.1/../../../arm-none-eabi/lib/thumb/v6-m/nofp/libg.a(lib_a-fini.o)
                              /usr/lib/gcc/arm-none-eabi/10.3.1/../../../arm-none-eabi/lib/thumb/v6-m/nofp/crt0.o (__libc_fini_array)
/usr/lib/gcc/arm-none-eabi/10.3.1/../../../arm-none-eabi/lib/thumb/v6-m/nofp/libg.a(lib_a-impure.o)
                              /usr/lib/gcc/arm-none-eabi/10.3.1/../../../arm-none-eabi/lib/thumb/v6-m/nofp/libg.a(lib_a-calloc.o) (_impure_ptr)
/usr/lib/gcc/arm-none-eabi/10.3.1/../../../arm-none-eabi/lib/thumb/v6-m/nofp/libg.a(lib_a-init.o)
                              /usr/lib/gcc/arm-none-eabi/10.3.1/../../../arm-none-eabi/lib/thumb/v6-m/nofp/crt0.o (__libc_init_array)
/usr/lib/gcc/arm-none-eabi/10.3.1/../../../arm-none-eabi/lib/thumb/v6-m/nofp/libg.a(lib_a-malloc.o)
                              CMakeFiles/heartrate.dir/home/tina25n/pico/pico-sdk/src/rp2_common/pico_malloc/pico_malloc.c.obj (malloc)
/usr/lib/gcc/arm-none-eabi/10.3.1/../../../arm-none-eabi/lib/thumb/v6-m/nofp/libg.a(lib_a-mallocr.o)
                              /usr/lib/gcc/arm-none-eabi/10.3.1/../../../arm-none-eabi/lib/thumb/v6-m/nofp/libg.a(lib_a-callocr.o) (_malloc_r)
/usr/lib/gcc/arm-none-eabi/10.3.1/../../../arm-none-eabi/lib/thumb/v6-m/nofp/libg.a(lib_a-memcmp.o)
                              CMakeFiles/heartrate.dir/home/tina25n/pico/pico-sdk/lib/cyw43-driver/src/cyw43_ll.c.obj (memcmp)
/usr/lib/gcc/arm-none-eabi/10.3.1/../../../arm-none-eabi/lib/thumb/v6-m/nofp/libg.a(lib_a-memmove.o)
                              CMakeFiles/heartrate.dir/home/tina25n/pico/pico-sdk/lib/cyw43-driver/src/cyw43_ll.c.obj (memmove)
/usr/lib/gcc/arm-none-eabi/10.3.1/../../../arm-none-eabi/lib/thumb/v6-m/nofp/libg.a(lib_a-mlock.o)
                              /usr/lib/gcc/arm-none-eabi/10.3.1/../../../arm-none-eabi/lib/thumb/v6-m/nofp/libg.a(lib_a-mallocr.o) (__malloc_lock)
/usr/lib/gcc/arm-none-eabi/10.3.1/../../../arm-none-eabi/lib/thumb/v6-m/nofp/libg.a(lib_a-realloc.o)
                              CMakeFiles/heartrate.dir/home/tina25n/pico/pico-sdk/src/rp2_common/pico_malloc/pico_malloc.c.obj (realloc)
/usr/lib/gcc/arm-none-eabi/10.3.1/../../../arm-none-eabi/lib/thumb/v6-m/nofp/libg.a(lib_a-reallocr.o)
                              /usr/lib/gcc/arm-none-eabi/10.3.1/../../../arm-none-eabi/lib/thumb/v6-m/nofp/libg.a(lib_a-realloc.o) (_realloc_r)
/usr/lib/gcc/arm-none-eabi/10.3.1/../../../arm-none-eabi/lib/thumb/v6-m/nofp/libg.a(lib_a-sbrkr.o)
                              /usr/lib/gcc/arm-none-eabi/10.3.1/../../../arm-none-eabi/lib/thumb/v6-m/nofp/libg.a(lib_a-mallocr.o) (_sbrk_r)
/usr/lib/gcc/arm-none-eabi/10.3.1/../../../arm-none-eabi/lib/thumb/v6-m/nofp/libg.a(lib_a-strlen-stub.o)
                              CMakeFiles/heartrate.dir/home/tina25n/pico/pico-sdk/src/rp2_common/pico_stdio/stdio.c.obj (strlen)
/usr/lib/gcc/arm-none-eabi/10.3.1/../../../arm-none-eabi/lib/thumb/v6-m/nofp/libg.a(lib_a-strncmp.o)
                              CMakeFiles/heartrate.dir/home/tina25n/pico/pico-sdk/lib/cyw43-driver/src/cyw43_ll.c.obj (strncmp)
/usr/lib/gcc/arm-none-eabi/10.3.1/../../../arm-none-eabi/lib/thumb/v6-m/nofp/libg.a(lib_a-__atexit.o)
                              /usr/lib/gcc/arm-none-eabi/10.3.1/../../../arm-none-eabi/lib/thumb/v6-m/nofp/libg.a(lib_a-atexit.o) (__register_exitproc)
/usr/lib/gcc/arm-none-eabi/10.3.1/../../../arm-none-eabi/lib/thumb/v6-m/nofp/libg.a(lib_a-freer.o)
                              /usr/lib/gcc/arm-none-eabi/10.3.1/../../../arm-none-eabi/lib/thumb/v6-m/nofp/libg.a(lib_a-malloc.o) (_free_r)
/usr/lib/gcc/arm-none-eabi/10.3.1/../../../arm-none-eabi/lib/thumb/v6-m/nofp/libg.a(lib_a-reent.o)
                              /usr/lib/gcc/arm-none-eabi/10.3.1/../../../arm-none-eabi/lib/thumb/v6-m/nofp/libg.a(lib_a-sbrkr.o) (errno)

Discarded input sections

 .text          0x0000000000000000        0x0 /usr/lib/gcc/arm-none-eabi/10.3.1/thumb/v6-m/nofp/crti.o
[...]
Memory Configuration

Name             Origin             Length             Attributes
FLASH            0x0000000010000000 0x0000000000200000 xr
RAM              0x0000000020000000 0x0000000000040000 xrw
SCRATCH_X        0x0000000020040000 0x0000000000001000 xrw
SCRATCH_Y        0x0000000020041000 0x0000000000001000 xrw
*default*        0x0000000000000000 0xffffffffffffffff

Linker script and memory map

LOAD /usr/lib/gcc/arm-none-eabi/10.3.1/thumb/v6-m/nofp/crti.o
LOAD /usr/lib/gcc/arm-none-eabi/10.3.1/thumb/v6-m/nofp/crtbegin.o
LOAD /usr/lib/gcc/arm-none-eabi/10.3.1/../../../arm-none-eabi/lib/thumb/v6-m/nofp/crt0.o

.flash_begin    0x0000000010000000        0x0
                0x0000000010000000                __flash_binary_start = .

.boot2          0x0000000010000000      0x100
                0x0000000010000000                __boot2_start__ = .
 *(.boot2)
 .boot2         0x0000000010000000      0x100 /tmp/ccEk2TnS.o
                0x0000000010000100                __boot2_end__ = .
                0x0000000000000001                ASSERT (((__boot2_end__ - __boot2_start__) == 0x100), ERROR: Pico second stage bootloader must be 256 bytes in size)

.text           0x0000000010000100     0xa050
                0x0000000010000100                __logical_binary_start = .
 *(.vectors)
 .vectors       0x0000000010000100       0xd4 CMakeFiles/heartrate.dir/home/tina25n/pico/pico-sdk/src/rp2_common/pico_standard_link/crt0.S.obj
                0x0000000010000100                __vectors
                0x0000000010000100                __VECTOR_TABLE
                0x00000000100001c0                isr_invalid
                0x00000000100001c0                __default_isrs_start
                0x00000000100001c2                isr_nmi
                0x00000000100001c4                isr_hardfault
                0x00000000100001c6                isr_svcall
                0x00000000100001c8                isr_pendsv
                0x00000000100001ca                isr_systick
                0x00000000100001cc                isr_irq30
                0x00000000100001cc                __unhandled_user_irq
                0x00000000100001cc                isr_irq13
                0x00000000100001cc                isr_irq27
                0x00000000100001cc                isr_irq31
                0x00000000100001cc                isr_irq5
                0x00000000100001cc                isr_irq11
                0x00000000100001cc                isr_irq23
                0x00000000100001cc                isr_irq18
                0x00000000100001cc                isr_irq28
                0x00000000100001cc                isr_irq19
                0x00000000100001cc                isr_irq0
                0x00000000100001cc                isr_irq6
                0x00000000100001cc                isr_irq22
                0x00000000100001cc                isr_irq17
                0x00000000100001cc                isr_irq14
                0x00000000100001cc                isr_irq2
                0x00000000100001cc                isr_irq10
                0x00000000100001cc                isr_irq8
                0x00000000100001cc                isr_irq24
                0x00000000100001cc                isr_irq1
                0x00000000100001cc                isr_irq7
                0x00000000100001cc                isr_irq21
                0x00000000100001cc                isr_irq20
                0x00000000100001cc                isr_irq15
                0x00000000100001cc                isr_irq25
                0x00000000100001cc                isr_irq4
                0x00000000100001cc                isr_irq16
                0x00000000100001cc                isr_irq29
                0x00000000100001cc                isr_irq26
                0x00000000100001cc                __default_isrs_end
                0x00000000100001cc                isr_irq3
                0x00000000100001cc                isr_irq12
                0x00000000100001cc                isr_irq9
                0x00000000100001d2                unhandled_user_irq_num_in_r0
 *(.binary_info_header)
 .binary_info_header
                0x00000000100001d4       0x14 CMakeFiles/heartrate.dir/home/tina25n/pico/pico-sdk/src/rp2_common/pico_standard_link/crt0.S.obj
                0x00000000100001e8                __binary_info_header_end = .
 *(.reset)
 .reset         0x00000000100001e8       0xa0 CMakeFiles/heartrate.dir/home/tina25n/pico/pico-sdk/src/rp2_common/pico_standard_link/crt0.S.obj
                0x00000000100001e8                _entry_point
 .reset         0x0000000010000288       0x30 CMakeFiles/heartrate.dir/home/tina25n/pico/pico-sdk/src/rp2_common/pico_standard_link/binary_info.c.obj
 *(.init)
 .init          0x00000000100002b8        0x4 /usr/lib/gcc/arm-none-eabi/10.3.1/thumb/v6-m/nofp/crti.o
                0x00000000100002b8                _init
 *(EXCLUDE_FILE(*libm.a: *libc.a:*lib_a-mem*.o *libgcc.a:) .text*)
 .text          0x00000000100002bc       0x98 /usr/lib/gcc/arm-none-eabi/10.3.1/thumb/v6-m/nofp/crtbegin.o
 .text.main     0x0000000010000354       0x48 CMakeFiles/heartrate.dir/heartrate.c.obj
                0x0000000010000354                main
 .text.gpio_set_function
                0x000000001000039c       0x30 CMakeFiles/heartrate.dir/home/tina25n/pico/pico-sdk/src/rp2_common/hardware_gpio/gpio.c.obj
                0x000000001000039c                gpio_set_function
 .text.gpio_set_pulls
                0x00000000100003cc       0x34 CMakeFiles/heartrate.dir/home/tina25n/pico/pico-sdk/src/rp2_common/hardware_gpio/gpio.c.obj
                0x00000000100003cc                gpio_set_pulls
 .text.gpio_set_input_hysteresis_enabled
                0x0000000010000400       0x30 CMakeFiles/heartrate.dir/home/tina25n/pico/pico-sdk/src/rp2_common/hardware_gpio/gpio.c.obj
                0x0000000010000400                gpio_set_input_hysteresis_enabled
 .text.gpio_add_raw_irq_handler_with_order_priority_masked
                0x0000000010000430       0x40 CMakeFiles/heartrate.dir/home/tina25n/pico/pico-sdk/src/rp2_common/hardware_gpio/gpio.c.obj
                0x0000000010000430                gpio_add_raw_irq_handler_with_order_priority_masked
 .text.gpio_remove_raw_irq_handler_masked
                0x0000000010000470       0x48 CMakeFiles/heartrate.dir/home/tina25n/pico/pico-sdk/src/rp2_common/hardware_gpio/gpio.c.obj
                0x0000000010000470                gpio_remove_raw_irq_handler_masked
 .text.gpio_acknowledge_irq
                0x00000000100004b8       0x18 CMakeFiles/heartrate.dir/home/tina25n/pico/pico-sdk/src/rp2_common/hardware_gpio/gpio.c.obj
                0x00000000100004b8                gpio_acknowledge_irq
 .text._gpio_set_irq_enabled
                0x00000000100004d0       0x34 CMakeFiles/heartrate.dir/home/tina25n/pico/pico-sdk/src/rp2_common/hardware_gpio/gpio.c.obj
 .text.gpio_set_irq_enabled
                0x0000000010000504       0x20 CMakeFiles/heartrate.dir/home/tina25n/pico/pico-sdk/src/rp2_common/hardware_gpio/gpio.c.obj
                0x0000000010000504                gpio_set_irq_enabled
 .text.gpio_init
                0x0000000010000524       0x16 CMakeFiles/heartrate.dir/home/tina25n/pico/pico-sdk/src/rp2_common/hardware_gpio/gpio.c.obj
                0x0000000010000524                gpio_init
 *fill*         0x000000001000053a        0x2 
 .text.running_on_fpga
                0x000000001000053c       0x14 CMakeFiles/heartrate.dir/home/tina25n/pico/pico-sdk/src/rp2_common/pico_platform/platform.c.obj
                0x000000001000053c                running_on_fpga
 .text.hw_claim_lock
                0x0000000010000550       0x18 CMakeFiles/heartrate.dir/home/tina25n/pico/pico-sdk/src/rp2_common/hardware_claim/claim.c.obj
                0x0000000010000550                hw_claim_lock
 .text.hw_claim_unlock
                0x0000000010000568       0x14 CMakeFiles/heartrate.dir/home/tina25n/pico/pico-sdk/src/rp2_common/hardware_claim/claim.c.obj
                0x0000000010000568                hw_claim_unlock
 .text.hw_claim_or_assert
                0x000000001000057c       0x32 CMakeFiles/heartrate.dir/home/tina25n/pico/pico-sdk/src/rp2_common/hardware_claim/claim.c.obj
                0x000000001000057c                hw_claim_or_assert
 .text.hw_claim_unused_from_range
                0x00000000100005ae       0x50 CMakeFiles/heartrate.dir/home/tina25n/pico/pico-sdk/src/rp2_common/hardware_claim/claim.c.obj
                0x00000000100005ae                hw_claim_unused_from_range
 *fill*         0x00000000100005fe        0x2 
 .text.hw_claim_clear
                0x0000000010000600       0x40 CMakeFiles/heartrate.dir/home/tina25n/pico/pico-sdk/src/rp2_common/hardware_claim/claim.c.obj
                0x0000000010000600                hw_claim_clear
 .text.spin_locks_reset
                0x0000000010000640       0x20 CMakeFiles/heartrate.dir/home/tina25n/pico/pico-sdk/src/rp2_common/hardware_sync/sync.c.obj
                0x0000000010000640                spin_locks_reset
 .text.next_striped_spin_lock_num
                0x0000000010000660       0x1c CMakeFiles/heartrate.dir/home/tina25n/pico/pico-sdk/src/rp2_common/hardware_sync/sync.c.obj
                0x0000000010000660                next_striped_spin_lock_num
 .text.spin_lock_claim_unused
                0x000000001000067c       0x20 CMakeFiles/heartrate.dir/home/tina25n/pico/pico-sdk/src/rp2_common/hardware_sync/sync.c.obj
                0x000000001000067c                spin_lock_claim_unused
 .text.set_raw_irq_handler_and_unlock
                0x000000001000069c       0x28 CMakeFiles/heartrate.dir/home/tina25n/pico/pico-sdk/src/rp2_common/hardware_irq/irq.c.obj
 .text.get_user_irq_claim_index
                0x00000000100006c4        0x6 CMakeFiles/heartrate.dir/home/tina25n/pico/pico-sdk/src/rp2_common/hardware_irq/irq.c.obj
 *fill*         0x00000000100006ca        0x2 
 .text.make_branch
                0x00000000100006cc       0x48 CMakeFiles/heartrate.dir/home/tina25n/pico/pico-sdk/src/rp2_common/hardware_irq/irq.c.obj
 .text.insert_branch_and_link
                0x0000000010000714       0x40 CMakeFiles/heartrate.dir/home/tina25n/pico/pico-sdk/src/rp2_common/hardware_irq/irq.c.obj
 .text.irq_is_enabled
                0x0000000010000754       0x18 CMakeFiles/heartrate.dir/home/tina25n/pico/pico-sdk/src/rp2_common/hardware_irq/irq.c.obj
                0x0000000010000754                irq_is_enabled
 .text.irq_set_mask_enabled
                0x000000001000076c       0x20 CMakeFiles/heartrate.dir/home/tina25n/pico/pico-sdk/src/rp2_common/hardware_irq/irq.c.obj
                0x000000001000076c                irq_set_mask_enabled
 .text.irq_set_enabled
                0x000000001000078c        0xe CMakeFiles/heartrate.dir/home/tina25n/pico/pico-sdk/src/rp2_common/hardware_irq/irq.c.obj
                0x000000001000078c                irq_set_enabled
 *fill*         0x000000001000079a        0x2 
 .text.irq_set_pending
                0x000000001000079c       0x10 CMakeFiles/heartrate.dir/home/tina25n/pico/pico-sdk/src/rp2_common/hardware_irq/irq.c.obj
                0x000000001000079c                irq_set_pending
 .text.irq_get_vtable_handler
                0x00000000100007ac       0x10 CMakeFiles/heartrate.dir/home/tina25n/pico/pico-sdk/src/rp2_common/hardware_irq/irq.c.obj
                0x00000000100007ac                irq_get_vtable_handler
 .text.irq_has_shared_handler
                0x00000000100007bc       0x24 CMakeFiles/heartrate.dir/home/tina25n/pico/pico-sdk/src/rp2_common/hardware_irq/irq.c.obj
                0x00000000100007bc                irq_has_shared_handler
 .text.irq_set_exclusive_handler
                0x00000000100007e0       0x54 CMakeFiles/heartrate.dir/home/tina25n/pico/pico-sdk/src/rp2_common/hardware_irq/irq.c.obj
                0x00000000100007e0                irq_set_exclusive_handler
 .text.irq_add_shared_handler
                0x0000000010000834      0x234 CMakeFiles/heartrate.dir/home/tina25n/pico/pico-sdk/src/rp2_common/hardware_irq/irq.c.obj
                0x0000000010000834                irq_add_shared_handler
 .text.irq_remove_handler
                0x0000000010000a68      0x1ac CMakeFiles/heartrate.dir/home/tina25n/pico/pico-sdk/src/rp2_common/hardware_irq/irq.c.obj
                0x0000000010000a68                irq_remove_handler
 .text.irq_set_priority
                0x0000000010000c14       0x28 CMakeFiles/heartrate.dir/home/tina25n/pico/pico-sdk/src/rp2_common/hardware_irq/irq.c.obj
                0x0000000010000c14                irq_set_priority
 .text.irq_add_tail_to_free_list
                0x0000000010000c3c       0xf0 CMakeFiles/heartrate.dir/home/tina25n/pico/pico-sdk/src/rp2_common/hardware_irq/irq.c.obj
                0x0000000010000c3c                irq_add_tail_to_free_list
 .text.irq_init_priorities
                0x0000000010000d2c       0x1c CMakeFiles/heartrate.dir/home/tina25n/pico/pico-sdk/src/rp2_common/hardware_irq/irq.c.obj
                0x0000000010000d2c                irq_init_priorities
 .text.user_irq_unclaim
                0x0000000010000d48       0x14 CMakeFiles/heartrate.dir/home/tina25n/pico/pico-sdk/src/rp2_common/hardware_irq/irq.c.obj
                0x0000000010000d48                user_irq_unclaim
 .text.user_irq_claim_unused
                0x0000000010000d5c       0x28 CMakeFiles/heartrate.dir/home/tina25n/pico/pico-sdk/src/rp2_common/hardware_irq/irq.c.obj
                0x0000000010000d5c                user_irq_claim_unused
 .text.sem_init
                0x0000000010000d84       0x1e CMakeFiles/heartrate.dir/home/tina25n/pico/pico-sdk/src/common/pico_sync/sem.c.obj
                0x0000000010000d84                sem_init
 *fill*         0x0000000010000da2        0x2 
 .text.lock_init
                0x0000000010000da4       0x10 CMakeFiles/heartrate.dir/home/tina25n/pico/pico-sdk/src/common/pico_sync/lock_core.c.obj
                0x0000000010000da4                lock_init
 .text.mutex_init
                0x0000000010000db4       0x1a CMakeFiles/heartrate.dir/home/tina25n/pico/pico-sdk/src/common/pico_sync/mutex.c.obj
                0x0000000010000db4                mutex_init
 .text.recursive_mutex_init
                0x0000000010000dce       0x1e CMakeFiles/heartrate.dir/home/tina25n/pico/pico-sdk/src/common/pico_sync/mutex.c.obj
                0x0000000010000dce                recursive_mutex_init
 .text.critical_section_init_with_lock_num
                0x0000000010000dec       0x14 CMakeFiles/heartrate.dir/home/tina25n/pico/pico-sdk/src/common/pico_sync/critical_section.c.obj
                0x0000000010000dec                critical_section_init_with_lock_num
 .text.critical_section_init
                0x0000000010000e00       0x14 CMakeFiles/heartrate.dir/home/tina25n/pico/pico-sdk/src/common/pico_sync/critical_section.c.obj
                0x0000000010000e00                critical_section_init
 .text.alarm_pool_post_alloc_init
                0x0000000010000e14       0x40 CMakeFiles/heartrate.dir/home/tina25n/pico/pico-sdk/src/common/pico_time/time.c.obj
 .text.sleep_until_callback
                0x0000000010000e54       0x30 CMakeFiles/heartrate.dir/home/tina25n/pico/pico-sdk/src/common/pico_time/time.c.obj
 .text.timer_pool_entry_comparator
                0x0000000010000e84       0x7c CMakeFiles/heartrate.dir/home/tina25n/pico/pico-sdk/src/common/pico_time/time.c.obj
                0x0000000010000e84                timer_pool_entry_comparator
 .text.ph_add_child_node
                0x0000000010000f00       0xa4 CMakeFiles/heartrate.dir/home/tina25n/pico/pico-sdk/src/common/pico_time/time.c.obj
 .text.ph_merge_nodes
                0x0000000010000fa4       0x3e CMakeFiles/heartrate.dir/home/tina25n/pico/pico-sdk/src/common/pico_time/time.c.obj
 *fill*         0x0000000010000fe2        0x2 
 .text.add_alarm_under_lock
                0x0000000010000fe4      0x174 CMakeFiles/heartrate.dir/home/tina25n/pico/pico-sdk/src/common/pico_time/time.c.obj
 .text.alarm_pool_alarm_callback
                0x0000000010001158      0x33c CMakeFiles/heartrate.dir/home/tina25n/pico/pico-sdk/src/common/pico_time/time.c.obj
 .text.alarm_pool_init_default
                0x0000000010001494       0x40 CMakeFiles/heartrate.dir/home/tina25n/pico/pico-sdk/src/common/pico_time/time.c.obj
                0x0000000010001494                alarm_pool_init_default
 .text.alarm_pool_get_default
                0x00000000100014d4       0x2c CMakeFiles/heartrate.dir/home/tina25n/pico/pico-sdk/src/common/pico_time/time.c.obj
                0x00000000100014d4                alarm_pool_get_default
 .text.alarm_pool_add_alarm_at
                0x0000000010001500      0x168 CMakeFiles/heartrate.dir/home/tina25n/pico/pico-sdk/src/common/pico_time/time.c.obj
                0x0000000010001500                alarm_pool_add_alarm_at
 .text.alarm_pool_cancel_alarm
                0x0000000010001668       0xf8 CMakeFiles/heartrate.dir/home/tina25n/pico/pico-sdk/src/common/pico_time/time.c.obj
                0x0000000010001668                alarm_pool_cancel_alarm
 .text.alarm_pool_core_num
                0x0000000010001760        0x4 CMakeFiles/heartrate.dir/home/tina25n/pico/pico-sdk/src/common/pico_time/time.c.obj
                0x0000000010001760                alarm_pool_core_num
 .text.sleep_until
                0x0000000010001764       0xfc CMakeFiles/heartrate.dir/home/tina25n/pico/pico-sdk/src/common/pico_time/time.c.obj
                0x0000000010001764                sleep_until
 .text.sleep_us
                0x0000000010001860       0x58 CMakeFiles/heartrate.dir/home/tina25n/pico/pico-sdk/src/common/pico_time/time.c.obj
                0x0000000010001860                sleep_us
 .text.sleep_ms
                0x00000000100018b8       0x14 CMakeFiles/heartrate.dir/home/tina25n/pico/pico-sdk/src/common/pico_time/time.c.obj
                0x00000000100018b8                sleep_ms
 .text.best_effort_wfe_or_timeout
                0x00000000100018cc       0xac CMakeFiles/heartrate.dir/home/tina25n/pico/pico-sdk/src/common/pico_time/time.c.obj
                0x00000000100018cc                best_effort_wfe_or_timeout
 .text.hardware_alarm_irq_handler
                0x0000000010001978       0x90 CMakeFiles/heartrate.dir/home/tina25n/pico/pico-sdk/src/rp2_common/hardware_timer/timer.c.obj
 .text.hardware_alarm_claim
                0x0000000010001a08       0x18 CMakeFiles/heartrate.dir/home/tina25n/pico/pico-sdk/src/rp2_common/hardware_timer/timer.c.obj
                0x0000000010001a08                hardware_alarm_claim
 .text.time_us_64
                0x0000000010001a20       0x18 CMakeFiles/heartrate.dir/home/tina25n/pico/pico-sdk/src/rp2_common/hardware_timer/timer.c.obj
                0x0000000010001a20                time_us_64
 .text.busy_wait_until
                0x0000000010001a38       0x28 CMakeFiles/heartrate.dir/home/tina25n/pico/pico-sdk/src/rp2_common/hardware_timer/timer.c.obj
                0x0000000010001a38                busy_wait_until
 .text.hardware_alarm_set_callback
                0x0000000010001a60       0x90 CMakeFiles/heartrate.dir/home/tina25n/pico/pico-sdk/src/rp2_common/hardware_timer/timer.c.obj
                0x0000000010001a60                hardware_alarm_set_callback
 .text.hardware_alarm_set_target
                0x0000000010001af0       0xe8 CMakeFiles/heartrate.dir/home/tina25n/pico/pico-sdk/src/rp2_common/hardware_timer/timer.c.obj
                0x0000000010001af0                hardware_alarm_set_target
 .text.hardware_alarm_cancel
                0x0000000010001bd8       0x40 CMakeFiles/heartrate.dir/home/tina25n/pico/pico-sdk/src/rp2_common/hardware_timer/timer.c.obj
                0x0000000010001bd8                hardware_alarm_cancel
 .text.ph_add_child_node
                0x0000000010001c18       0xa4 CMakeFiles/heartrate.dir/home/tina25n/pico/pico-sdk/src/common/pico_util/pheap.c.obj
 .text.ph_merge_nodes
                0x0000000010001cbc       0x3e CMakeFiles/heartrate.dir/home/tina25n/pico/pico-sdk/src/common/pico_util/pheap.c.obj
 *fill*         0x0000000010001cfa        0x2 
 .text.ph_clear
                0x0000000010001cfc       0x70 CMakeFiles/heartrate.dir/home/tina25n/pico/pico-sdk/src/common/pico_util/pheap.c.obj
                0x0000000010001cfc                ph_clear
 .text.ph_post_alloc_init
                0x0000000010001d6c        0xe CMakeFiles/heartrate.dir/home/tina25n/pico/pico-sdk/src/common/pico_util/pheap.c.obj
                0x0000000010001d6c                ph_post_alloc_init
 *fill*         0x0000000010001d7a        0x2 
 .text.ph_merge_two_pass
                0x0000000010001d7c       0xa8 CMakeFiles/heartrate.dir/home/tina25n/pico/pico-sdk/src/common/pico_util/pheap.c.obj
                0x0000000010001d7c                ph_merge_two_pass
 .text.ph_remove_any_head
                0x0000000010001e24      0x128 CMakeFiles/heartrate.dir/home/tina25n/pico/pico-sdk/src/common/pico_util/pheap.c.obj
 .text.ph_remove_head
                0x0000000010001f4c       0x14 CMakeFiles/heartrate.dir/home/tina25n/pico/pico-sdk/src/common/pico_util/pheap.c.obj
                0x0000000010001f4c                ph_remove_head
 .text.ph_remove_and_free_node
                0x0000000010001f60       0xf8 CMakeFiles/heartrate.dir/home/tina25n/pico/pico-sdk/src/common/pico_util/pheap.c.obj
                0x0000000010001f60                ph_remove_and_free_node
 .text.clock_configure
                0x0000000010002058      0x108 CMakeFiles/heartrate.dir/home/tina25n/pico/pico-sdk/src/rp2_common/hardware_clocks/clocks.c.obj
                0x0000000010002058                clock_configure
 .text.clocks_init
                0x0000000010002160      0x100 CMakeFiles/heartrate.dir/home/tina25n/pico/pico-sdk/src/rp2_common/hardware_clocks/clocks.c.obj
                0x0000000010002160                clocks_init
 .text.clock_get_hz
                0x0000000010002260        0xc CMakeFiles/heartrate.dir/home/tina25n/pico/pico-sdk/src/rp2_common/hardware_clocks/clocks.c.obj
                0x0000000010002260                clock_get_hz
 .text.pll_init
                0x000000001000226c      0x120 CMakeFiles/heartrate.dir/home/tina25n/pico/pico-sdk/src/rp2_common/hardware_pll/pll.c.obj
                0x000000001000226c                pll_init
 .text.watchdog_start_tick
                0x000000001000238c       0x10 CMakeFiles/heartrate.dir/home/tina25n/pico/pico-sdk/src/rp2_common/hardware_watchdog/watchdog.c.obj
                0x000000001000238c                watchdog_start_tick
 .text.watchdog_update
                0x000000001000239c       0x14 CMakeFiles/heartrate.dir/home/tina25n/pico/pico-sdk/src/rp2_common/hardware_watchdog/watchdog.c.obj
                0x000000001000239c                watchdog_update
 .text._watchdog_enable
                0x00000000100023b0       0x78 CMakeFiles/heartrate.dir/home/tina25n/pico/pico-sdk/src/rp2_common/hardware_watchdog/watchdog.c.obj
                0x00000000100023b0                _watchdog_enable
 .text.watchdog_reboot
                0x0000000010002428       0x48 CMakeFiles/heartrate.dir/home/tina25n/pico/pico-sdk/src/rp2_common/hardware_watchdog/watchdog.c.obj
                0x0000000010002428                watchdog_reboot
 .text.xosc_init
                0x0000000010002470       0x28 CMakeFiles/heartrate.dir/home/tina25n/pico/pico-sdk/src/rp2_common/hardware_xosc/xosc.c.obj
                0x0000000010002470                xosc_init
 .text._exit    0x0000000010002498        0x4 CMakeFiles/heartrate.dir/home/tina25n/pico/pico-sdk/src/rp2_common/pico_runtime/runtime.c.obj
                0x0000000010002498                _exit
 .text.exit     0x000000001000249c        0x6 CMakeFiles/heartrate.dir/home/tina25n/pico/pico-sdk/src/rp2_common/pico_runtime/runtime.c.obj
                0x000000001000249c                exit
 *fill*         0x00000000100024a2        0x2 
 .text.__assert_func
                0x00000000100024a4       0x3c CMakeFiles/heartrate.dir/home/tina25n/pico/pico-sdk/src/rp2_common/pico_runtime/runtime.c.obj
                0x00000000100024a4                __assert_func
 .text.runtime_init
                0x00000000100024e0       0xf8 CMakeFiles/heartrate.dir/home/tina25n/pico/pico-sdk/src/rp2_common/pico_runtime/runtime.c.obj
                0x00000000100024e0                runtime_init
 .text.panic    0x00000000100025d8       0x30 CMakeFiles/heartrate.dir/home/tina25n/pico/pico-sdk/src/rp2_common/pico_runtime/runtime.c.obj
                0x00000000100025d8                panic
 .text.panic_unsupported
                0x0000000010002608        0xc CMakeFiles/heartrate.dir/home/tina25n/pico/pico-sdk/src/rp2_common/pico_runtime/runtime.c.obj
                0x0000000010002608                panic_unsupported
 .text._out_null
                0x0000000010002614        0x2 CMakeFiles/heartrate.dir/home/tina25n/pico/pico-sdk/src/rp2_common/pico_printf/printf.c.obj
 .text._out_fct
                0x0000000010002616        0xe CMakeFiles/heartrate.dir/home/tina25n/pico/pico-sdk/src/rp2_common/pico_printf/printf.c.obj
 .text._atoi    0x0000000010002624       0x24 CMakeFiles/heartrate.dir/home/tina25n/pico/pico-sdk/src/rp2_common/pico_printf/printf.c.obj
 .text._out_rev
                0x0000000010002648       0xae CMakeFiles/heartrate.dir/home/tina25n/pico/pico-sdk/src/rp2_common/pico_printf/printf.c.obj
 .text._ntoa_format
                0x00000000100026f6      0x112 CMakeFiles/heartrate.dir/home/tina25n/pico/pico-sdk/src/rp2_common/pico_printf/printf.c.obj
 .text._ntoa_long
                0x0000000010002808       0xbc CMakeFiles/heartrate.dir/home/tina25n/pico/pico-sdk/src/rp2_common/pico_printf/printf.c.obj
 .text._ntoa_long_long
                0x00000000100028c4       0xe2 CMakeFiles/heartrate.dir/home/tina25n/pico/pico-sdk/src/rp2_common/pico_printf/printf.c.obj
 *fill*         0x00000000100029a6        0x2 
 .text._etoa    0x00000000100029a8      0x414 CMakeFiles/heartrate.dir/home/tina25n/pico/pico-sdk/src/rp2_common/pico_printf/printf.c.obj
 .text._ftoa    0x0000000010002dbc      0x354 CMakeFiles/heartrate.dir/home/tina25n/pico/pico-sdk/src/rp2_common/pico_printf/printf.c.obj
 .text._vsnprintf
                0x0000000010003110      0x624 CMakeFiles/heartrate.dir/home/tina25n/pico/pico-sdk/src/rp2_common/pico_printf/printf.c.obj
 .text.vfctprintf
                0x0000000010003734       0x20 CMakeFiles/heartrate.dir/home/tina25n/pico/pico-sdk/src/rp2_common/pico_printf/printf.c.obj
                0x0000000010003734                vfctprintf
 .text          0x0000000010003754       0x10 CMakeFiles/heartrate.dir/home/tina25n/pico/pico-sdk/src/rp2_common/pico_bit_ops/bit_ops_aeabi.S.obj
 .text.ctzsi    0x0000000010003764        0xc CMakeFiles/heartrate.dir/home/tina25n/pico/pico-sdk/src/rp2_common/pico_bit_ops/bit_ops_aeabi.S.obj
                0x0000000010003764                __wrap___ctzsi2
 .text.rom_func_lookup
                0x0000000010003770       0x10 CMakeFiles/heartrate.dir/home/tina25n/pico/pico-sdk/src/rp2_common/pico_bootrom/bootrom.c.obj
                0x0000000010003770                rom_func_lookup
 .text.rom_data_lookup
                0x0000000010003780       0x10 CMakeFiles/heartrate.dir/home/tina25n/pico/pico-sdk/src/rp2_common/pico_bootrom/bootrom.c.obj
                0x0000000010003780                rom_data_lookup
 .text.rom_funcs_lookup
                0x0000000010003790       0x36 CMakeFiles/heartrate.dir/home/tina25n/pico/pico-sdk/src/rp2_common/pico_bootrom/bootrom.c.obj
                0x0000000010003790                rom_funcs_lookup
 *fill*         0x00000000100037c6        0x2 
 .text.__wrap___aeabi_idiv
                0x00000000100037c8       0x50 CMakeFiles/heartrate.dir/home/tina25n/pico/pico-sdk/src/rp2_common/pico_divider/divider.S.obj
                0x00000000100037c8                __wrap___aeabi_idivmod
                0x00000000100037c8                divmod_s32s32
                0x00000000100037c8                div_s32s32
                0x00000000100037c8                __wrap___aeabi_idiv
                0x00000000100037d0                divmod_s32s32_unsafe
                0x00000000100037fc                divmod_s32s32_savestate
 .text.__wrap___aeabi_uidiv
                0x0000000010003818       0x4c CMakeFiles/heartrate.dir/home/tina25n/pico/pico-sdk/src/rp2_common/pico_divider/divider.S.obj
                0x0000000010003818                __wrap___aeabi_uidiv
                0x0000000010003818                __wrap___aeabi_uidivmod
                0x0000000010003818                div_u32u32
                0x0000000010003818                divmod_u32u32
                0x0000000010003820                divmod_u32u32_unsafe
                0x0000000010003848                divmod_u32u32_savestate
 .text.__wrap___aeabi_ldiv
                0x0000000010003864      0x424 CMakeFiles/heartrate.dir/home/tina25n/pico/pico-sdk/src/rp2_common/pico_divider/divider.S.obj
                0x0000000010003864                div_s64s64
                0x0000000010003864                divmod_s64s64
                0x0000000010003864                __wrap___aeabi_ldivmod
                0x0000000010003894                div_u64u64
                0x0000000010003894                divmod_u64u64
                0x0000000010003894                __wrap___aeabi_uldivmod
                0x00000000100038a4                divmod_u64u64_savestate
                0x00000000100038c4                divmod_s64s64_unsafe
                0x000000001000394c                divmod_u64u64_unsafe
 .text.__wrap___aeabi_darithmetic
                0x0000000010003c88       0x60 CMakeFiles/heartrate.dir/home/tina25n/pico/pico-sdk/src/rp2_common/pico_double/double_aeabi.S.obj
                0x0000000010003c88                __wrap___aeabi_drsub
                0x0000000010003c8e                __wrap___aeabi_dsub
                0x0000000010003c98                __wrap___aeabi_dadd
                0x0000000010003ca2                __wrap___aeabi_ddiv
                0x0000000010003cd6                __wrap___aeabi_dmul
 .text.__wrap___aeabi_cdcmple
                0x0000000010003ce8       0x6c CMakeFiles/heartrate.dir/home/tina25n/pico/pico-sdk/src/rp2_common/pico_double/double_aeabi.S.obj
                0x0000000010003ce8                __wrap___aeabi_cdrcmple
                0x0000000010003cf8                __wrap___aeabi_cdcmple
                0x0000000010003cf8                __wrap___aeabi_cdcmpeq
 .text.__wrap___aeabi_dcmplt
                0x0000000010003d54        0xc CMakeFiles/heartrate.dir/home/tina25n/pico/pico-sdk/src/rp2_common/pico_double/double_aeabi.S.obj
                0x0000000010003d54                __wrap___aeabi_dcmplt
 .text.__wrap___aeabi_dcmple
                0x0000000010003d60       0x10 CMakeFiles/heartrate.dir/home/tina25n/pico/pico-sdk/src/rp2_common/pico_double/double_aeabi.S.obj
                0x0000000010003d60                __wrap___aeabi_dcmple
 .text.__wrap___aeabi_dcmpge
                0x0000000010003d70       0x10 CMakeFiles/heartrate.dir/home/tina25n/pico/pico-sdk/src/rp2_common/pico_double/double_aeabi.S.obj
                0x0000000010003d70                __wrap___aeabi_dcmpge
 .text.__wrap___aeabi_dcmpgt
                0x0000000010003d80        0xa CMakeFiles/heartrate.dir/home/tina25n/pico/pico-sdk/src/rp2_common/pico_double/double_aeabi.S.obj
                0x0000000010003d80                __wrap___aeabi_dcmpgt
 .text.__wrap___aeabi_dcmpun
                0x0000000010003d8a       0x1c CMakeFiles/heartrate.dir/home/tina25n/pico/pico-sdk/src/rp2_common/pico_double/double_aeabi.S.obj
                0x0000000010003d8a                __wrap___aeabi_dcmpun
 *fill*         0x0000000010003da6        0x2 
 .text.__wrap___aeabi_i2d
                0x0000000010003da8       0x38 CMakeFiles/heartrate.dir/home/tina25n/pico/pico-sdk/src/rp2_common/pico_double/double_aeabi.S.obj
                0x0000000010003da8                __wrap___aeabi_ui2d
                0x0000000010003db0                __wrap___aeabi_i2d
 .text.__wrap___aeabi_d2iz
                0x0000000010003de0       0x48 CMakeFiles/heartrate.dir/home/tina25n/pico/pico-sdk/src/rp2_common/pico_double/double_aeabi.S.obj
                0x0000000010003de0                __wrap___aeabi_d2iz
                0x0000000010003de0                double2int_z
 .text.__wrap___aeabi_d2uiz
                0x0000000010003e28       0x10 CMakeFiles/heartrate.dir/home/tina25n/pico/pico-sdk/src/rp2_common/pico_double/double_aeabi.S.obj
                0x0000000010003e28                double2uint
                0x0000000010003e28                __wrap___aeabi_d2uiz
 .text.missing_double_func_shim
                0x0000000010003e38        0xc CMakeFiles/heartrate.dir/home/tina25n/pico/pico-sdk/src/rp2_common/pico_double/double_init_rom.c.obj
 .text.__aeabi_double_init
                0x0000000010003e44       0xcc CMakeFiles/heartrate.dir/home/tina25n/pico/pico-sdk/src/rp2_common/pico_double/double_init_rom.c.obj
                0x0000000010003e44                __aeabi_double_init
 .text.double_table_shim_on_use_helper
                0x0000000010003f10       0x34 CMakeFiles/heartrate.dir/home/tina25n/pico/pico-sdk/src/rp2_common/pico_double/double_v1_rom_shim.S.obj
                0x0000000010003f10                double_table_shim_on_use_helper
 .text.__aeabi_lmul
                0x0000000010003f44       0x32 CMakeFiles/heartrate.dir/home/tina25n/pico/pico-sdk/src/rp2_common/pico_int64_ops/pico_int64_ops_aeabi.S.obj
                0x0000000010003f44                __wrap___aeabi_lmul
 *fill*         0x0000000010003f76        0x2 
 .text.missing_float_func_shim
                0x0000000010003f78        0xc CMakeFiles/heartrate.dir/home/tina25n/pico/pico-sdk/src/rp2_common/pico_float/float_init_rom.c.obj
 .text.__aeabi_float_init
                0x0000000010003f84       0x88 CMakeFiles/heartrate.dir/home/tina25n/pico/pico-sdk/src/rp2_common/pico_float/float_init_rom.c.obj
                0x0000000010003f84                __aeabi_float_init
 .text          0x000000001000400c       0x10 CMakeFiles/heartrate.dir/home/tina25n/pico/pico-sdk/src/rp2_common/pico_mem_ops/mem_ops_aeabi.S.obj
                0x000000001000400c                __aeabi_mem_init
 .text.memset   0x000000001000401c        0xc CMakeFiles/heartrate.dir/home/tina25n/pico/pico-sdk/src/rp2_common/pico_mem_ops/mem_ops_aeabi.S.obj
                0x000000001000401c                __wrap_memset
 .text.memcpy   0x0000000010004028        0xc CMakeFiles/heartrate.dir/home/tina25n/pico/pico-sdk/src/rp2_common/pico_mem_ops/mem_ops_aeabi.S.obj
                0x0000000010004028                __wrap___aeabi_memcpy
                0x0000000010004028                __wrap_memcpy
 .text.stdio_out_chars_no_crlf
                0x0000000010004034        0xe CMakeFiles/heartrate.dir/home/tina25n/pico/pico-sdk/src/rp2_common/pico_stdio/stdio.c.obj
 *fill*         0x0000000010004042        0x2 
 .text.stdio_out_chars_crlf
                0x0000000010004044       0x80 CMakeFiles/heartrate.dir/home/tina25n/pico/pico-sdk/src/rp2_common/pico_stdio/stdio.c.obj
 .text.stdio_stack_buffer_flush
                0x00000000100040c4       0x44 CMakeFiles/heartrate.dir/home/tina25n/pico/pico-sdk/src/rp2_common/pico_stdio/stdio.c.obj
 .text.stdio_buffered_printer
                0x0000000010004108       0x20 CMakeFiles/heartrate.dir/home/tina25n/pico/pico-sdk/src/rp2_common/pico_stdio/stdio.c.obj
 .text.stdout_serialize_begin
                0x0000000010004128       0x5c CMakeFiles/heartrate.dir/home/tina25n/pico/pico-sdk/src/rp2_common/pico_stdio/stdio.c.obj
                0x0000000010004128                stdout_serialize_begin
 .text.stdout_serialize_end
                0x0000000010004184       0x10 CMakeFiles/heartrate.dir/home/tina25n/pico/pico-sdk/src/rp2_common/pico_stdio/stdio.c.obj
                0x0000000010004184                stdout_serialize_end
 .text.stdio_put_string
                0x0000000010004194       0x98 CMakeFiles/heartrate.dir/home/tina25n/pico/pico-sdk/src/rp2_common/pico_stdio/stdio.c.obj
 .text.stdio_set_driver_enabled
                0x000000001000422c       0x2c CMakeFiles/heartrate.dir/home/tina25n/pico/pico-sdk/src/rp2_common/pico_stdio/stdio.c.obj
                0x000000001000422c                stdio_set_driver_enabled
 .text.stdio_flush
                0x0000000010004258       0x20 CMakeFiles/heartrate.dir/home/tina25n/pico/pico-sdk/src/rp2_common/pico_stdio/stdio.c.obj
                0x0000000010004258                stdio_flush
 .text.__wrap_puts
                0x0000000010004278       0x1e CMakeFiles/heartrate.dir/home/tina25n/pico/pico-sdk/src/rp2_common/pico_stdio/stdio.c.obj
                0x0000000010004278                __wrap_puts
 *fill*         0x0000000010004296        0x2 
 .text.__wrap_vprintf
                0x0000000010004298       0x40 CMakeFiles/heartrate.dir/home/tina25n/pico/pico-sdk/src/rp2_common/pico_stdio/stdio.c.obj
                0x0000000010004298                __wrap_vprintf
 .text.__wrap_printf
                0x00000000100042d8       0x18 CMakeFiles/heartrate.dir/home/tina25n/pico/pico-sdk/src/rp2_common/pico_stdio/stdio.c.obj
                0x00000000100042d8                __wrap_printf
 .text.stdio_init_all
                0x00000000100042f0        0x8 CMakeFiles/heartrate.dir/home/tina25n/pico/pico-sdk/src/rp2_common/pico_stdio/stdio.c.obj
                0x00000000100042f0                stdio_init_all
 .text.resetd_init
                0x00000000100042f8        0x2 CMakeFiles/heartrate.dir/home/tina25n/pico/pico-sdk/src/rp2_common/pico_stdio_usb/reset_interface.c.obj
 *fill*         0x00000000100042fa        0x2 
 .text.resetd_reset
                0x00000000100042fc        0xc CMakeFiles/heartrate.dir/home/tina25n/pico/pico-sdk/src/rp2_common/pico_stdio_usb/reset_interface.c.obj
 .text.resetd_open
                0x0000000010004308       0x34 CMakeFiles/heartrate.dir/home/tina25n/pico/pico-sdk/src/rp2_common/pico_stdio_usb/reset_interface.c.obj
 .text.resetd_xfer_cb
                0x000000001000433c        0x4 CMakeFiles/heartrate.dir/home/tina25n/pico/pico-sdk/src/rp2_common/pico_stdio_usb/reset_interface.c.obj
 .text.reset_usb_boot
                0x0000000010004340       0x18 CMakeFiles/heartrate.dir/home/tina25n/pico/pico-sdk/src/rp2_common/pico_stdio_usb/reset_interface.c.obj
 .text.resetd_control_xfer_cb
                0x0000000010004358       0x5c CMakeFiles/heartrate.dir/home/tina25n/pico/pico-sdk/src/rp2_common/pico_stdio_usb/reset_interface.c.obj
 .text.usbd_app_driver_get_cb
                0x00000000100043b4        0xc CMakeFiles/heartrate.dir/home/tina25n/pico/pico-sdk/src/rp2_common/pico_stdio_usb/reset_interface.c.obj
                0x00000000100043b4                usbd_app_driver_get_cb
 .text.tud_cdc_line_coding_cb
                0x00000000100043c0       0x28 CMakeFiles/heartrate.dir/home/tina25n/pico/pico-sdk/src/rp2_common/pico_stdio_usb/reset_interface.c.obj
                0x00000000100043c0                tud_cdc_line_coding_cb
 .text.stdio_usb_set_chars_available_callback
                0x00000000100043e8       0x14 CMakeFiles/heartrate.dir/home/tina25n/pico/pico-sdk/src/rp2_common/pico_stdio_usb/stdio_usb.c.obj
                0x00000000100043e8                stdio_usb_set_chars_available_callback
 .text.usb_irq  0x00000000100043fc       0x10 CMakeFiles/heartrate.dir/home/tina25n/pico/pico-sdk/src/rp2_common/pico_stdio_usb/stdio_usb.c.obj
 .text.timer_task
                0x000000001000440c       0x5c CMakeFiles/heartrate.dir/home/tina25n/pico/pico-sdk/src/rp2_common/pico_stdio_usb/stdio_usb.c.obj
 .text.low_priority_worker_irq
                0x0000000010004468       0xdc CMakeFiles/heartrate.dir/home/tina25n/pico/pico-sdk/src/rp2_common/pico_stdio_usb/stdio_usb.c.obj
 .text.tud_cdc_rx_cb
                0x0000000010004544       0x20 CMakeFiles/heartrate.dir/home/tina25n/pico/pico-sdk/src/rp2_common/pico_stdio_usb/stdio_usb.c.obj
                0x0000000010004544                tud_cdc_rx_cb
 .text.stdio_usb_init
                0x0000000010004564      0x11c CMakeFiles/heartrate.dir/home/tina25n/pico/pico-sdk/src/rp2_common/pico_stdio_usb/stdio_usb.c.obj
                0x0000000010004564                stdio_usb_init
 .text.stdio_usb_connected
                0x0000000010004680        0xa CMakeFiles/heartrate.dir/home/tina25n/pico/pico-sdk/src/rp2_common/pico_stdio_usb/stdio_usb.c.obj
                0x0000000010004680                stdio_usb_connected
 *fill*         0x000000001000468a        0x2 
 .text.stdio_usb_in_chars
                0x000000001000468c       0xc4 CMakeFiles/heartrate.dir/home/tina25n/pico/pico-sdk/src/rp2_common/pico_stdio_usb/stdio_usb.c.obj
                0x000000001000468c                stdio_usb_in_chars
 .text.stdio_usb_out_chars
                0x0000000010004750      0x114 CMakeFiles/heartrate.dir/home/tina25n/pico/pico-sdk/src/rp2_common/pico_stdio_usb/stdio_usb.c.obj
 .text.tud_descriptor_device_cb
                0x0000000010004864        0x8 CMakeFiles/heartrate.dir/home/tina25n/pico/pico-sdk/src/rp2_common/pico_stdio_usb/stdio_usb_descriptors.c.obj
                0x0000000010004864                tud_descriptor_device_cb
 .text.tud_descriptor_configuration_cb
                0x000000001000486c        0x8 CMakeFiles/heartrate.dir/home/tina25n/pico/pico-sdk/src/rp2_common/pico_stdio_usb/stdio_usb_descriptors.c.obj
                0x000000001000486c                tud_descriptor_configuration_cb
 .text.tud_descriptor_string_cb
                0x0000000010004874       0x6c CMakeFiles/heartrate.dir/home/tina25n/pico/pico-sdk/src/rp2_common/pico_stdio_usb/stdio_usb_descriptors.c.obj
                0x0000000010004874                tud_descriptor_string_cb
 .text._retrieve_unique_id_on_boot
                0x00000000100048e0       0x10 CMakeFiles/heartrate.dir/home/tina25n/pico/pico-sdk/src/rp2_common/pico_unique_id/unique_id.c.obj
 .text.pico_get_unique_board_id
                0x00000000100048f0       0x10 CMakeFiles/heartrate.dir/home/tina25n/pico/pico-sdk/src/rp2_common/pico_unique_id/unique_id.c.obj
                0x00000000100048f0                pico_get_unique_board_id
 .text.pico_get_unique_board_id_string
                0x0000000010004900       0x60 CMakeFiles/heartrate.dir/home/tina25n/pico/pico-sdk/src/rp2_common/pico_unique_id/unique_id.c.obj
                0x0000000010004900                pico_get_unique_board_id_string
 .text.flash_get_unique_id
                0x0000000010004960       0x46 CMakeFiles/heartrate.dir/home/tina25n/pico/pico-sdk/src/rp2_common/hardware_flash/flash.c.obj
                0x0000000010004960                flash_get_unique_id
 *fill*         0x00000000100049a6        0x2 
 .text.hw_endpoint_get_by_addr
                0x00000000100049a8       0x18 CMakeFiles/heartrate.dir/home/tina25n/pico/pico-sdk/lib/tinyusb/src/portable/raspberrypi/rp2040/dcd_rp2040.c.obj
 .text._hw_endpoint_alloc
                0x00000000100049c0       0x70 CMakeFiles/heartrate.dir/home/tina25n/pico/pico-sdk/lib/tinyusb/src/portable/raspberrypi/rp2040/dcd_rp2040.c.obj
 .text.hw_endpoint_init
                0x0000000010004a30       0x88 CMakeFiles/heartrate.dir/home/tina25n/pico/pico-sdk/lib/tinyusb/src/portable/raspberrypi/rp2040/dcd_rp2040.c.obj
 .text.hw_endpoint_xfer
                0x0000000010004ab8       0x14 CMakeFiles/heartrate.dir/home/tina25n/pico/pico-sdk/lib/tinyusb/src/portable/raspberrypi/rp2040/dcd_rp2040.c.obj
 .text.dcd_int_enable
                0x0000000010004acc       0x2c CMakeFiles/heartrate.dir/home/tina25n/pico/pico-sdk/lib/tinyusb/src/portable/raspberrypi/rp2040/dcd_rp2040.c.obj
                0x0000000010004acc                dcd_int_enable
 .text.dcd_set_address
                0x0000000010004af8       0x2c CMakeFiles/heartrate.dir/home/tina25n/pico/pico-sdk/lib/tinyusb/src/portable/raspberrypi/rp2040/dcd_rp2040.c.obj
                0x0000000010004af8                dcd_set_address
 .text.dcd_connect
                0x0000000010004b24       0x10 CMakeFiles/heartrate.dir/home/tina25n/pico/pico-sdk/lib/tinyusb/src/portable/raspberrypi/rp2040/dcd_rp2040.c.obj
                0x0000000010004b24                dcd_connect
 .text.dcd_init
                0x0000000010004b34       0x80 CMakeFiles/heartrate.dir/home/tina25n/pico/pico-sdk/lib/tinyusb/src/portable/raspberrypi/rp2040/dcd_rp2040.c.obj
                0x0000000010004b34                dcd_init
 .text.dcd_edpt0_status_complete
                0x0000000010004bb4       0x1c CMakeFiles/heartrate.dir/home/tina25n/pico/pico-sdk/lib/tinyusb/src/portable/raspberrypi/rp2040/dcd_rp2040.c.obj
                0x0000000010004bb4                dcd_edpt0_status_complete
 .text.dcd_edpt_open
                0x0000000010004bd0       0x40 CMakeFiles/heartrate.dir/home/tina25n/pico/pico-sdk/lib/tinyusb/src/portable/raspberrypi/rp2040/dcd_rp2040.c.obj
                0x0000000010004bd0                dcd_edpt_open
 .text.dcd_edpt_close_all
                0x0000000010004c10        0x8 CMakeFiles/heartrate.dir/home/tina25n/pico/pico-sdk/lib/tinyusb/src/portable/raspberrypi/rp2040/dcd_rp2040.c.obj
                0x0000000010004c10                dcd_edpt_close_all
 .text.dcd_edpt_xfer
                0x0000000010004c18       0x34 CMakeFiles/heartrate.dir/home/tina25n/pico/pico-sdk/lib/tinyusb/src/portable/raspberrypi/rp2040/dcd_rp2040.c.obj
                0x0000000010004c18                dcd_edpt_xfer
 .text.dcd_edpt_stall
                0x0000000010004c4c       0x2c CMakeFiles/heartrate.dir/home/tina25n/pico/pico-sdk/lib/tinyusb/src/portable/raspberrypi/rp2040/dcd_rp2040.c.obj
                0x0000000010004c4c                dcd_edpt_stall
 .text.dcd_edpt_clear_stall
                0x0000000010004c78       0x20 CMakeFiles/heartrate.dir/home/tina25n/pico/pico-sdk/lib/tinyusb/src/portable/raspberrypi/rp2040/dcd_rp2040.c.obj
                0x0000000010004c78                dcd_edpt_clear_stall
 .text.rp2040_usb_init
                0x0000000010004c98       0x4c CMakeFiles/heartrate.dir/home/tina25n/pico/pico-sdk/lib/tinyusb/src/portable/raspberrypi/rp2040/rp2040_usb.c.obj
                0x0000000010004c98                rp2040_usb_init
 .text.hw_endpoint_xfer_start
                0x0000000010004ce4       0x50 CMakeFiles/heartrate.dir/home/tina25n/pico/pico-sdk/lib/tinyusb/src/portable/raspberrypi/rp2040/rp2040_usb.c.obj
                0x0000000010004ce4                hw_endpoint_xfer_start
 .text.configuration_reset
                0x0000000010004d34       0x84 CMakeFiles/heartrate.dir/home/tina25n/pico/pico-sdk/lib/tinyusb/src/device/usbd.c.obj
 .text.usbd_reset
                0x0000000010004db8        0xc CMakeFiles/heartrate.dir/home/tina25n/pico/pico-sdk/lib/tinyusb/src/device/usbd.c.obj
 .text.invoke_class_control
                0x0000000010004dc4       0x1a CMakeFiles/heartrate.dir/home/tina25n/pico/pico-sdk/lib/tinyusb/src/device/usbd.c.obj
 *fill*         0x0000000010004dde        0x2 
 .text.process_set_config
                0x0000000010004de0      0x178 CMakeFiles/heartrate.dir/home/tina25n/pico/pico-sdk/lib/tinyusb/src/device/usbd.c.obj
 .text.process_get_descriptor
                0x0000000010004f58       0xdc CMakeFiles/heartrate.dir/home/tina25n/pico/pico-sdk/lib/tinyusb/src/device/usbd.c.obj
 .text.tud_mounted
                0x0000000010005034       0x10 CMakeFiles/heartrate.dir/home/tina25n/pico/pico-sdk/lib/tinyusb/src/device/usbd.c.obj
                0x0000000010005034                tud_mounted
 .text.tud_suspended
                0x0000000010005044       0x10 CMakeFiles/heartrate.dir/home/tina25n/pico/pico-sdk/lib/tinyusb/src/device/usbd.c.obj
                0x0000000010005044                tud_suspended
 .text.tud_inited
                0x0000000010005054       0x14 CMakeFiles/heartrate.dir/home/tina25n/pico/pico-sdk/lib/tinyusb/src/device/usbd.c.obj
                0x0000000010005054                tud_inited
 .text.tud_init
                0x0000000010005068       0xcc CMakeFiles/heartrate.dir/home/tina25n/pico/pico-sdk/lib/tinyusb/src/device/usbd.c.obj
                0x0000000010005068                tud_init
 .text.usbd_defer_func
                0x0000000010005134       0x2a CMakeFiles/heartrate.dir/home/tina25n/pico/pico-sdk/lib/tinyusb/src/device/usbd.c.obj
                0x0000000010005134                usbd_defer_func
 *fill*         0x000000001000515e        0x2 
 .text.usbd_edpt_open
                0x0000000010005160       0x34 CMakeFiles/heartrate.dir/home/tina25n/pico/pico-sdk/lib/tinyusb/src/device/usbd.c.obj
                0x0000000010005160                usbd_edpt_open
 .text.usbd_open_edpt_pair
                0x0000000010005194       0x62 CMakeFiles/heartrate.dir/home/tina25n/pico/pico-sdk/lib/tinyusb/src/device/usbd.c.obj
                0x0000000010005194                usbd_open_edpt_pair
 *fill*         0x00000000100051f6        0x2 
 .text.usbd_edpt_claim
                0x00000000100051f8       0x28 CMakeFiles/heartrate.dir/home/tina25n/pico/pico-sdk/lib/tinyusb/src/device/usbd.c.obj
                0x00000000100051f8                usbd_edpt_claim
 .text.usbd_edpt_release
                0x0000000010005220       0x28 CMakeFiles/heartrate.dir/home/tina25n/pico/pico-sdk/lib/tinyusb/src/device/usbd.c.obj
                0x0000000010005220                usbd_edpt_release
 .text.usbd_edpt_xfer
                0x0000000010005248       0x78 CMakeFiles/heartrate.dir/home/tina25n/pico/pico-sdk/lib/tinyusb/src/device/usbd.c.obj
                0x0000000010005248                usbd_edpt_xfer
 .text.usbd_edpt_stall
                0x00000000100052c0       0x48 CMakeFiles/heartrate.dir/home/tina25n/pico/pico-sdk/lib/tinyusb/src/device/usbd.c.obj
                0x00000000100052c0                usbd_edpt_stall
 .text.usbd_edpt_clear_stall
                0x0000000010005308       0x48 CMakeFiles/heartrate.dir/home/tina25n/pico/pico-sdk/lib/tinyusb/src/device/usbd.c.obj
                0x0000000010005308                usbd_edpt_clear_stall
 .text.usbd_edpt_stalled
                0x0000000010005350       0x1c CMakeFiles/heartrate.dir/home/tina25n/pico/pico-sdk/lib/tinyusb/src/device/usbd.c.obj
                0x0000000010005350                usbd_edpt_stalled
 .text.process_control_request
                0x000000001000536c      0x37c CMakeFiles/heartrate.dir/home/tina25n/pico/pico-sdk/lib/tinyusb/src/device/usbd.c.obj
 .text.tud_task_ext
                0x00000000100056e8      0x1b8 CMakeFiles/heartrate.dir/home/tina25n/pico/pico-sdk/lib/tinyusb/src/device/usbd.c.obj
                0x00000000100056e8                tud_task_ext
 .text._data_stage_xact
                0x00000000100058a0       0x58 CMakeFiles/heartrate.dir/home/tina25n/pico/pico-sdk/lib/tinyusb/src/device/usbd_control.c.obj
 .text.tud_control_status
                0x00000000100058f8       0x38 CMakeFiles/heartrate.dir/home/tina25n/pico/pico-sdk/lib/tinyusb/src/device/usbd_control.c.obj
                0x00000000100058f8                tud_control_status
 .text.tud_control_xfer
                0x0000000010005930       0x74 CMakeFiles/heartrate.dir/home/tina25n/pico/pico-sdk/lib/tinyusb/src/device/usbd_control.c.obj
                0x0000000010005930                tud_control_xfer
 .text.usbd_control_reset
                0x00000000100059a4       0x14 CMakeFiles/heartrate.dir/home/tina25n/pico/pico-sdk/lib/tinyusb/src/device/usbd_control.c.obj
                0x00000000100059a4                usbd_control_reset
 .text.usbd_control_set_complete_callback
                0x00000000100059b8        0xc CMakeFiles/heartrate.dir/home/tina25n/pico/pico-sdk/lib/tinyusb/src/device/usbd_control.c.obj
                0x00000000100059b8                usbd_control_set_complete_callback
 .text.usbd_control_set_request
                0x00000000100059c4       0x1c CMakeFiles/heartrate.dir/home/tina25n/pico/pico-sdk/lib/tinyusb/src/device/usbd_control.c.obj
                0x00000000100059c4                usbd_control_set_request
 .text.usbd_control_xfer_cb
                0x00000000100059e0       0xcc CMakeFiles/heartrate.dir/home/tina25n/pico/pico-sdk/lib/tinyusb/src/device/usbd_control.c.obj
                0x00000000100059e0                usbd_control_xfer_cb
 .text._prep_out_transaction
                0x0000000010005aac       0x4a CMakeFiles/heartrate.dir/home/tina25n/pico/pico-sdk/lib/tinyusb/src/class/cdc/cdc_device.c.obj
 *fill*         0x0000000010005af6        0x2 
 .text.tud_cdc_n_connected
                0x0000000010005af8       0x44 CMakeFiles/heartrate.dir/home/tina25n/pico/pico-sdk/lib/tinyusb/src/class/cdc/cdc_device.c.obj
                0x0000000010005af8                tud_cdc_n_connected
 .text.tud_cdc_n_available
                0x0000000010005b3c       0x18 CMakeFiles/heartrate.dir/home/tina25n/pico/pico-sdk/lib/tinyusb/src/class/cdc/cdc_device.c.obj
                0x0000000010005b3c                tud_cdc_n_available
 .text.tud_cdc_n_read
                0x0000000010005b54       0x28 CMakeFiles/heartrate.dir/home/tina25n/pico/pico-sdk/lib/tinyusb/src/class/cdc/cdc_device.c.obj
                0x0000000010005b54                tud_cdc_n_read
 .text.tud_cdc_n_write_flush
                0x0000000010005b7c       0xb8 CMakeFiles/heartrate.dir/home/tina25n/pico/pico-sdk/lib/tinyusb/src/class/cdc/cdc_device.c.obj
                0x0000000010005b7c                tud_cdc_n_write_flush
 .text.tud_cdc_n_write
                0x0000000010005c34       0x38 CMakeFiles/heartrate.dir/home/tina25n/pico/pico-sdk/lib/tinyusb/src/class/cdc/cdc_device.c.obj
                0x0000000010005c34                tud_cdc_n_write
 .text.tud_cdc_n_write_available
                0x0000000010005c6c       0x1c CMakeFiles/heartrate.dir/home/tina25n/pico/pico-sdk/lib/tinyusb/src/class/cdc/cdc_device.c.obj
                0x0000000010005c6c                tud_cdc_n_write_available
 .text.cdcd_init
                0x0000000010005c88       0xbc CMakeFiles/heartrate.dir/home/tina25n/pico/pico-sdk/lib/tinyusb/src/class/cdc/cdc_device.c.obj
                0x0000000010005c88                cdcd_init
 .text.cdcd_reset
                0x0000000010005d44       0x44 CMakeFiles/heartrate.dir/home/tina25n/pico/pico-sdk/lib/tinyusb/src/class/cdc/cdc_device.c.obj
                0x0000000010005d44                cdcd_reset
 .text.cdcd_open
                0x0000000010005d88       0xcc CMakeFiles/heartrate.dir/home/tina25n/pico/pico-sdk/lib/tinyusb/src/class/cdc/cdc_device.c.obj
                0x0000000010005d88                cdcd_open
 .text.cdcd_control_xfer_cb
                0x0000000010005e54      0x134 CMakeFiles/heartrate.dir/home/tina25n/pico/pico-sdk/lib/tinyusb/src/class/cdc/cdc_device.c.obj
                0x0000000010005e54                cdcd_control_xfer_cb
 .text.cdcd_xfer_cb
                0x0000000010005f88      0x130 CMakeFiles/heartrate.dir/home/tina25n/pico/pico-sdk/lib/tinyusb/src/class/cdc/cdc_device.c.obj
                0x0000000010005f88                cdcd_xfer_cb
 .text.tusb_init
                0x00000000100060b8        0xa CMakeFiles/heartrate.dir/home/tina25n/pico/pico-sdk/lib/tinyusb/src/tusb.c.obj
                0x00000000100060b8                tusb_init
 .text.tusb_inited
                0x00000000100060c2        0xe CMakeFiles/heartrate.dir/home/tina25n/pico/pico-sdk/lib/tinyusb/src/tusb.c.obj
                0x00000000100060c2                tusb_inited
 .text.tu_edpt_claim
                0x00000000100060d0       0x50 CMakeFiles/heartrate.dir/home/tina25n/pico/pico-sdk/lib/tinyusb/src/tusb.c.obj
                0x00000000100060d0                tu_edpt_claim
 .text.tu_edpt_release
                0x0000000010006120       0x3c CMakeFiles/heartrate.dir/home/tina25n/pico/pico-sdk/lib/tinyusb/src/tusb.c.obj
                0x0000000010006120                tu_edpt_release
 .text.tu_edpt_validate
                0x000000001000615c       0x78 CMakeFiles/heartrate.dir/home/tina25n/pico/pico-sdk/lib/tinyusb/src/tusb.c.obj
                0x000000001000615c                tu_edpt_validate
 .text.tu_edpt_bind_driver
                0x00000000100061d4       0x26 CMakeFiles/heartrate.dir/home/tina25n/pico/pico-sdk/lib/tinyusb/src/tusb.c.obj
                0x00000000100061d4                tu_edpt_bind_driver
 .text.advance_index
                0x00000000100061fa       0x1a CMakeFiles/heartrate.dir/home/tina25n/pico/pico-sdk/lib/tinyusb/src/common/tusb_fifo.c.obj
 .text._tu_fifo_peek
                0x0000000010006214       0x56 CMakeFiles/heartrate.dir/home/tina25n/pico/pico-sdk/lib/tinyusb/src/common/tusb_fifo.c.obj
 .text._ff_pull_const_addr
                0x000000001000626a       0x4c CMakeFiles/heartrate.dir/home/tina25n/pico/pico-sdk/lib/tinyusb/src/common/tusb_fifo.c.obj
 .text._ff_pull_n
                0x00000000100062b6      0x110 CMakeFiles/heartrate.dir/home/tina25n/pico/pico-sdk/lib/tinyusb/src/common/tusb_fifo.c.obj
 .text._tu_fifo_peek_n
                0x00000000100063c6       0x6a CMakeFiles/heartrate.dir/home/tina25n/pico/pico-sdk/lib/tinyusb/src/common/tusb_fifo.c.obj
 .text._tu_fifo_read_n
                0x0000000010006430       0x4e CMakeFiles/heartrate.dir/home/tina25n/pico/pico-sdk/lib/tinyusb/src/common/tusb_fifo.c.obj
 .text._ff_push_const_addr
                0x000000001000647e       0x40 CMakeFiles/heartrate.dir/home/tina25n/pico/pico-sdk/lib/tinyusb/src/common/tusb_fifo.c.obj
 .text._ff_push_n
                0x00000000100064be      0x10c CMakeFiles/heartrate.dir/home/tina25n/pico/pico-sdk/lib/tinyusb/src/common/tusb_fifo.c.obj
 .text._tu_fifo_write_n
                0x00000000100065ca       0xf0 CMakeFiles/heartrate.dir/home/tina25n/pico/pico-sdk/lib/tinyusb/src/common/tusb_fifo.c.obj
 .text.tu_fifo_config
                0x00000000100066ba       0x7c CMakeFiles/heartrate.dir/home/tina25n/pico/pico-sdk/lib/tinyusb/src/common/tusb_fifo.c.obj
                0x00000000100066ba                tu_fifo_config
 .text.tu_fifo_count
                0x0000000010006736       0x2a CMakeFiles/heartrate.dir/home/tina25n/pico/pico-sdk/lib/tinyusb/src/common/tusb_fifo.c.obj
                0x0000000010006736                tu_fifo_count
 .text.tu_fifo_empty
                0x0000000010006760       0x10 CMakeFiles/heartrate.dir/home/tina25n/pico/pico-sdk/lib/tinyusb/src/common/tusb_fifo.c.obj
                0x0000000010006760                tu_fifo_empty
 .text.tu_fifo_full
                0x0000000010006770       0x28 CMakeFiles/heartrate.dir/home/tina25n/pico/pico-sdk/lib/tinyusb/src/common/tusb_fifo.c.obj
                0x0000000010006770                tu_fifo_full
 .text.tu_fifo_remaining
                0x0000000010006798       0x2c CMakeFiles/heartrate.dir/home/tina25n/pico/pico-sdk/lib/tinyusb/src/common/tusb_fifo.c.obj
                0x0000000010006798                tu_fifo_remaining
 .text.tu_fifo_read
                0x00000000100067c4       0x42 CMakeFiles/heartrate.dir/home/tina25n/pico/pico-sdk/lib/tinyusb/src/common/tusb_fifo.c.obj
                0x00000000100067c4                tu_fifo_read
 .text.tu_fifo_read_n
                0x0000000010006806        0xa CMakeFiles/heartrate.dir/home/tina25n/pico/pico-sdk/lib/tinyusb/src/common/tusb_fifo.c.obj
                0x0000000010006806                tu_fifo_read_n
 .text.tu_fifo_write
                0x0000000010006810       0x64 CMakeFiles/heartrate.dir/home/tina25n/pico/pico-sdk/lib/tinyusb/src/common/tusb_fifo.c.obj
                0x0000000010006810                tu_fifo_write
 .text.tu_fifo_write_n
                0x0000000010006874        0xa CMakeFiles/heartrate.dir/home/tina25n/pico/pico-sdk/lib/tinyusb/src/common/tusb_fifo.c.obj
                0x0000000010006874                tu_fifo_write_n
 .text.tu_fifo_clear
                0x000000001000687e       0x3e CMakeFiles/heartrate.dir/home/tina25n/pico/pico-sdk/lib/tinyusb/src/common/tusb_fifo.c.obj
                0x000000001000687e                tu_fifo_clear
 .text.tu_fifo_set_overwritable
                0x00000000100068bc       0x46 CMakeFiles/heartrate.dir/home/tina25n/pico/pico-sdk/lib/tinyusb/src/common/tusb_fifo.c.obj
                0x00000000100068bc                tu_fifo_set_overwritable
 *fill*         0x0000000010006902        0x2 
 .text.cyw43_arch_set_async_context
                0x0000000010006904        0xc CMakeFiles/heartrate.dir/home/tina25n/pico/pico-sdk/src/rp2_common/pico_cyw43_arch/cyw43_arch.c.obj
                0x0000000010006904                cyw43_arch_set_async_context
 .text.cyw43_arch_gpio_put
                0x0000000010006910       0x14 CMakeFiles/heartrate.dir/home/tina25n/pico/pico-sdk/src/rp2_common/pico_cyw43_arch/cyw43_arch.c.obj
                0x0000000010006910                cyw43_arch_gpio_put
 .text.cyw43_arch_async_context
                0x0000000010006924        0xc CMakeFiles/heartrate.dir/home/tina25n/pico/pico-sdk/src/rp2_common/pico_cyw43_arch/cyw43_arch.c.obj
                0x0000000010006924                cyw43_arch_async_context
 .text.cyw43_arch_init_default_async_context
                0x0000000010006930       0x20 CMakeFiles/heartrate.dir/home/tina25n/pico/pico-sdk/src/rp2_common/pico_cyw43_arch/cyw43_arch_threadsafe_background.c.obj
                0x0000000010006930                cyw43_arch_init_default_async_context
 .text.cyw43_arch_deinit
                0x0000000010006950       0x28 CMakeFiles/heartrate.dir/home/tina25n/pico/pico-sdk/src/rp2_common/pico_cyw43_arch/cyw43_arch_threadsafe_background.c.obj
                0x0000000010006950                cyw43_arch_deinit
 .text.cyw43_arch_init
                0x0000000010006978       0x36 CMakeFiles/heartrate.dir/home/tina25n/pico/pico-sdk/src/rp2_common/pico_cyw43_arch/cyw43_arch_threadsafe_background.c.obj
                0x0000000010006978                cyw43_arch_init
 .text.cs_set   0x00000000100069ae       0x1c CMakeFiles/heartrate.dir/home/tina25n/pico/pico-sdk/src/rp2_common/pico_cyw43_driver/cyw43_bus_pio_spi.c.obj
 *fill*         0x00000000100069ca        0x2 
 .text.start_spi_comms
                0x00000000100069cc       0x2c CMakeFiles/heartrate.dir/home/tina25n/pico/pico-sdk/src/rp2_common/pico_cyw43_driver/cyw43_bus_pio_spi.c.obj
 .text.ns_delay
                0x00000000100069f8       0x20 CMakeFiles/heartrate.dir/home/tina25n/pico/pico-sdk/src/rp2_common/pico_cyw43_driver/cyw43_bus_pio_spi.c.obj
 .text.stop_spi_comms
                0x0000000010006a18       0x10 CMakeFiles/heartrate.dir/home/tina25n/pico/pico-sdk/src/rp2_common/pico_cyw43_driver/cyw43_bus_pio_spi.c.obj
 .text.cyw43_spi_deinit
                0x0000000010006a28       0x74 CMakeFiles/heartrate.dir/home/tina25n/pico/pico-sdk/src/rp2_common/pico_cyw43_driver/cyw43_bus_pio_spi.c.obj
                0x0000000010006a28                cyw43_spi_deinit
 .text.cyw43_spi_init
                0x0000000010006a9c      0x284 CMakeFiles/heartrate.dir/home/tina25n/pico/pico-sdk/src/rp2_common/pico_cyw43_driver/cyw43_bus_pio_spi.c.obj
                0x0000000010006a9c                cyw43_spi_init
 .text.cyw43_spi_transfer
                0x0000000010006d20      0x694 CMakeFiles/heartrate.dir/home/tina25n/pico/pico-sdk/src/rp2_common/pico_cyw43_driver/cyw43_bus_pio_spi.c.obj
                0x0000000010006d20                cyw43_spi_transfer
 .text.cyw43_spi_gpio_setup
                0x00000000100073b4       0x3a CMakeFiles/heartrate.dir/home/tina25n/pico/pico-sdk/src/rp2_common/pico_cyw43_driver/cyw43_bus_pio_spi.c.obj
                0x00000000100073b4                cyw43_spi_gpio_setup
 .text.cyw43_spi_reset
                0x00000000100073ee       0x28 CMakeFiles/heartrate.dir/home/tina25n/pico/pico-sdk/src/rp2_common/pico_cyw43_driver/cyw43_bus_pio_spi.c.obj
                0x00000000100073ee                cyw43_spi_reset
 *fill*         0x0000000010007416        0x2 
 .text.read_reg_u32_swap
                0x0000000010007418       0x68 CMakeFiles/heartrate.dir/home/tina25n/pico/pico-sdk/src/rp2_common/pico_cyw43_driver/cyw43_bus_pio_spi.c.obj
                0x0000000010007418                read_reg_u32_swap
 .text.cyw43_read_reg_u32
                0x0000000010007480       0x54 CMakeFiles/heartrate.dir/home/tina25n/pico/pico-sdk/src/rp2_common/pico_cyw43_driver/cyw43_bus_pio_spi.c.obj
                0x0000000010007480                cyw43_read_reg_u32
 .text.cyw43_read_reg_u16
                0x00000000100074d4       0x54 CMakeFiles/heartrate.dir/home/tina25n/pico/pico-sdk/src/rp2_common/pico_cyw43_driver/cyw43_bus_pio_spi.c.obj
                0x00000000100074d4                cyw43_read_reg_u16
 .text.cyw43_read_reg_u8
                0x0000000010007528       0x54 CMakeFiles/heartrate.dir/home/tina25n/pico/pico-sdk/src/rp2_common/pico_cyw43_driver/cyw43_bus_pio_spi.c.obj
                0x0000000010007528                cyw43_read_reg_u8
 .text.write_reg_u32_swap
                0x000000001000757c       0x34 CMakeFiles/heartrate.dir/home/tina25n/pico/pico-sdk/src/rp2_common/pico_cyw43_driver/cyw43_bus_pio_spi.c.obj
                0x000000001000757c                write_reg_u32_swap
 .text.cyw43_write_reg_u32
                0x00000000100075b0       0x58 CMakeFiles/heartrate.dir/home/tina25n/pico/pico-sdk/src/rp2_common/pico_cyw43_driver/cyw43_bus_pio_spi.c.obj
                0x00000000100075b0                cyw43_write_reg_u32
 .text.cyw43_write_reg_u16
                0x0000000010007608       0x58 CMakeFiles/heartrate.dir/home/tina25n/pico/pico-sdk/src/rp2_common/pico_cyw43_driver/cyw43_bus_pio_spi.c.obj
                0x0000000010007608                cyw43_write_reg_u16
 .text.cyw43_write_reg_u8
                0x0000000010007660       0x58 CMakeFiles/heartrate.dir/home/tina25n/pico/pico-sdk/src/rp2_common/pico_cyw43_driver/cyw43_bus_pio_spi.c.obj
                0x0000000010007660                cyw43_write_reg_u8
 .text.cyw43_read_bytes
                0x00000000100076b8      0x104 CMakeFiles/heartrate.dir/home/tina25n/pico/pico-sdk/src/rp2_common/pico_cyw43_driver/cyw43_bus_pio_spi.c.obj
                0x00000000100076b8                cyw43_read_bytes
 .text.cyw43_write_bytes
                0x00000000100077bc      0x128 CMakeFiles/heartrate.dir/home/tina25n/pico/pico-sdk/src/rp2_common/pico_cyw43_driver/cyw43_bus_pio_spi.c.obj
                0x00000000100077bc                cyw43_write_bytes
 .text.get_core_address
                0x00000000100078e4       0x1c CMakeFiles/heartrate.dir/home/tina25n/pico/pico-sdk/lib/cyw43-driver/src/cyw43_ll.c.obj
 .text.sdpcm_process_rx_packet
                0x0000000010007900      0x180 CMakeFiles/heartrate.dir/home/tina25n/pico/pico-sdk/lib/cyw43-driver/src/cyw43_ll.c.obj
 .text.cyw43_ll_wifi_parse_scan_result
                0x0000000010007a80       0x9c CMakeFiles/heartrate.dir/home/tina25n/pico/pico-sdk/lib/cyw43-driver/src/cyw43_ll.c.obj
 .text.cyw43_ll_parse_async_event
                0x0000000010007b1c       0x8e CMakeFiles/heartrate.dir/home/tina25n/pico/pico-sdk/lib/cyw43-driver/src/cyw43_ll.c.obj
 *fill*         0x0000000010007baa        0x2 
 .text.cyw43_kso_set
                0x0000000010007bac       0x98 CMakeFiles/heartrate.dir/home/tina25n/pico/pico-sdk/lib/cyw43-driver/src/cyw43_ll.c.obj
 .text.cyw43_ll_bus_sleep_helper
                0x0000000010007c44        0xe CMakeFiles/heartrate.dir/home/tina25n/pico/pico-sdk/lib/cyw43-driver/src/cyw43_ll.c.obj
 *fill*         0x0000000010007c52        0x2 
 .text.cyw43_read_reg
                0x0000000010007c54       0x48 CMakeFiles/heartrate.dir/home/tina25n/pico/pico-sdk/lib/cyw43-driver/src/cyw43_ll.c.obj
 .text.cyw43_write_reg
                0x0000000010007c9c       0x4c CMakeFiles/heartrate.dir/home/tina25n/pico/pico-sdk/lib/cyw43-driver/src/cyw43_ll.c.obj
 .text.cyw43_set_backplane_window
                0x0000000010007ce8       0x74 CMakeFiles/heartrate.dir/home/tina25n/pico/pico-sdk/lib/cyw43-driver/src/cyw43_ll.c.obj
 .text.cyw43_read_backplane
                0x0000000010007d5c       0x30 CMakeFiles/heartrate.dir/home/tina25n/pico/pico-sdk/lib/cyw43-driver/src/cyw43_ll.c.obj
 .text.disable_device_core
                0x0000000010007d8c       0x3c CMakeFiles/heartrate.dir/home/tina25n/pico/pico-sdk/lib/cyw43-driver/src/cyw43_ll.c.obj
 .text.device_core_is_up
                0x0000000010007dc8       0x4c CMakeFiles/heartrate.dir/home/tina25n/pico/pico-sdk/lib/cyw43-driver/src/cyw43_ll.c.obj
 .text.cyw43_write_backplane
                0x0000000010007e14       0x34 CMakeFiles/heartrate.dir/home/tina25n/pico/pico-sdk/lib/cyw43-driver/src/cyw43_ll.c.obj
 .text.reset_device_core
                0x0000000010007e48       0x74 CMakeFiles/heartrate.dir/home/tina25n/pico/pico-sdk/lib/cyw43-driver/src/cyw43_ll.c.obj
 .text.cyw43_download_resource
                0x0000000010007ebc      0x17c CMakeFiles/heartrate.dir/home/tina25n/pico/pico-sdk/lib/cyw43-driver/src/cyw43_ll.c.obj
 .text.cyw43_ll_init
                0x0000000010008038       0x20 CMakeFiles/heartrate.dir/home/tina25n/pico/pico-sdk/lib/cyw43-driver/src/cyw43_ll.c.obj
                0x0000000010008038                cyw43_ll_init
 .text.cyw43_ll_deinit
                0x0000000010008058        0x8 CMakeFiles/heartrate.dir/home/tina25n/pico/pico-sdk/lib/cyw43-driver/src/cyw43_ll.c.obj
                0x0000000010008058                cyw43_ll_deinit
 .text.cyw43_ll_bus_sleep
                0x0000000010008060       0x34 CMakeFiles/heartrate.dir/home/tina25n/pico/pico-sdk/lib/cyw43-driver/src/cyw43_ll.c.obj
                0x0000000010008060                cyw43_ll_bus_sleep
 .text.cyw43_ll_sdpcm_poll_device
                0x0000000010008094      0x158 CMakeFiles/heartrate.dir/home/tina25n/pico/pico-sdk/lib/cyw43-driver/src/cyw43_ll.c.obj
 .text.cyw43_ll_process_packets
                0x00000000100081ec       0x5c CMakeFiles/heartrate.dir/home/tina25n/pico/pico-sdk/lib/cyw43-driver/src/cyw43_ll.c.obj
                0x00000000100081ec                cyw43_ll_process_packets
 .text.cyw43_sdpcm_send_common
                0x0000000010008248      0x104 CMakeFiles/heartrate.dir/home/tina25n/pico/pico-sdk/lib/cyw43-driver/src/cyw43_ll.c.obj
 .text.cyw43_send_ioctl
                0x000000001000834c       0x56 CMakeFiles/heartrate.dir/home/tina25n/pico/pico-sdk/lib/cyw43-driver/src/cyw43_ll.c.obj
 *fill*         0x00000000100083a2        0x2 
 .text.cyw43_do_ioctl
                0x00000000100083a4       0xc0 CMakeFiles/heartrate.dir/home/tina25n/pico/pico-sdk/lib/cyw43-driver/src/cyw43_ll.c.obj
 .text.cyw43_ll_ioctl
                0x0000000010008464       0x1e CMakeFiles/heartrate.dir/home/tina25n/pico/pico-sdk/lib/cyw43-driver/src/cyw43_ll.c.obj
                0x0000000010008464                cyw43_ll_ioctl
 *fill*         0x0000000010008482        0x2 
 .text.cyw43_clm_load
                0x0000000010008484       0xdc CMakeFiles/heartrate.dir/home/tina25n/pico/pico-sdk/lib/cyw43-driver/src/cyw43_ll.c.obj
 .text.cyw43_write_iovar_u32
                0x0000000010008560       0x60 CMakeFiles/heartrate.dir/home/tina25n/pico/pico-sdk/lib/cyw43-driver/src/cyw43_ll.c.obj
 .text.cyw43_write_iovar_n
                0x00000000100085c0       0x50 CMakeFiles/heartrate.dir/home/tina25n/pico/pico-sdk/lib/cyw43-driver/src/cyw43_ll.c.obj
 .text.cyw43_set_ioctl_u32
                0x0000000010008610       0x30 CMakeFiles/heartrate.dir/home/tina25n/pico/pico-sdk/lib/cyw43-driver/src/cyw43_ll.c.obj
 .text.cyw43_write_iovar_u32_u32
                0x0000000010008640       0x74 CMakeFiles/heartrate.dir/home/tina25n/pico/pico-sdk/lib/cyw43-driver/src/cyw43_ll.c.obj
 .text.cyw43_ll_wifi_get_mac
                0x00000000100086b4       0x48 CMakeFiles/heartrate.dir/home/tina25n/pico/pico-sdk/lib/cyw43-driver/src/cyw43_ll.c.obj
                0x00000000100086b4                cyw43_ll_wifi_get_mac
 .text.cyw43_ll_bus_init
                0x00000000100086fc      0x360 CMakeFiles/heartrate.dir/home/tina25n/pico/pico-sdk/lib/cyw43-driver/src/cyw43_ll.c.obj
                0x00000000100086fc                cyw43_ll_bus_init
 .text.cyw43_ll_wifi_set_wpa_auth
                0x0000000010008a5c        0xe CMakeFiles/heartrate.dir/home/tina25n/pico/pico-sdk/lib/cyw43-driver/src/cyw43_ll.c.obj
                0x0000000010008a5c                cyw43_ll_wifi_set_wpa_auth
 *fill*         0x0000000010008a6a        0x2 
 .text.cyw43_ll_wifi_rejoin
                0x0000000010008a6c       0x20 CMakeFiles/heartrate.dir/home/tina25n/pico/pico-sdk/lib/cyw43-driver/src/cyw43_ll.c.obj
                0x0000000010008a6c                cyw43_ll_wifi_rejoin
 .text.cyw43_ll_gpio_set
                0x0000000010008a8c       0x30 CMakeFiles/heartrate.dir/home/tina25n/pico/pico-sdk/lib/cyw43-driver/src/cyw43_ll.c.obj
                0x0000000010008a8c                cyw43_ll_gpio_set
 .text.cyw43_ll_has_work
                0x0000000010008abc       0x12 CMakeFiles/heartrate.dir/home/tina25n/pico/pico-sdk/lib/cyw43-driver/src/cyw43_ll.c.obj
                0x0000000010008abc                cyw43_ll_has_work
 *fill*         0x0000000010008ace        0x2 
 .text.cyw43_poll_func
                0x0000000010008ad0       0xb0 CMakeFiles/heartrate.dir/home/tina25n/pico/pico-sdk/lib/cyw43-driver/src/cyw43_ctrl.c.obj
 .text.cyw43_dump_async_event
                0x0000000010008b80       0x8c CMakeFiles/heartrate.dir/home/tina25n/pico/pico-sdk/lib/cyw43-driver/src/cyw43_ctrl.c.obj
 .text.cyw43_ensure_up
                0x0000000010008c0c       0xec CMakeFiles/heartrate.dir/home/tina25n/pico/pico-sdk/lib/cyw43-driver/src/cyw43_ctrl.c.obj
 .text.cyw43_init
                0x0000000010008cf8       0x8c CMakeFiles/heartrate.dir/home/tina25n/pico/pico-sdk/lib/cyw43-driver/src/cyw43_ctrl.c.obj
                0x0000000010008cf8                cyw43_init
 .text.cyw43_deinit
                0x0000000010008d84       0x3c CMakeFiles/heartrate.dir/home/tina25n/pico/pico-sdk/lib/cyw43-driver/src/cyw43_ctrl.c.obj
                0x0000000010008d84                cyw43_deinit
 .text.cyw43_cb_read_host_interrupt_pin
                0x0000000010008dc0        0xe CMakeFiles/heartrate.dir/home/tina25n/pico/pico-sdk/lib/cyw43-driver/src/cyw43_ctrl.c.obj
                0x0000000010008dc0                cyw43_cb_read_host_interrupt_pin
 *fill*         0x0000000010008dce        0x2 
 .text.cyw43_cb_ensure_awake
                0x0000000010008dd0        0xc CMakeFiles/heartrate.dir/home/tina25n/pico/pico-sdk/lib/cyw43-driver/src/cyw43_ctrl.c.obj
                0x0000000010008dd0                cyw43_cb_ensure_awake
 .text.cyw43_cb_process_async_event
                0x0000000010008ddc      0x1b8 CMakeFiles/heartrate.dir/home/tina25n/pico/pico-sdk/lib/cyw43-driver/src/cyw43_ctrl.c.obj
                0x0000000010008ddc                cyw43_cb_process_async_event
 .text.cyw43_gpio_set
                0x0000000010008f94       0x30 CMakeFiles/heartrate.dir/home/tina25n/pico/pico-sdk/lib/cyw43-driver/src/cyw43_ctrl.c.obj
                0x0000000010008f94                cyw43_gpio_set
 .text._pio_can_add_program_at_offset
                0x0000000010008fc4       0x3c CMakeFiles/heartrate.dir/home/tina25n/pico/pico-sdk/src/rp2_common/hardware_pio/pio.c.obj
 .text._pio_find_offset_for_program
                0x0000000010009000       0x7c CMakeFiles/heartrate.dir/home/tina25n/pico/pico-sdk/src/rp2_common/hardware_pio/pio.c.obj
 .text._pio_add_program_at_offset
                0x000000001000907c       0x78 CMakeFiles/heartrate.dir/home/tina25n/pico/pico-sdk/src/rp2_common/hardware_pio/pio.c.obj
 .text.pio_sm_unclaim
                0x00000000100090f4       0x20 CMakeFiles/heartrate.dir/home/tina25n/pico/pico-sdk/src/rp2_common/hardware_pio/pio.c.obj
                0x00000000100090f4                pio_sm_unclaim
 .text.pio_claim_unused_sm
                0x0000000010009114       0x3c CMakeFiles/heartrate.dir/home/tina25n/pico/pico-sdk/src/rp2_common/hardware_pio/pio.c.obj
                0x0000000010009114                pio_claim_unused_sm
 .text.pio_can_add_program
                0x0000000010009150       0x26 CMakeFiles/heartrate.dir/home/tina25n/pico/pico-sdk/src/rp2_common/hardware_pio/pio.c.obj
                0x0000000010009150                pio_can_add_program
 *fill*         0x0000000010009176        0x2 
 .text.pio_add_program
                0x0000000010009178       0x38 CMakeFiles/heartrate.dir/home/tina25n/pico/pico-sdk/src/rp2_common/hardware_pio/pio.c.obj
                0x0000000010009178                pio_add_program
 .text.pio_remove_program
                0x00000000100091b0       0x58 CMakeFiles/heartrate.dir/home/tina25n/pico/pico-sdk/src/rp2_common/hardware_pio/pio.c.obj
                0x00000000100091b0                pio_remove_program
 .text.pio_sm_set_pindirs_with_mask
                0x0000000010009208       0x9c CMakeFiles/heartrate.dir/home/tina25n/pico/pico-sdk/src/rp2_common/hardware_pio/pio.c.obj
                0x0000000010009208                pio_sm_set_pindirs_with_mask
 .text.pio_sm_set_consecutive_pindirs
                0x00000000100092a4       0xa4 CMakeFiles/heartrate.dir/home/tina25n/pico/pico-sdk/src/rp2_common/hardware_pio/pio.c.obj
                0x00000000100092a4                pio_sm_set_consecutive_pindirs
 .text.dma_channel_unclaim
                0x0000000010009348       0x10 CMakeFiles/heartrate.dir/home/tina25n/pico/pico-sdk/src/rp2_common/hardware_dma/dma.c.obj
                0x0000000010009348                dma_channel_unclaim
 .text.dma_claim_unused_channel
                0x0000000010009358       0x20 CMakeFiles/heartrate.dir/home/tina25n/pico/pico-sdk/src/rp2_common/hardware_dma/dma.c.obj
                0x0000000010009358                dma_claim_unused_channel
 .text.dma_channel_cleanup
                0x0000000010009378       0x5c CMakeFiles/heartrate.dir/home/tina25n/pico/pico-sdk/src/rp2_common/hardware_dma/dma.c.obj
                0x0000000010009378                dma_channel_cleanup
 .text.cyw43_sleep_timeout_reached
                0x00000000100093d4       0x50 CMakeFiles/heartrate.dir/home/tina25n/pico/pico-sdk/src/rp2_common/pico_cyw43_driver/cyw43_driver.c.obj
 .text.cyw43_set_irq_enabled
                0x0000000010009424        0xe CMakeFiles/heartrate.dir/home/tina25n/pico/pico-sdk/src/rp2_common/pico_cyw43_driver/cyw43_driver.c.obj
 *fill*         0x0000000010009432        0x2 
 .text.cyw43_irq_init
                0x0000000010009434       0x50 CMakeFiles/heartrate.dir/home/tina25n/pico/pico-sdk/src/rp2_common/pico_cyw43_driver/cyw43_driver.c.obj
                0x0000000010009434                cyw43_irq_init
 .text.cyw43_gpio_irq_handler
                0x0000000010009484       0x40 CMakeFiles/heartrate.dir/home/tina25n/pico/pico-sdk/src/rp2_common/pico_cyw43_driver/cyw43_driver.c.obj
 .text.cyw43_irq_deinit
                0x00000000100094c4       0x48 CMakeFiles/heartrate.dir/home/tina25n/pico/pico-sdk/src/rp2_common/pico_cyw43_driver/cyw43_driver.c.obj
                0x00000000100094c4                cyw43_irq_deinit
 .text.no_lwip_fail
                0x000000001000950c        0xc CMakeFiles/heartrate.dir/home/tina25n/pico/pico-sdk/src/rp2_common/pico_cyw43_driver/cyw43_driver.c.obj
 .text.cyw43_do_poll
                0x0000000010009518       0xc8 CMakeFiles/heartrate.dir/home/tina25n/pico/pico-sdk/src/rp2_common/pico_cyw43_driver/cyw43_driver.c.obj
 .text.cyw43_post_poll_hook
                0x00000000100095e0       0x38 CMakeFiles/heartrate.dir/home/tina25n/pico/pico-sdk/src/rp2_common/pico_cyw43_driver/cyw43_driver.c.obj
                0x00000000100095e0                cyw43_post_poll_hook
 .text.cyw43_schedule_internal_poll_dispatch
                0x0000000010009618       0x3c CMakeFiles/heartrate.dir/home/tina25n/pico/pico-sdk/src/rp2_common/pico_cyw43_driver/cyw43_driver.c.obj
                0x0000000010009618                cyw43_schedule_internal_poll_dispatch
 .text.cyw43_driver_init
                0x0000000010009654       0x38 CMakeFiles/heartrate.dir/home/tina25n/pico/pico-sdk/src/rp2_common/pico_cyw43_driver/cyw43_driver.c.obj
                0x0000000010009654                cyw43_driver_init
 .text.cyw43_driver_deinit
                0x000000001000968c       0x64 CMakeFiles/heartrate.dir/home/tina25n/pico/pico-sdk/src/rp2_common/pico_cyw43_driver/cyw43_driver.c.obj
                0x000000001000968c                cyw43_driver_deinit
 .text.storage_read_blocks
                0x00000000100096f0        0x6 CMakeFiles/heartrate.dir/home/tina25n/pico/pico-sdk/src/rp2_common/pico_cyw43_driver/cyw43_driver.c.obj
                0x00000000100096f0                storage_read_blocks
 *fill*         0x00000000100096f6        0x2 
 .text.cyw43_hal_generate_laa_mac
                0x00000000100096f8       0x34 CMakeFiles/heartrate.dir/home/tina25n/pico/pico-sdk/src/rp2_common/pico_cyw43_driver/cyw43_driver.c.obj
                0x00000000100096f8                cyw43_hal_generate_laa_mac
 .text.cyw43_thread_enter
                0x000000001000972c       0x14 CMakeFiles/heartrate.dir/home/tina25n/pico/pico-sdk/src/rp2_common/pico_cyw43_driver/cyw43_driver.c.obj
                0x000000001000972c                cyw43_thread_enter
 .text.cyw43_thread_exit
                0x0000000010009740       0x14 CMakeFiles/heartrate.dir/home/tina25n/pico/pico-sdk/src/rp2_common/pico_cyw43_driver/cyw43_driver.c.obj
                0x0000000010009740                cyw43_thread_exit
 .text.cyw43_thread_lock_check
                0x0000000010009754       0x14 CMakeFiles/heartrate.dir/home/tina25n/pico/pico-sdk/src/rp2_common/pico_cyw43_driver/cyw43_driver.c.obj
                0x0000000010009754                cyw43_thread_lock_check
 .text.cyw43_await_background_or_timeout_us
                0x0000000010009768       0x60 CMakeFiles/heartrate.dir/home/tina25n/pico/pico-sdk/src/rp2_common/pico_cyw43_driver/cyw43_driver.c.obj
                0x0000000010009768                cyw43_await_background_or_timeout_us
 .text.cyw43_delay_ms
                0x00000000100097c8       0x70 CMakeFiles/heartrate.dir/home/tina25n/pico/pico-sdk/src/rp2_common/pico_cyw43_driver/cyw43_driver.c.obj
                0x00000000100097c8                cyw43_delay_ms
 .text.cyw43_cb_tcpip_deinit
                0x0000000010009838        0x2 CMakeFiles/heartrate.dir/home/tina25n/pico/pico-sdk/src/rp2_common/pico_cyw43_driver/cyw43_driver.c.obj
                0x0000000010009838                cyw43_cb_tcpip_deinit
 .text.cyw43_cb_tcpip_set_link_up
                0x000000001000983a        0x6 CMakeFiles/heartrate.dir/home/tina25n/pico/pico-sdk/src/rp2_common/pico_cyw43_driver/cyw43_driver.c.obj
                0x000000001000983a                cyw43_cb_tcpip_set_link_up
 .text.cyw43_cb_tcpip_set_link_down
                0x0000000010009840        0x6 CMakeFiles/heartrate.dir/home/tina25n/pico/pico-sdk/src/rp2_common/pico_cyw43_driver/cyw43_driver.c.obj
                0x0000000010009840                cyw43_cb_tcpip_set_link_down
 .text.cyw43_cb_process_ethernet
                0x0000000010009846        0x6 CMakeFiles/heartrate.dir/home/tina25n/pico/pico-sdk/src/rp2_common/pico_cyw43_driver/cyw43_driver.c.obj
                0x0000000010009846                cyw43_cb_process_ethernet
 .text.async_context_threadsafe_background_acquire_lock_blocking
                0x000000001000984c        0xa CMakeFiles/heartrate.dir/home/tina25n/pico/pico-sdk/src/rp2_common/pico_async_context/async_context_threadsafe_background.c.obj
 .text.async_context_threadsafe_background_wake_up
                0x0000000010009856       0x16 CMakeFiles/heartrate.dir/home/tina25n/pico/pico-sdk/src/rp2_common/pico_async_context/async_context_threadsafe_background.c.obj
 .text.alarm_handler
                0x000000001000986c       0x14 CMakeFiles/heartrate.dir/home/tina25n/pico/pico-sdk/src/rp2_common/pico_async_context/async_context_threadsafe_background.c.obj
 .text.async_context_threadsafe_background_set_work_pending
                0x0000000010009880        0xc CMakeFiles/heartrate.dir/home/tina25n/pico/pico-sdk/src/rp2_common/pico_async_context/async_context_threadsafe_background.c.obj
 .text.async_context_threadsafe_background_lock_check
                0x000000001000988c       0x2c CMakeFiles/heartrate.dir/home/tina25n/pico/pico-sdk/src/rp2_common/pico_async_context/async_context_threadsafe_background.c.obj
 .text.process_under_lock
                0x00000000100098b8       0xfc CMakeFiles/heartrate.dir/home/tina25n/pico/pico-sdk/src/rp2_common/pico_async_context/async_context_threadsafe_background.c.obj
 .text.lock_release
                0x00000000100099b4       0x1e CMakeFiles/heartrate.dir/home/tina25n/pico/pico-sdk/src/rp2_common/pico_async_context/async_context_threadsafe_background.c.obj
 .text.async_context_threadsafe_background_execute_sync
                0x00000000100099d2       0x1e CMakeFiles/heartrate.dir/home/tina25n/pico/pico-sdk/src/rp2_common/pico_async_context/async_context_threadsafe_background.c.obj
                0x00000000100099d2                async_context_threadsafe_background_execute_sync
 .text.async_context_threadsafe_background_release_lock
                0x00000000100099f0        0x8 CMakeFiles/heartrate.dir/home/tina25n/pico/pico-sdk/src/rp2_common/pico_async_context/async_context_threadsafe_background.c.obj
 .text.low_prio_irq_deinit
                0x00000000100099f8       0x50 CMakeFiles/heartrate.dir/home/tina25n/pico/pico-sdk/src/rp2_common/pico_async_context/async_context_threadsafe_background.c.obj
 .text.async_context_threadsafe_background_deinit
                0x0000000010009a48       0x58 CMakeFiles/heartrate.dir/home/tina25n/pico/pico-sdk/src/rp2_common/pico_async_context/async_context_threadsafe_background.c.obj
 .text.low_priority_irq_handler
                0x0000000010009aa0       0x78 CMakeFiles/heartrate.dir/home/tina25n/pico/pico-sdk/src/rp2_common/pico_async_context/async_context_threadsafe_background.c.obj
 .text.async_context_threadsafe_background_wait_for_work_until
                0x0000000010009b18        0xa CMakeFiles/heartrate.dir/home/tina25n/pico/pico-sdk/src/rp2_common/pico_async_context/async_context_threadsafe_background.c.obj
 .text.async_context_threadsafe_background_wait_until
                0x0000000010009b22       0x1a CMakeFiles/heartrate.dir/home/tina25n/pico/pico-sdk/src/rp2_common/pico_async_context/async_context_threadsafe_background.c.obj
 .text.async_context_threadsafe_background_when_pending_worker
                0x0000000010009b3c       0x20 CMakeFiles/heartrate.dir/home/tina25n/pico/pico-sdk/src/rp2_common/pico_async_context/async_context_threadsafe_background.c.obj
 .text.async_context_threadsafe_background_add_when_pending_worker
                0x0000000010009b5c       0x20 CMakeFiles/heartrate.dir/home/tina25n/pico/pico-sdk/src/rp2_common/pico_async_context/async_context_threadsafe_background.c.obj
 .text.async_context_threadsafe_background_remove_at_time_worker
                0x0000000010009b7c       0x20 CMakeFiles/heartrate.dir/home/tina25n/pico/pico-sdk/src/rp2_common/pico_async_context/async_context_threadsafe_background.c.obj
 .text.async_context_threadsafe_background_add_at_time_worker
                0x0000000010009b9c       0x20 CMakeFiles/heartrate.dir/home/tina25n/pico/pico-sdk/src/rp2_common/pico_async_context/async_context_threadsafe_background.c.obj
 .text.low_prio_irq_init
                0x0000000010009bbc       0x80 CMakeFiles/heartrate.dir/home/tina25n/pico/pico-sdk/src/rp2_common/pico_async_context/async_context_threadsafe_background.c.obj
 .text.async_context_threadsafe_background_default_config
                0x0000000010009c3c        0xa CMakeFiles/heartrate.dir/home/tina25n/pico/pico-sdk/src/rp2_common/pico_async_context/async_context_threadsafe_background.c.obj
                0x0000000010009c3c                async_context_threadsafe_background_default_config
 *fill*         0x0000000010009c46        0x2 
 .text.async_context_threadsafe_background_init
                0x0000000010009c48       0x74 CMakeFiles/heartrate.dir/home/tina25n/pico/pico-sdk/src/rp2_common/pico_async_context/async_context_threadsafe_background.c.obj
                0x0000000010009c48                async_context_threadsafe_background_init
 .text.async_context_base_add_at_time_worker
                0x0000000010009cbc       0x1c CMakeFiles/heartrate.dir/home/tina25n/pico/pico-sdk/src/rp2_common/pico_async_context/async_context_base.c.obj
                0x0000000010009cbc                async_context_base_add_at_time_worker
 .text.async_context_base_remove_at_time_worker
                0x0000000010009cd8       0x1c CMakeFiles/heartrate.dir/home/tina25n/pico/pico-sdk/src/rp2_common/pico_async_context/async_context_base.c.obj
                0x0000000010009cd8                async_context_base_remove_at_time_worker
 .text.async_context_base_add_when_pending_worker
                0x0000000010009cf4       0x1c CMakeFiles/heartrate.dir/home/tina25n/pico/pico-sdk/src/rp2_common/pico_async_context/async_context_base.c.obj
                0x0000000010009cf4                async_context_base_add_when_pending_worker
 .text.async_context_base_remove_when_pending_worker
                0x0000000010009d10       0x1c CMakeFiles/heartrate.dir/home/tina25n/pico/pico-sdk/src/rp2_common/pico_async_context/async_context_base.c.obj
                0x0000000010009d10                async_context_base_remove_when_pending_worker
 .text.async_context_base_remove_ready_at_time_worker
                0x0000000010009d2c       0x94 CMakeFiles/heartrate.dir/home/tina25n/pico/pico-sdk/src/rp2_common/pico_async_context/async_context_base.c.obj
                0x0000000010009d2c                async_context_base_remove_ready_at_time_worker
 .text.async_context_base_refresh_next_timeout
                0x0000000010009dc0       0x4c CMakeFiles/heartrate.dir/home/tina25n/pico/pico-sdk/src/rp2_common/pico_async_context/async_context_base.c.obj
                0x0000000010009dc0                async_context_base_refresh_next_timeout
 .text.async_context_base_execute_once
                0x0000000010009e0c       0x48 CMakeFiles/heartrate.dir/home/tina25n/pico/pico-sdk/src/rp2_common/pico_async_context/async_context_base.c.obj
                0x0000000010009e0c                async_context_base_execute_once
 .text          0x0000000010009e54       0x48 /usr/lib/gcc/arm-none-eabi/10.3.1/../../../arm-none-eabi/lib/thumb/v6-m/nofp/libg.a(lib_a-memcmp.o)
                0x0000000010009e54                memcmp
 .text          0x0000000010009e9c       0xac /usr/lib/gcc/arm-none-eabi/10.3.1/../../../arm-none-eabi/lib/thumb/v6-m/nofp/libg.a(lib_a-memmove.o)
                0x0000000010009e9c                memmove
 .text          0x0000000010009f48       0x5c /usr/lib/gcc/arm-none-eabi/10.3.1/../../../arm-none-eabi/lib/thumb/v6-m/nofp/libg.a(lib_a-strlen-stub.o)
                0x0000000010009f48                strlen
 .text          0x0000000010009fa4       0x74 /usr/lib/gcc/arm-none-eabi/10.3.1/../../../arm-none-eabi/lib/thumb/v6-m/nofp/libg.a(lib_a-strncmp.o)
                0x0000000010009fa4                strncmp
 *(.fini)
 .fini          0x000000001000a018        0x4 /usr/lib/gcc/arm-none-eabi/10.3.1/thumb/v6-m/nofp/crti.o
                0x000000001000a018                _fini
 *fill*         0x000000001000a01c        0x4 
 .fini.__stub   0x000000001000a020      0x130 linker stubs
 *crtbegin.o(.ctors)
 *crtbegin?.o(.ctors)
 *(EXCLUDE_FILE(*crtend.o *crtend?.o) .ctors)
 *(SORT_BY_NAME(.ctors.*))
 *(.ctors)
 *crtbegin.o(.dtors)
 *crtbegin?.o(.dtors)
 *(EXCLUDE_FILE(*crtend.o *crtend?.o) .dtors)
 *(SORT_BY_NAME(.dtors.*))
 *(.dtors)
 *(.eh_frame*)
 .eh_frame      0x000000001000a150        0x0 /usr/lib/gcc/arm-none-eabi/10.3.1/thumb/v6-m/nofp/crtbegin.o
                0x000000001000a150                . = ALIGN (0x4)

.glue_7         0x000000001000a150        0x0
 .glue_7        0x000000001000a150        0x0 linker stubs

.glue_7t        0x000000001000a150        0x0
 .glue_7t       0x000000001000a150        0x0 linker stubs

.vfp11_veneer   0x000000001000a150        0x0
 .vfp11_veneer  0x000000001000a150        0x0 linker stubs

.v4_bx          0x000000001000a150        0x0
 .v4_bx         0x000000001000a150        0x0 linker stubs

.iplt           0x000000001000a150        0x0
 .iplt          0x000000001000a150        0x0 /usr/lib/gcc/arm-none-eabi/10.3.1/thumb/v6-m/nofp/crtbegin.o

.rodata         0x000000001000a150    0x39cb4
 *(EXCLUDE_FILE(*libm.a: *libc.a:*lib_a-mem*.o *libgcc.a:) .rodata*)
 .rodata.main.str1.4
                0x000000001000a150       0x21 CMakeFiles/heartrate.dir/heartrate.c.obj
 *fill*         0x000000001000a171        0x3 
 .rodata.gpio_add_raw_irq_handler_with_order_priority_masked.str1.4
                0x000000001000a174       0x6c CMakeFiles/heartrate.dir/home/tina25n/pico/pico-sdk/src/rp2_common/hardware_gpio/gpio.c.obj
 .rodata.gpio_remove_raw_irq_handler_masked.str1.4
                0x000000001000a1e0       0x29 CMakeFiles/heartrate.dir/home/tina25n/pico/pico-sdk/src/rp2_common/hardware_gpio/gpio.c.obj
 *fill*         0x000000001000a209        0x3 
 .rodata.__func__.0
                0x000000001000a20c       0x23 CMakeFiles/heartrate.dir/home/tina25n/pico/pico-sdk/src/rp2_common/hardware_gpio/gpio.c.obj
 *fill*         0x000000001000a22f        0x1 
 .rodata.__func__.1
                0x000000001000a230       0x34 CMakeFiles/heartrate.dir/home/tina25n/pico/pico-sdk/src/rp2_common/hardware_gpio/gpio.c.obj
 .rodata.hw_claim_clear.str1.4
                0x000000001000a264       0x62 CMakeFiles/heartrate.dir/home/tina25n/pico/pico-sdk/src/rp2_common/hardware_claim/claim.c.obj
 *fill*         0x000000001000a2c6        0x2 
 .rodata.__func__.0
                0x000000001000a2c8        0xf CMakeFiles/heartrate.dir/home/tina25n/pico/pico-sdk/src/rp2_common/hardware_claim/claim.c.obj
 *fill*         0x000000001000a2d7        0x1 
 .rodata.spin_lock_claim_unused.str1.4
                0x000000001000a2d8       0x1b CMakeFiles/heartrate.dir/home/tina25n/pico/pico-sdk/src/rp2_common/hardware_sync/sync.c.obj
 *fill*         0x000000001000a2f3        0x1 
 .rodata.make_branch.str1.4
                0x000000001000a2f4       0x6e CMakeFiles/heartrate.dir/home/tina25n/pico/pico-sdk/src/rp2_common/hardware_irq/irq.c.obj
 *fill*         0x000000001000a362        0x2 
 .rodata.insert_branch_and_link.str1.4
                0x000000001000a364       0x10 CMakeFiles/heartrate.dir/home/tina25n/pico/pico-sdk/src/rp2_common/hardware_irq/irq.c.obj
 .rodata.irq_set_exclusive_handler.str1.4
                0x000000001000a374       0x36 CMakeFiles/heartrate.dir/home/tina25n/pico/pico-sdk/src/rp2_common/hardware_irq/irq.c.obj
 *fill*         0x000000001000a3aa        0x2 